Archive member included to satisfy reference by file (symbol)

c:/program files (x86)/embitz/2.30/share/armgcc/bin/../lib/gcc/arm-none-eabi/9.3.1/thumb/v6-m/nofp\libgcc.a(_udivsi3.o)
                              obj\debug\src\system_stm32g0xx.o (__aeabi_uidiv)
c:/program files (x86)/embitz/2.30/share/armgcc/bin/../lib/gcc/arm-none-eabi/9.3.1/thumb/v6-m/nofp\libgcc.a(_divsi3.o)
                              obj\debug\src\lmx2491.o (__aeabi_idiv)
c:/program files (x86)/embitz/2.30/share/armgcc/bin/../lib/gcc/arm-none-eabi/9.3.1/thumb/v6-m/nofp\libgcc.a(_dvmd_tls.o)
                              c:/program files (x86)/embitz/2.30/share/armgcc/bin/../lib/gcc/arm-none-eabi/9.3.1/thumb/v6-m/nofp\libgcc.a(_udivsi3.o) (__aeabi_idiv0)
c:/program files (x86)/embitz/2.30/share/armgcc/bin/../lib/gcc/arm-none-eabi/9.3.1/thumb/v6-m/nofp\libgcc.a(_aeabi_ldivmod.o)
                              obj\debug\src\lmx2491.o (__aeabi_ldivmod)
c:/program files (x86)/embitz/2.30/share/armgcc/bin/../lib/gcc/arm-none-eabi/9.3.1/thumb/v6-m/nofp\libgcc.a(_muldi3.o)
                              obj\debug\src\lmx2491.o (__aeabi_lmul)
c:/program files (x86)/embitz/2.30/share/armgcc/bin/../lib/gcc/arm-none-eabi/9.3.1/thumb/v6-m/nofp\libgcc.a(bpabi.o)
                              c:/program files (x86)/embitz/2.30/share/armgcc/bin/../lib/gcc/arm-none-eabi/9.3.1/thumb/v6-m/nofp\libgcc.a(_aeabi_ldivmod.o) (__gnu_ldivmod_helper)
c:/program files (x86)/embitz/2.30/share/armgcc/bin/../lib/gcc/arm-none-eabi/9.3.1/thumb/v6-m/nofp\libgcc.a(_divdi3.o)
                              c:/program files (x86)/embitz/2.30/share/armgcc/bin/../lib/gcc/arm-none-eabi/9.3.1/thumb/v6-m/nofp\libgcc.a(bpabi.o) (__divdi3)
c:/program files (x86)/embitz/2.30/share/armgcc/bin/../lib/gcc/arm-none-eabi/9.3.1/thumb/v6-m/nofp\libgcc.a(_clzdi2.o)
                              c:/program files (x86)/embitz/2.30/share/armgcc/bin/../lib/gcc/arm-none-eabi/9.3.1/thumb/v6-m/nofp\libgcc.a(_divdi3.o) (__clzdi2)
c:/program files (x86)/embitz/2.30/share/armgcc/bin/../lib/gcc/arm-none-eabi/9.3.1/thumb/v6-m/nofp\libgcc.a(_clzsi2.o)
                              c:/program files (x86)/embitz/2.30/share/armgcc/bin/../lib/gcc/arm-none-eabi/9.3.1/thumb/v6-m/nofp\libgcc.a(_clzdi2.o) (__clzsi2)
c:/program files (x86)/embitz/2.30/share/armgcc/bin/../lib/gcc/arm-none-eabi/9.3.1/../../../../arm-none-eabi/lib/thumb/v6-m/nofp\libg_nano.a(lib_a-exit.o)
                              c:/program files (x86)/embitz/2.30/share/armgcc/bin/../lib/gcc/arm-none-eabi/9.3.1/../../../../arm-none-eabi/lib/thumb/v6-m/nofp/crt0.o (exit)
c:/program files (x86)/embitz/2.30/share/armgcc/bin/../lib/gcc/arm-none-eabi/9.3.1/../../../../arm-none-eabi/lib/thumb/v6-m/nofp\libg_nano.a(lib_a-impure.o)
                              c:/program files (x86)/embitz/2.30/share/armgcc/bin/../lib/gcc/arm-none-eabi/9.3.1/../../../../arm-none-eabi/lib/thumb/v6-m/nofp\libg_nano.a(lib_a-exit.o) (_global_impure_ptr)
c:/program files (x86)/embitz/2.30/share/armgcc/bin/../lib/gcc/arm-none-eabi/9.3.1/../../../../arm-none-eabi/lib/thumb/v6-m/nofp\libg_nano.a(lib_a-init.o)
                              c:/program files (x86)/embitz/2.30/share/armgcc/bin/../lib/gcc/arm-none-eabi/9.3.1/../../../../arm-none-eabi/lib/thumb/v6-m/nofp/crt0.o (__libc_init_array)
c:/program files (x86)/embitz/2.30/share/armgcc/bin/../lib/gcc/arm-none-eabi/9.3.1/../../../../arm-none-eabi/lib/thumb/v6-m/nofp\libg_nano.a(lib_a-memset.o)
                              c:/program files (x86)/embitz/2.30/share/armgcc/bin/../lib/gcc/arm-none-eabi/9.3.1/../../../../arm-none-eabi/lib/thumb/v6-m/nofp/crt0.o (memset)
c:/program files (x86)/embitz/2.30/share/armgcc/bin/../lib/gcc/arm-none-eabi/9.3.1/../../../../arm-none-eabi/lib/thumb/v6-m/nofp\libnosys.a(_exit.o)
                              c:/program files (x86)/embitz/2.30/share/armgcc/bin/../lib/gcc/arm-none-eabi/9.3.1/../../../../arm-none-eabi/lib/thumb/v6-m/nofp\libg_nano.a(lib_a-exit.o) (_exit)

Allocating common symbols
Common symbol       size              file

buffer              0x28              obj\debug\src\main.o
decode_command      0x4               obj\debug\src\main.o
buff_index          0x4               obj\debug\src\main.o

Discarded input sections

 .text          0x00000000        0x0 c:/program files (x86)/embitz/2.30/share/armgcc/bin/../lib/gcc/arm-none-eabi/9.3.1/thumb/v6-m/nofp/crti.o
 .data          0x00000000        0x0 c:/program files (x86)/embitz/2.30/share/armgcc/bin/../lib/gcc/arm-none-eabi/9.3.1/thumb/v6-m/nofp/crti.o
 .bss           0x00000000        0x0 c:/program files (x86)/embitz/2.30/share/armgcc/bin/../lib/gcc/arm-none-eabi/9.3.1/thumb/v6-m/nofp/crti.o
 .data          0x00000000        0x4 c:/program files (x86)/embitz/2.30/share/armgcc/bin/../lib/gcc/arm-none-eabi/9.3.1/thumb/v6-m/nofp/crtbegin.o
 .text          0x00000000       0x80 c:/program files (x86)/embitz/2.30/share/armgcc/bin/../lib/gcc/arm-none-eabi/9.3.1/../../../../arm-none-eabi/lib/thumb/v6-m/nofp/crt0.o
 .data          0x00000000        0x0 c:/program files (x86)/embitz/2.30/share/armgcc/bin/../lib/gcc/arm-none-eabi/9.3.1/../../../../arm-none-eabi/lib/thumb/v6-m/nofp/crt0.o
 .bss           0x00000000        0x0 c:/program files (x86)/embitz/2.30/share/armgcc/bin/../lib/gcc/arm-none-eabi/9.3.1/../../../../arm-none-eabi/lib/thumb/v6-m/nofp/crt0.o
 .ARM.extab     0x00000000        0x0 c:/program files (x86)/embitz/2.30/share/armgcc/bin/../lib/gcc/arm-none-eabi/9.3.1/../../../../arm-none-eabi/lib/thumb/v6-m/nofp/crt0.o
 .ARM.exidx     0x00000000       0x10 c:/program files (x86)/embitz/2.30/share/armgcc/bin/../lib/gcc/arm-none-eabi/9.3.1/../../../../arm-none-eabi/lib/thumb/v6-m/nofp/crt0.o
 .ARM.attributes
                0x00000000       0x1b c:/program files (x86)/embitz/2.30/share/armgcc/bin/../lib/gcc/arm-none-eabi/9.3.1/../../../../arm-none-eabi/lib/thumb/v6-m/nofp/crt0.o
 .text          0x00000000        0x0 obj\debug\src\lmx2491.o
 .data          0x00000000        0x0 obj\debug\src\lmx2491.o
 .bss           0x00000000        0x0 obj\debug\src\lmx2491.o
 .text.startup_LMX2491
                0x00000000       0xda obj\debug\src\lmx2491.o
 .text          0x00000000        0x0 obj\debug\src\main.o
 .data          0x00000000        0x0 obj\debug\src\main.o
 .bss           0x00000000        0x0 obj\debug\src\main.o
 .text          0x00000000       0x14 obj\debug\src\startup_stm32g0b0xx.o
 .data          0x00000000        0x0 obj\debug\src\startup_stm32g0b0xx.o
 .bss           0x00000000        0x0 obj\debug\src\startup_stm32g0b0xx.o
 .text          0x00000000        0x0 obj\debug\src\system_stm32g0xx.o
 .data          0x00000000        0x0 obj\debug\src\system_stm32g0xx.o
 .bss           0x00000000        0x0 obj\debug\src\system_stm32g0xx.o
 .data.SystemCoreClock
                0x00000000        0x4 obj\debug\src\system_stm32g0xx.o
 .rodata.AHBPrescTable
                0x00000000       0x40 obj\debug\src\system_stm32g0xx.o
 .rodata.APBPrescTable
                0x00000000       0x20 obj\debug\src\system_stm32g0xx.o
 .text.SystemCoreClockUpdate
                0x00000000      0x108 obj\debug\src\system_stm32g0xx.o
 .text          0x00000000        0x0 obj\debug\src\usart.o
 .data          0x00000000        0x0 obj\debug\src\usart.o
 .bss           0x00000000        0x0 obj\debug\src\usart.o
 .text.usart_send_byte
                0x00000000       0x30 obj\debug\src\usart.o
 .text.int_to_dec_string
                0x00000000       0x9c obj\debug\src\usart.o
 .text.itoa     0x00000000       0xb0 obj\debug\src\usart.o
 .text.int_to_int_string
                0x00000000       0xa0 obj\debug\src\usart.o
 .text          0x00000000        0x0 obj\debug\src\delay.o
 .data          0x00000000        0x0 obj\debug\src\delay.o
 .bss           0x00000000        0x0 obj\debug\src\delay.o
 .text          0x00000000      0x114 c:/program files (x86)/embitz/2.30/share/armgcc/bin/../lib/gcc/arm-none-eabi/9.3.1/thumb/v6-m/nofp\libgcc.a(_udivsi3.o)
 .data          0x00000000        0x0 c:/program files (x86)/embitz/2.30/share/armgcc/bin/../lib/gcc/arm-none-eabi/9.3.1/thumb/v6-m/nofp\libgcc.a(_udivsi3.o)
 .bss           0x00000000        0x0 c:/program files (x86)/embitz/2.30/share/armgcc/bin/../lib/gcc/arm-none-eabi/9.3.1/thumb/v6-m/nofp\libgcc.a(_udivsi3.o)
 .debug_frame   0x00000000       0x20 c:/program files (x86)/embitz/2.30/share/armgcc/bin/../lib/gcc/arm-none-eabi/9.3.1/thumb/v6-m/nofp\libgcc.a(_udivsi3.o)
 .ARM.attributes
                0x00000000       0x1e c:/program files (x86)/embitz/2.30/share/armgcc/bin/../lib/gcc/arm-none-eabi/9.3.1/thumb/v6-m/nofp\libgcc.a(_udivsi3.o)
 .data          0x00000000        0x0 c:/program files (x86)/embitz/2.30/share/armgcc/bin/../lib/gcc/arm-none-eabi/9.3.1/thumb/v6-m/nofp\libgcc.a(_divsi3.o)
 .bss           0x00000000        0x0 c:/program files (x86)/embitz/2.30/share/armgcc/bin/../lib/gcc/arm-none-eabi/9.3.1/thumb/v6-m/nofp\libgcc.a(_divsi3.o)
 .data          0x00000000        0x0 c:/program files (x86)/embitz/2.30/share/armgcc/bin/../lib/gcc/arm-none-eabi/9.3.1/thumb/v6-m/nofp\libgcc.a(_dvmd_tls.o)
 .bss           0x00000000        0x0 c:/program files (x86)/embitz/2.30/share/armgcc/bin/../lib/gcc/arm-none-eabi/9.3.1/thumb/v6-m/nofp\libgcc.a(_dvmd_tls.o)
 .data          0x00000000        0x0 c:/program files (x86)/embitz/2.30/share/armgcc/bin/../lib/gcc/arm-none-eabi/9.3.1/thumb/v6-m/nofp\libgcc.a(_aeabi_ldivmod.o)
 .bss           0x00000000        0x0 c:/program files (x86)/embitz/2.30/share/armgcc/bin/../lib/gcc/arm-none-eabi/9.3.1/thumb/v6-m/nofp\libgcc.a(_aeabi_ldivmod.o)
 .data          0x00000000        0x0 c:/program files (x86)/embitz/2.30/share/armgcc/bin/../lib/gcc/arm-none-eabi/9.3.1/thumb/v6-m/nofp\libgcc.a(_muldi3.o)
 .bss           0x00000000        0x0 c:/program files (x86)/embitz/2.30/share/armgcc/bin/../lib/gcc/arm-none-eabi/9.3.1/thumb/v6-m/nofp\libgcc.a(_muldi3.o)
 .data          0x00000000        0x0 c:/program files (x86)/embitz/2.30/share/armgcc/bin/../lib/gcc/arm-none-eabi/9.3.1/thumb/v6-m/nofp\libgcc.a(bpabi.o)
 .bss           0x00000000        0x0 c:/program files (x86)/embitz/2.30/share/armgcc/bin/../lib/gcc/arm-none-eabi/9.3.1/thumb/v6-m/nofp\libgcc.a(bpabi.o)
 .data          0x00000000        0x0 c:/program files (x86)/embitz/2.30/share/armgcc/bin/../lib/gcc/arm-none-eabi/9.3.1/thumb/v6-m/nofp\libgcc.a(_divdi3.o)
 .bss           0x00000000        0x0 c:/program files (x86)/embitz/2.30/share/armgcc/bin/../lib/gcc/arm-none-eabi/9.3.1/thumb/v6-m/nofp\libgcc.a(_divdi3.o)
 .ARM.extab     0x00000000        0x0 c:/program files (x86)/embitz/2.30/share/armgcc/bin/../lib/gcc/arm-none-eabi/9.3.1/thumb/v6-m/nofp\libgcc.a(_divdi3.o)
 .data          0x00000000        0x0 c:/program files (x86)/embitz/2.30/share/armgcc/bin/../lib/gcc/arm-none-eabi/9.3.1/thumb/v6-m/nofp\libgcc.a(_clzdi2.o)
 .bss           0x00000000        0x0 c:/program files (x86)/embitz/2.30/share/armgcc/bin/../lib/gcc/arm-none-eabi/9.3.1/thumb/v6-m/nofp\libgcc.a(_clzdi2.o)
 .data          0x00000000        0x0 c:/program files (x86)/embitz/2.30/share/armgcc/bin/../lib/gcc/arm-none-eabi/9.3.1/thumb/v6-m/nofp\libgcc.a(_clzsi2.o)
 .bss           0x00000000        0x0 c:/program files (x86)/embitz/2.30/share/armgcc/bin/../lib/gcc/arm-none-eabi/9.3.1/thumb/v6-m/nofp\libgcc.a(_clzsi2.o)
 .text          0x00000000        0x0 c:/program files (x86)/embitz/2.30/share/armgcc/bin/../lib/gcc/arm-none-eabi/9.3.1/../../../../arm-none-eabi/lib/thumb/v6-m/nofp\libg_nano.a(lib_a-exit.o)
 .data          0x00000000        0x0 c:/program files (x86)/embitz/2.30/share/armgcc/bin/../lib/gcc/arm-none-eabi/9.3.1/../../../../arm-none-eabi/lib/thumb/v6-m/nofp\libg_nano.a(lib_a-exit.o)
 .bss           0x00000000        0x0 c:/program files (x86)/embitz/2.30/share/armgcc/bin/../lib/gcc/arm-none-eabi/9.3.1/../../../../arm-none-eabi/lib/thumb/v6-m/nofp\libg_nano.a(lib_a-exit.o)
 .text.exit     0x00000000       0x2c c:/program files (x86)/embitz/2.30/share/armgcc/bin/../lib/gcc/arm-none-eabi/9.3.1/../../../../arm-none-eabi/lib/thumb/v6-m/nofp\libg_nano.a(lib_a-exit.o)
 .debug_frame   0x00000000       0x28 c:/program files (x86)/embitz/2.30/share/armgcc/bin/../lib/gcc/arm-none-eabi/9.3.1/../../../../arm-none-eabi/lib/thumb/v6-m/nofp\libg_nano.a(lib_a-exit.o)
 .ARM.attributes
                0x00000000       0x2c c:/program files (x86)/embitz/2.30/share/armgcc/bin/../lib/gcc/arm-none-eabi/9.3.1/../../../../arm-none-eabi/lib/thumb/v6-m/nofp\libg_nano.a(lib_a-exit.o)
 .text          0x00000000        0x0 c:/program files (x86)/embitz/2.30/share/armgcc/bin/../lib/gcc/arm-none-eabi/9.3.1/../../../../arm-none-eabi/lib/thumb/v6-m/nofp\libg_nano.a(lib_a-impure.o)
 .data          0x00000000        0x0 c:/program files (x86)/embitz/2.30/share/armgcc/bin/../lib/gcc/arm-none-eabi/9.3.1/../../../../arm-none-eabi/lib/thumb/v6-m/nofp\libg_nano.a(lib_a-impure.o)
 .bss           0x00000000        0x0 c:/program files (x86)/embitz/2.30/share/armgcc/bin/../lib/gcc/arm-none-eabi/9.3.1/../../../../arm-none-eabi/lib/thumb/v6-m/nofp\libg_nano.a(lib_a-impure.o)
 .data._impure_ptr
                0x00000000        0x4 c:/program files (x86)/embitz/2.30/share/armgcc/bin/../lib/gcc/arm-none-eabi/9.3.1/../../../../arm-none-eabi/lib/thumb/v6-m/nofp\libg_nano.a(lib_a-impure.o)
 .data.impure_data
                0x00000000       0x60 c:/program files (x86)/embitz/2.30/share/armgcc/bin/../lib/gcc/arm-none-eabi/9.3.1/../../../../arm-none-eabi/lib/thumb/v6-m/nofp\libg_nano.a(lib_a-impure.o)
 .rodata._global_impure_ptr
                0x00000000        0x4 c:/program files (x86)/embitz/2.30/share/armgcc/bin/../lib/gcc/arm-none-eabi/9.3.1/../../../../arm-none-eabi/lib/thumb/v6-m/nofp\libg_nano.a(lib_a-impure.o)
 .ARM.attributes
                0x00000000       0x2c c:/program files (x86)/embitz/2.30/share/armgcc/bin/../lib/gcc/arm-none-eabi/9.3.1/../../../../arm-none-eabi/lib/thumb/v6-m/nofp\libg_nano.a(lib_a-impure.o)
 .text          0x00000000        0x0 c:/program files (x86)/embitz/2.30/share/armgcc/bin/../lib/gcc/arm-none-eabi/9.3.1/../../../../arm-none-eabi/lib/thumb/v6-m/nofp\libg_nano.a(lib_a-init.o)
 .data          0x00000000        0x0 c:/program files (x86)/embitz/2.30/share/armgcc/bin/../lib/gcc/arm-none-eabi/9.3.1/../../../../arm-none-eabi/lib/thumb/v6-m/nofp\libg_nano.a(lib_a-init.o)
 .bss           0x00000000        0x0 c:/program files (x86)/embitz/2.30/share/armgcc/bin/../lib/gcc/arm-none-eabi/9.3.1/../../../../arm-none-eabi/lib/thumb/v6-m/nofp\libg_nano.a(lib_a-init.o)
 .text          0x00000000        0x0 c:/program files (x86)/embitz/2.30/share/armgcc/bin/../lib/gcc/arm-none-eabi/9.3.1/../../../../arm-none-eabi/lib/thumb/v6-m/nofp\libg_nano.a(lib_a-memset.o)
 .data          0x00000000        0x0 c:/program files (x86)/embitz/2.30/share/armgcc/bin/../lib/gcc/arm-none-eabi/9.3.1/../../../../arm-none-eabi/lib/thumb/v6-m/nofp\libg_nano.a(lib_a-memset.o)
 .bss           0x00000000        0x0 c:/program files (x86)/embitz/2.30/share/armgcc/bin/../lib/gcc/arm-none-eabi/9.3.1/../../../../arm-none-eabi/lib/thumb/v6-m/nofp\libg_nano.a(lib_a-memset.o)
 .text.memset   0x00000000       0x10 c:/program files (x86)/embitz/2.30/share/armgcc/bin/../lib/gcc/arm-none-eabi/9.3.1/../../../../arm-none-eabi/lib/thumb/v6-m/nofp\libg_nano.a(lib_a-memset.o)
 .debug_frame   0x00000000       0x20 c:/program files (x86)/embitz/2.30/share/armgcc/bin/../lib/gcc/arm-none-eabi/9.3.1/../../../../arm-none-eabi/lib/thumb/v6-m/nofp\libg_nano.a(lib_a-memset.o)
 .ARM.attributes
                0x00000000       0x2c c:/program files (x86)/embitz/2.30/share/armgcc/bin/../lib/gcc/arm-none-eabi/9.3.1/../../../../arm-none-eabi/lib/thumb/v6-m/nofp\libg_nano.a(lib_a-memset.o)
 .text          0x00000000        0x0 c:/program files (x86)/embitz/2.30/share/armgcc/bin/../lib/gcc/arm-none-eabi/9.3.1/../../../../arm-none-eabi/lib/thumb/v6-m/nofp\libnosys.a(_exit.o)
 .data          0x00000000        0x0 c:/program files (x86)/embitz/2.30/share/armgcc/bin/../lib/gcc/arm-none-eabi/9.3.1/../../../../arm-none-eabi/lib/thumb/v6-m/nofp\libnosys.a(_exit.o)
 .bss           0x00000000        0x0 c:/program files (x86)/embitz/2.30/share/armgcc/bin/../lib/gcc/arm-none-eabi/9.3.1/../../../../arm-none-eabi/lib/thumb/v6-m/nofp\libnosys.a(_exit.o)
 .text._exit    0x00000000        0x4 c:/program files (x86)/embitz/2.30/share/armgcc/bin/../lib/gcc/arm-none-eabi/9.3.1/../../../../arm-none-eabi/lib/thumb/v6-m/nofp\libnosys.a(_exit.o)
 .debug_frame   0x00000000       0x20 c:/program files (x86)/embitz/2.30/share/armgcc/bin/../lib/gcc/arm-none-eabi/9.3.1/../../../../arm-none-eabi/lib/thumb/v6-m/nofp\libnosys.a(_exit.o)
 .ARM.attributes
                0x00000000       0x2c c:/program files (x86)/embitz/2.30/share/armgcc/bin/../lib/gcc/arm-none-eabi/9.3.1/../../../../arm-none-eabi/lib/thumb/v6-m/nofp\libnosys.a(_exit.o)
 .text          0x00000000        0x0 c:/program files (x86)/embitz/2.30/share/armgcc/bin/../lib/gcc/arm-none-eabi/9.3.1/thumb/v6-m/nofp/crtend.o
 .data          0x00000000        0x0 c:/program files (x86)/embitz/2.30/share/armgcc/bin/../lib/gcc/arm-none-eabi/9.3.1/thumb/v6-m/nofp/crtend.o
 .bss           0x00000000        0x0 c:/program files (x86)/embitz/2.30/share/armgcc/bin/../lib/gcc/arm-none-eabi/9.3.1/thumb/v6-m/nofp/crtend.o
 .eh_frame      0x00000000        0x4 c:/program files (x86)/embitz/2.30/share/armgcc/bin/../lib/gcc/arm-none-eabi/9.3.1/thumb/v6-m/nofp/crtend.o
 .ARM.attributes
                0x00000000       0x2c c:/program files (x86)/embitz/2.30/share/armgcc/bin/../lib/gcc/arm-none-eabi/9.3.1/thumb/v6-m/nofp/crtend.o
 .text          0x00000000        0x0 c:/program files (x86)/embitz/2.30/share/armgcc/bin/../lib/gcc/arm-none-eabi/9.3.1/thumb/v6-m/nofp/crtn.o
 .data          0x00000000        0x0 c:/program files (x86)/embitz/2.30/share/armgcc/bin/../lib/gcc/arm-none-eabi/9.3.1/thumb/v6-m/nofp/crtn.o
 .bss           0x00000000        0x0 c:/program files (x86)/embitz/2.30/share/armgcc/bin/../lib/gcc/arm-none-eabi/9.3.1/thumb/v6-m/nofp/crtn.o

Memory Configuration

Name             Origin             Length             Attributes
FLASH            0x08000000         0x00080000         xr
RAM              0x20000000         0x00024000         xrw
*default*        0x00000000         0xffffffff

Linker script and memory map

LOAD c:/program files (x86)/embitz/2.30/share/armgcc/bin/../lib/gcc/arm-none-eabi/9.3.1/thumb/v6-m/nofp/crti.o
LOAD c:/program files (x86)/embitz/2.30/share/armgcc/bin/../lib/gcc/arm-none-eabi/9.3.1/thumb/v6-m/nofp/crtbegin.o
LOAD c:/program files (x86)/embitz/2.30/share/armgcc/bin/../lib/gcc/arm-none-eabi/9.3.1/../../../../arm-none-eabi/lib/thumb/v6-m/nofp/crt0.o
                0x00000000                __HEAP_SIZE = 0x0
                0x00000100                __STACK_SIZE = 0x100
                0x00000000                _Min_Heap_Size = __HEAP_SIZE
                0x00000100                _Min_Stack_Size = __STACK_SIZE
                0x20024000                _estack = (ORIGIN (RAM) + LENGTH (RAM))

.isr_vector     0x08000000       0xb8
                0x08000000                . = ALIGN (0x4)
 *(.isr_vector)
 .isr_vector    0x08000000       0xb8 obj\debug\src\startup_stm32g0b0xx.o
                0x08000000                g_pfnVectors
                0x080000b8                . = ALIGN (0x4)

.text           0x080000b8     0x1578
                0x080000b8                . = ALIGN (0x4)
 *(.text)
 .text          0x080000b8       0x48 c:/program files (x86)/embitz/2.30/share/armgcc/bin/../lib/gcc/arm-none-eabi/9.3.1/thumb/v6-m/nofp/crtbegin.o
 .text          0x08000100      0x1d4 c:/program files (x86)/embitz/2.30/share/armgcc/bin/../lib/gcc/arm-none-eabi/9.3.1/thumb/v6-m/nofp\libgcc.a(_divsi3.o)
                0x08000100                __divsi3
                0x08000100                __aeabi_idiv
                0x080002cc                __aeabi_idivmod
 .text          0x080002d4        0x4 c:/program files (x86)/embitz/2.30/share/armgcc/bin/../lib/gcc/arm-none-eabi/9.3.1/thumb/v6-m/nofp\libgcc.a(_dvmd_tls.o)
                0x080002d4                __aeabi_idiv0
                0x080002d4                __aeabi_ldiv0
 .text          0x080002d8       0x48 c:/program files (x86)/embitz/2.30/share/armgcc/bin/../lib/gcc/arm-none-eabi/9.3.1/thumb/v6-m/nofp\libgcc.a(_aeabi_ldivmod.o)
                0x080002d8                __aeabi_ldivmod
 .text          0x08000320       0x50 c:/program files (x86)/embitz/2.30/share/armgcc/bin/../lib/gcc/arm-none-eabi/9.3.1/thumb/v6-m/nofp\libgcc.a(_muldi3.o)
                0x08000320                __muldi3
                0x08000320                __aeabi_lmul
 .text          0x08000370       0x3c c:/program files (x86)/embitz/2.30/share/armgcc/bin/../lib/gcc/arm-none-eabi/9.3.1/thumb/v6-m/nofp\libgcc.a(bpabi.o)
                0x08000370                __gnu_ldivmod_helper
 .text          0x080003ac      0x1cc c:/program files (x86)/embitz/2.30/share/armgcc/bin/../lib/gcc/arm-none-eabi/9.3.1/thumb/v6-m/nofp\libgcc.a(_divdi3.o)
                0x080003ac                __divdi3
 .text          0x08000578       0x18 c:/program files (x86)/embitz/2.30/share/armgcc/bin/../lib/gcc/arm-none-eabi/9.3.1/thumb/v6-m/nofp\libgcc.a(_clzdi2.o)
                0x08000578                __clzdi2
 .text          0x08000590       0x3c c:/program files (x86)/embitz/2.30/share/armgcc/bin/../lib/gcc/arm-none-eabi/9.3.1/thumb/v6-m/nofp\libgcc.a(_clzsi2.o)
                0x08000590                __clzsi2
 *(.text*)
 .text.send_LMX2491
                0x080005cc       0xe0 obj\debug\src\lmx2491.o
                0x080005cc                send_LMX2491
 .text.read_LMX2491
                0x080006ac      0x100 obj\debug\src\lmx2491.o
                0x080006ac                read_LMX2491
 .text.init_LMX2491
                0x080007ac       0xc4 obj\debug\src\lmx2491.o
                0x080007ac                init_LMX2491
 .text.LMX2491_set_frequency
                0x08000870      0x174 obj\debug\src\lmx2491.o
                0x08000870                LMX2491_set_frequency
 .text.main     0x080009e4       0x5c obj\debug\src\main.o
                0x080009e4                main
 .text.init     0x08000a40       0xd8 obj\debug\src\main.o
                0x08000a40                init
 .text.NMI_Handler
                0x08000b18        0x6 obj\debug\src\main.o
                0x08000b18                NMI_Handler
 .text.HardFault_Handler
                0x08000b1e        0x6 obj\debug\src\main.o
                0x08000b1e                HardFault_Handler
 .text.USART1_IRQHandler
                0x08000b24       0xf0 obj\debug\src\main.o
                0x08000b24                USART1_IRQHandler
 .text.Reset_Handler
                0x08000c14       0x50 obj\debug\src\startup_stm32g0b0xx.o
                0x08000c14                Reset_Handler
 .text.Default_Handler
                0x08000c64        0x2 obj\debug\src\startup_stm32g0b0xx.o
                0x08000c64                I2C2_3_IRQHandler
                0x08000c64                TIM1_CC_IRQHandler
                0x08000c64                TIM6_IRQHandler
                0x08000c64                SysTick_Handler
                0x08000c64                PendSV_Handler
                0x08000c64                I2C1_IRQHandler
                0x08000c64                DMA1_Ch4_7_DMA2_Ch1_5_DMAMUX1_OVR_IRQHandler
                0x08000c64                RTC_TAMP_IRQHandler
                0x08000c64                SPI1_IRQHandler
                0x08000c64                EXTI2_3_IRQHandler
                0x08000c64                ADC1_IRQHandler
                0x08000c64                TIM17_IRQHandler
                0x08000c64                TIM16_IRQHandler
                0x08000c64                EXTI4_15_IRQHandler
                0x08000c64                RCC_IRQHandler
                0x08000c64                DMA1_Channel1_IRQHandler
                0x08000c64                Default_Handler
                0x08000c64                TIM14_IRQHandler
                0x08000c64                TIM7_IRQHandler
                0x08000c64                TIM15_IRQHandler
                0x08000c64                TIM3_TIM4_IRQHandler
                0x08000c64                EXTI0_1_IRQHandler
                0x08000c64                USB_IRQHandler
                0x08000c64                SPI2_3_IRQHandler
                0x08000c64                SVC_Handler
                0x08000c64                WWDG_IRQHandler
                0x08000c64                DMA1_Channel2_3_IRQHandler
                0x08000c64                USART2_IRQHandler
                0x08000c64                FLASH_IRQHandler
                0x08000c64                TIM1_BRK_UP_TRG_COM_IRQHandler
                0x08000c64                USART3_4_5_6_IRQHandler
 .text.SystemInit
                0x08000c66        0xa obj\debug\src\system_stm32g0xx.o
                0x08000c66                SystemInit
 .text.__NVIC_EnableIRQ
                0x08000c70       0x34 obj\debug\src\usart.o
 .text.__NVIC_SetPriority
                0x08000ca4       0xdc obj\debug\src\usart.o
 .text.init_usart
                0x08000d80       0x74 obj\debug\src\usart.o
                0x08000d80                init_usart
 .text.usart_send_string
                0x08000df4       0x48 obj\debug\src\usart.o
                0x08000df4                usart_send_string
 .text.string_to_int
                0x08000e3c       0xdc obj\debug\src\usart.o
                0x08000e3c                string_to_int
 .text.register_bin_to_int
                0x08000f18       0x50 obj\debug\src\usart.o
                0x08000f18                register_bin_to_int
 .text.register_hex_to_int
                0x08000f68       0x88 obj\debug\src\usart.o
                0x08000f68                register_hex_to_int
 .text.compare_string
                0x08000ff0       0x4c obj\debug\src\usart.o
                0x08000ff0                compare_string
 .text.int_to_hex_string
                0x0800103c       0x6c obj\debug\src\usart.o
                0x0800103c                int_to_hex_string
 .text.int_to_bin_string
                0x080010a8       0x70 obj\debug\src\usart.o
                0x080010a8                int_to_bin_string
 .text.command_decode
                0x08001118      0x340 obj\debug\src\usart.o
                0x08001118                command_decode
 .text.timer6_init
                0x08001458       0x34 obj\debug\src\delay.o
                0x08001458                timer6_init
 .text.delay_ms
                0x0800148c       0x64 obj\debug\src\delay.o
                0x0800148c                delay_ms
 .text.timer7_init
                0x080014f0       0x30 obj\debug\src\delay.o
                0x080014f0                timer7_init
 .text.delay_us
                0x08001520       0x9c obj\debug\src\delay.o
                0x08001520                delay_us
 .text.init_delay
                0x080015bc       0x12 obj\debug\src\delay.o
                0x080015bc                init_delay
 *fill*         0x080015ce        0x2 
 .text.__libc_init_array
                0x080015d0       0x48 c:/program files (x86)/embitz/2.30/share/armgcc/bin/../lib/gcc/arm-none-eabi/9.3.1/../../../../arm-none-eabi/lib/thumb/v6-m/nofp\libg_nano.a(lib_a-init.o)
                0x080015d0                __libc_init_array
 *(.glue_7)
 .glue_7        0x08001618        0x0 linker stubs
 *(.glue_7t)
 .glue_7t       0x08001618        0x0 linker stubs
 *(.eh_frame)
 .eh_frame      0x08001618        0x0 c:/program files (x86)/embitz/2.30/share/armgcc/bin/../lib/gcc/arm-none-eabi/9.3.1/thumb/v6-m/nofp/crtbegin.o
 *(.init)
 .init          0x08001618        0x4 c:/program files (x86)/embitz/2.30/share/armgcc/bin/../lib/gcc/arm-none-eabi/9.3.1/thumb/v6-m/nofp/crti.o
                0x08001618                _init
 .init          0x0800161c        0x8 c:/program files (x86)/embitz/2.30/share/armgcc/bin/../lib/gcc/arm-none-eabi/9.3.1/thumb/v6-m/nofp/crtn.o
 *(.fini)
 .fini          0x08001624        0x4 c:/program files (x86)/embitz/2.30/share/armgcc/bin/../lib/gcc/arm-none-eabi/9.3.1/thumb/v6-m/nofp/crti.o
                0x08001624                _fini
 .fini          0x08001628        0x8 c:/program files (x86)/embitz/2.30/share/armgcc/bin/../lib/gcc/arm-none-eabi/9.3.1/thumb/v6-m/nofp/crtn.o
                0x08001630                . = ALIGN (0x4)
                0x08001630                _etext = .

.vfp11_veneer   0x08001630        0x0
 .vfp11_veneer  0x08001630        0x0 linker stubs

.v4_bx          0x08001630        0x0
 .v4_bx         0x08001630        0x0 linker stubs

.iplt           0x08001630        0x0
 .iplt          0x08001630        0x0 c:/program files (x86)/embitz/2.30/share/armgcc/bin/../lib/gcc/arm-none-eabi/9.3.1/thumb/v6-m/nofp/crtbegin.o

.rodata         0x08001630      0x194
                0x08001630                . = ALIGN (0x4)
 *(.rodata)
 .rodata        0x08001630       0x33 obj\debug\src\main.o
 *fill*         0x08001663        0x1 
 .rodata        0x08001664      0x15e obj\debug\src\usart.o
 *(.rodata*)
                0x080017c4                . = ALIGN (0x4)
 *fill*         0x080017c2        0x2 

.ARM.extab
 *(.ARM.extab* .gnu.linkonce.armextab.*)

.ARM            0x080017c4        0x8
                0x080017c4                __exidx_start = .
 *(.ARM.exidx*)
 .ARM.exidx     0x080017c4        0x8 c:/program files (x86)/embitz/2.30/share/armgcc/bin/../lib/gcc/arm-none-eabi/9.3.1/thumb/v6-m/nofp\libgcc.a(_divdi3.o)
                0x080017cc                __exidx_end = .

.rel.dyn        0x080017cc        0x0
 .rel.iplt      0x080017cc        0x0 c:/program files (x86)/embitz/2.30/share/armgcc/bin/../lib/gcc/arm-none-eabi/9.3.1/thumb/v6-m/nofp/crtbegin.o

.preinit_array  0x080017cc        0x0
                0x080017cc                PROVIDE (__preinit_array_start = .)
 *(.preinit_array*)
                0x080017cc                PROVIDE (__preinit_array_end = .)

.init_array     0x080017cc        0x4
                0x080017cc                PROVIDE (__init_array_start = .)
 *(SORT_BY_NAME(.init_array.*))
 *(.init_array*)
 .init_array    0x080017cc        0x4 c:/program files (x86)/embitz/2.30/share/armgcc/bin/../lib/gcc/arm-none-eabi/9.3.1/thumb/v6-m/nofp/crtbegin.o
                0x080017d0                PROVIDE (__init_array_end = .)

.fini_array     0x080017d0        0x4
                [!provide]                PROVIDE (__fini_array_start = .)
 *(SORT_BY_NAME(.fini_array.*))
 *(.fini_array*)
 .fini_array    0x080017d0        0x4 c:/program files (x86)/embitz/2.30/share/armgcc/bin/../lib/gcc/arm-none-eabi/9.3.1/thumb/v6-m/nofp/crtbegin.o
                [!provide]                PROVIDE (__fini_array_end = .)
                0x080017d4                _sidata = LOADADDR (.data)

.data           0x20000000        0x0 load address 0x080017d4
                0x20000000                . = ALIGN (0x4)
                0x20000000                _sdata = .
 *(.data)
 *(.data*)
                0x20000000                . = ALIGN (0x4)
                0x20000000                _edata = .

.igot.plt       0x20000000        0x0 load address 0x080017d4
 .igot.plt      0x20000000        0x0 c:/program files (x86)/embitz/2.30/share/armgcc/bin/../lib/gcc/arm-none-eabi/9.3.1/thumb/v6-m/nofp/crtbegin.o
                0x20000000                . = ALIGN (0x4)

.bss            0x20000000       0x4c load address 0x080017d4
                0x20000000                _sbss = .
                0x20000000                __bss_start__ = _sbss
 *(.bss)
 .bss           0x20000000       0x1c c:/program files (x86)/embitz/2.30/share/armgcc/bin/../lib/gcc/arm-none-eabi/9.3.1/thumb/v6-m/nofp/crtbegin.o
 *(.bss*)
 *(COMMON)
 COMMON         0x2000001c       0x30 obj\debug\src\main.o
                0x2000001c                buffer
                0x20000044                decode_command
                0x20000048                buff_index
                0x2000004c                . = ALIGN (0x4)
                0x2000004c                _ebss = .
                0x2000004c                __bss_end__ = _ebss

.heap           0x2000004c        0x0 load address 0x080017d4
                0x2000004c                . = ALIGN (0x4)
                [!provide]                PROVIDE (end = .)
                [!provide]                PROVIDE (_end = .)
 *(.heap*)
                0x2000004c                . = (. + _Min_Heap_Size)
                0x2000004c                __HeapLimit = .
                0x2000004c                . = ALIGN (0x4)

.ARM.attributes
                0x00000000       0x28
 *(.ARM.attributes)
 .ARM.attributes
                0x00000000       0x1e c:/program files (x86)/embitz/2.30/share/armgcc/bin/../lib/gcc/arm-none-eabi/9.3.1/thumb/v6-m/nofp/crti.o
 .ARM.attributes
                0x0000001e       0x2c c:/program files (x86)/embitz/2.30/share/armgcc/bin/../lib/gcc/arm-none-eabi/9.3.1/thumb/v6-m/nofp/crtbegin.o
 .ARM.attributes
                0x0000004a       0x2c obj\debug\src\lmx2491.o
 .ARM.attributes
                0x00000076       0x2c obj\debug\src\main.o
 .ARM.attributes
                0x000000a2       0x22 obj\debug\src\startup_stm32g0b0xx.o
 .ARM.attributes
                0x000000c4       0x2c obj\debug\src\system_stm32g0xx.o
 .ARM.attributes
                0x000000f0       0x2c obj\debug\src\usart.o
 .ARM.attributes
                0x0000011c       0x2c obj\debug\src\delay.o
 .ARM.attributes
                0x00000148       0x1e c:/program files (x86)/embitz/2.30/share/armgcc/bin/../lib/gcc/arm-none-eabi/9.3.1/thumb/v6-m/nofp\libgcc.a(_divsi3.o)
 .ARM.attributes
                0x00000166       0x1e c:/program files (x86)/embitz/2.30/share/armgcc/bin/../lib/gcc/arm-none-eabi/9.3.1/thumb/v6-m/nofp\libgcc.a(_dvmd_tls.o)
 .ARM.attributes
                0x00000184       0x1e c:/program files (x86)/embitz/2.30/share/armgcc/bin/../lib/gcc/arm-none-eabi/9.3.1/thumb/v6-m/nofp\libgcc.a(_aeabi_ldivmod.o)
 .ARM.attributes
                0x000001a2       0x2c c:/program files (x86)/embitz/2.30/share/armgcc/bin/../lib/gcc/arm-none-eabi/9.3.1/thumb/v6-m/nofp\libgcc.a(_muldi3.o)
 .ARM.attributes
                0x000001ce       0x2c c:/program files (x86)/embitz/2.30/share/armgcc/bin/../lib/gcc/arm-none-eabi/9.3.1/thumb/v6-m/nofp\libgcc.a(bpabi.o)
 .ARM.attributes
                0x000001fa       0x2c c:/program files (x86)/embitz/2.30/share/armgcc/bin/../lib/gcc/arm-none-eabi/9.3.1/thumb/v6-m/nofp\libgcc.a(_divdi3.o)
 .ARM.attributes
                0x00000226       0x1e c:/program files (x86)/embitz/2.30/share/armgcc/bin/../lib/gcc/arm-none-eabi/9.3.1/thumb/v6-m/nofp\libgcc.a(_clzdi2.o)
 .ARM.attributes
                0x00000244       0x1e c:/program files (x86)/embitz/2.30/share/armgcc/bin/../lib/gcc/arm-none-eabi/9.3.1/thumb/v6-m/nofp\libgcc.a(_clzsi2.o)
 .ARM.attributes
                0x00000262       0x2c c:/program files (x86)/embitz/2.30/share/armgcc/bin/../lib/gcc/arm-none-eabi/9.3.1/../../../../arm-none-eabi/lib/thumb/v6-m/nofp\libg_nano.a(lib_a-init.o)
 .ARM.attributes
                0x0000028e       0x1e c:/program files (x86)/embitz/2.30/share/armgcc/bin/../lib/gcc/arm-none-eabi/9.3.1/thumb/v6-m/nofp/crtn.o
                0x20023f00                __StackLimit = (_estack - _Min_Stack_Size)
                0x00000001                ASSERT ((__StackLimit >= __HeapLimit), Region RAM overflowed with stack)
LOAD obj\debug\src\lmx2491.o
LOAD obj\debug\src\main.o
LOAD obj\debug\src\startup_stm32g0b0xx.o
LOAD obj\debug\src\system_stm32g0xx.o
LOAD obj\debug\src\usart.o
LOAD obj\debug\src\delay.o
START GROUP
LOAD c:/program files (x86)/embitz/2.30/share/armgcc/bin/../lib/gcc/arm-none-eabi/9.3.1/thumb/v6-m/nofp\libgcc.a
LOAD c:/program files (x86)/embitz/2.30/share/armgcc/bin/../lib/gcc/arm-none-eabi/9.3.1/../../../../arm-none-eabi/lib/thumb/v6-m/nofp\libg_nano.a
LOAD c:/program files (x86)/embitz/2.30/share/armgcc/bin/../lib/gcc/arm-none-eabi/9.3.1/../../../../arm-none-eabi/lib/thumb/v6-m/nofp\libc_nano.a
END GROUP
START GROUP
LOAD c:/program files (x86)/embitz/2.30/share/armgcc/bin/../lib/gcc/arm-none-eabi/9.3.1/thumb/v6-m/nofp\libgcc.a
LOAD c:/program files (x86)/embitz/2.30/share/armgcc/bin/../lib/gcc/arm-none-eabi/9.3.1/../../../../arm-none-eabi/lib/thumb/v6-m/nofp\libc_nano.a
LOAD c:/program files (x86)/embitz/2.30/share/armgcc/bin/../lib/gcc/arm-none-eabi/9.3.1/../../../../arm-none-eabi/lib/thumb/v6-m/nofp\libnosys.a
END GROUP
START GROUP
LOAD c:/program files (x86)/embitz/2.30/share/armgcc/bin/../lib/gcc/arm-none-eabi/9.3.1/thumb/v6-m/nofp\libgcc.a
LOAD c:/program files (x86)/embitz/2.30/share/armgcc/bin/../lib/gcc/arm-none-eabi/9.3.1/../../../../arm-none-eabi/lib/thumb/v6-m/nofp\libc_nano.a
LOAD c:/program files (x86)/embitz/2.30/share/armgcc/bin/../lib/gcc/arm-none-eabi/9.3.1/../../../../arm-none-eabi/lib/thumb/v6-m/nofp\libnosys.a
END GROUP
LOAD c:/program files (x86)/embitz/2.30/share/armgcc/bin/../lib/gcc/arm-none-eabi/9.3.1/thumb/v6-m/nofp/crtend.o
LOAD c:/program files (x86)/embitz/2.30/share/armgcc/bin/../lib/gcc/arm-none-eabi/9.3.1/thumb/v6-m/nofp/crtn.o
OUTPUT(bin\Debug\first_startu.elf elf32-littlearm)
LOAD linker stubs

.debug_info     0x00000000     0x23a9
 .debug_info    0x00000000      0x2ff obj\debug\src\lmx2491.o
 .debug_info    0x000002ff      0x48f obj\debug\src\main.o
 .debug_info    0x0000078e       0x22 obj\debug\src\startup_stm32g0b0xx.o
 .debug_info    0x000007b0      0x2fe obj\debug\src\system_stm32g0xx.o
 .debug_info    0x00000aae     0x1499 obj\debug\src\usart.o
 .debug_info    0x00001f47      0x462 obj\debug\src\delay.o

.debug_abbrev   0x00000000      0x842
 .debug_abbrev  0x00000000      0x13a obj\debug\src\lmx2491.o
 .debug_abbrev  0x0000013a      0x141 obj\debug\src\main.o
 .debug_abbrev  0x0000027b       0x12 obj\debug\src\startup_stm32g0b0xx.o
 .debug_abbrev  0x0000028d      0x113 obj\debug\src\system_stm32g0xx.o
 .debug_abbrev  0x000003a0      0x395 obj\debug\src\usart.o
 .debug_abbrev  0x00000735      0x10d obj\debug\src\delay.o

.debug_aranges  0x00000000      0x1a0
 .debug_aranges
                0x00000000       0x40 obj\debug\src\lmx2491.o
 .debug_aranges
                0x00000040       0x40 obj\debug\src\main.o
 .debug_aranges
                0x00000080       0x28 obj\debug\src\startup_stm32g0b0xx.o
 .debug_aranges
                0x000000a8       0x28 obj\debug\src\system_stm32g0xx.o
 .debug_aranges
                0x000000d0       0x90 obj\debug\src\usart.o
 .debug_aranges
                0x00000160       0x40 obj\debug\src\delay.o

.debug_ranges   0x00000000      0x178
 .debug_ranges  0x00000000       0x30 obj\debug\src\lmx2491.o
 .debug_ranges  0x00000030       0x48 obj\debug\src\main.o
 .debug_ranges  0x00000078       0x20 obj\debug\src\startup_stm32g0b0xx.o
 .debug_ranges  0x00000098       0x18 obj\debug\src\system_stm32g0xx.o
 .debug_ranges  0x000000b0       0x98 obj\debug\src\usart.o
 .debug_ranges  0x00000148       0x30 obj\debug\src\delay.o

.debug_line     0x00000000     0x1190
 .debug_line    0x00000000      0x294 obj\debug\src\lmx2491.o
 .debug_line    0x00000294      0x299 obj\debug\src\main.o
 .debug_line    0x0000052d       0x7b obj\debug\src\startup_stm32g0b0xx.o
 .debug_line    0x000005a8      0x1b3 obj\debug\src\system_stm32g0xx.o
 .debug_line    0x0000075b      0x802 obj\debug\src\usart.o
 .debug_line    0x00000f5d      0x233 obj\debug\src\delay.o

.debug_str      0x00000000      0xc14
 .debug_str     0x00000000      0x252 obj\debug\src\lmx2491.o
                                0x29e (size before relaxing)
 .debug_str     0x00000252      0x130 obj\debug\src\main.o
                                0x351 (size before relaxing)
 .debug_str     0x00000382       0x28 obj\debug\src\startup_stm32g0b0xx.o
                                 0xa0 (size before relaxing)
 .debug_str     0x000003aa       0x5a obj\debug\src\system_stm32g0xx.o
                                0x2eb (size before relaxing)
 .debug_str     0x00000404      0x774 obj\debug\src\usart.o
                                0xa97 (size before relaxing)
 .debug_str     0x00000b78       0x9c obj\debug\src\delay.o
                                0x32d (size before relaxing)

.comment        0x00000000       0x4c
 .comment       0x00000000       0x4c obj\debug\src\lmx2491.o
                                 0x4d (size before relaxing)
 .comment       0x0000004c       0x4d obj\debug\src\main.o
 .comment       0x0000004c       0x4d obj\debug\src\system_stm32g0xx.o
 .comment       0x0000004c       0x4d obj\debug\src\usart.o
 .comment       0x0000004c       0x4d obj\debug\src\delay.o

.debug_frame    0x00000000      0x51c
 .debug_frame   0x00000000       0xac obj\debug\src\lmx2491.o
 .debug_frame   0x000000ac       0xa0 obj\debug\src\main.o
 .debug_frame   0x0000014c       0x4c obj\debug\src\system_stm32g0xx.o
 .debug_frame   0x00000198      0x1ec obj\debug\src\usart.o
 .debug_frame   0x00000384       0xa4 obj\debug\src\delay.o
 .debug_frame   0x00000428       0x20 c:/program files (x86)/embitz/2.30/share/armgcc/bin/../lib/gcc/arm-none-eabi/9.3.1/thumb/v6-m/nofp\libgcc.a(_divsi3.o)
 .debug_frame   0x00000448       0x34 c:/program files (x86)/embitz/2.30/share/armgcc/bin/../lib/gcc/arm-none-eabi/9.3.1/thumb/v6-m/nofp\libgcc.a(_muldi3.o)
 .debug_frame   0x0000047c       0x38 c:/program files (x86)/embitz/2.30/share/armgcc/bin/../lib/gcc/arm-none-eabi/9.3.1/thumb/v6-m/nofp\libgcc.a(bpabi.o)
 .debug_frame   0x000004b4       0x3c c:/program files (x86)/embitz/2.30/share/armgcc/bin/../lib/gcc/arm-none-eabi/9.3.1/thumb/v6-m/nofp\libgcc.a(_divdi3.o)
 .debug_frame   0x000004f0       0x2c c:/program files (x86)/embitz/2.30/share/armgcc/bin/../lib/gcc/arm-none-eabi/9.3.1/../../../../arm-none-eabi/lib/thumb/v6-m/nofp\libg_nano.a(lib_a-init.o)
