Archive member included to satisfy reference by file (symbol)

c:/program files (x86)/embitz/2.41/share/armgcc/bin/../lib/gcc/arm-none-eabi/9.3.1/thumb/v6-m/nofp\libgcc.a(_udivsi3.o)
                              obj\debug\src\system_stm32g0xx.o (__aeabi_uidiv)
c:/program files (x86)/embitz/2.41/share/armgcc/bin/../lib/gcc/arm-none-eabi/9.3.1/thumb/v6-m/nofp\libgcc.a(_divsi3.o)
                              obj\debug\src\max2870.o (__aeabi_idiv)
c:/program files (x86)/embitz/2.41/share/armgcc/bin/../lib/gcc/arm-none-eabi/9.3.1/thumb/v6-m/nofp\libgcc.a(_dvmd_tls.o)
                              c:/program files (x86)/embitz/2.41/share/armgcc/bin/../lib/gcc/arm-none-eabi/9.3.1/thumb/v6-m/nofp\libgcc.a(_udivsi3.o) (__aeabi_idiv0)
c:/program files (x86)/embitz/2.41/share/armgcc/bin/../lib/gcc/arm-none-eabi/9.3.1/../../../../arm-none-eabi/lib/thumb/v6-m/nofp\libg_nano.a(lib_a-exit.o)
                              c:/program files (x86)/embitz/2.41/share/armgcc/bin/../lib/gcc/arm-none-eabi/9.3.1/../../../../arm-none-eabi/lib/thumb/v6-m/nofp/crt0.o (exit)
c:/program files (x86)/embitz/2.41/share/armgcc/bin/../lib/gcc/arm-none-eabi/9.3.1/../../../../arm-none-eabi/lib/thumb/v6-m/nofp\libg_nano.a(lib_a-impure.o)
                              c:/program files (x86)/embitz/2.41/share/armgcc/bin/../lib/gcc/arm-none-eabi/9.3.1/../../../../arm-none-eabi/lib/thumb/v6-m/nofp\libg_nano.a(lib_a-exit.o) (_global_impure_ptr)
c:/program files (x86)/embitz/2.41/share/armgcc/bin/../lib/gcc/arm-none-eabi/9.3.1/../../../../arm-none-eabi/lib/thumb/v6-m/nofp\libg_nano.a(lib_a-init.o)
                              c:/program files (x86)/embitz/2.41/share/armgcc/bin/../lib/gcc/arm-none-eabi/9.3.1/../../../../arm-none-eabi/lib/thumb/v6-m/nofp/crt0.o (__libc_init_array)
c:/program files (x86)/embitz/2.41/share/armgcc/bin/../lib/gcc/arm-none-eabi/9.3.1/../../../../arm-none-eabi/lib/thumb/v6-m/nofp\libg_nano.a(lib_a-memset.o)
                              c:/program files (x86)/embitz/2.41/share/armgcc/bin/../lib/gcc/arm-none-eabi/9.3.1/../../../../arm-none-eabi/lib/thumb/v6-m/nofp/crt0.o (memset)
c:/program files (x86)/embitz/2.41/share/armgcc/bin/../lib/gcc/arm-none-eabi/9.3.1/../../../../arm-none-eabi/lib/thumb/v6-m/nofp\libnosys.a(_exit.o)
                              c:/program files (x86)/embitz/2.41/share/armgcc/bin/../lib/gcc/arm-none-eabi/9.3.1/../../../../arm-none-eabi/lib/thumb/v6-m/nofp\libg_nano.a(lib_a-exit.o) (_exit)

Allocating common symbols
Common symbol       size              file

MAX2870_reg         0x24              obj\debug\src\max2870.o
buffer              0x28              obj\debug\src\main.o
decode_command      0x4               obj\debug\src\main.o
buff_index          0x4               obj\debug\src\main.o

Discarded input sections

 .text          0x00000000        0x0 c:/program files (x86)/embitz/2.41/share/armgcc/bin/../lib/gcc/arm-none-eabi/9.3.1/thumb/v6-m/nofp/crti.o
 .data          0x00000000        0x0 c:/program files (x86)/embitz/2.41/share/armgcc/bin/../lib/gcc/arm-none-eabi/9.3.1/thumb/v6-m/nofp/crti.o
 .bss           0x00000000        0x0 c:/program files (x86)/embitz/2.41/share/armgcc/bin/../lib/gcc/arm-none-eabi/9.3.1/thumb/v6-m/nofp/crti.o
 .data          0x00000000        0x4 c:/program files (x86)/embitz/2.41/share/armgcc/bin/../lib/gcc/arm-none-eabi/9.3.1/thumb/v6-m/nofp/crtbegin.o
 .text          0x00000000       0x80 c:/program files (x86)/embitz/2.41/share/armgcc/bin/../lib/gcc/arm-none-eabi/9.3.1/../../../../arm-none-eabi/lib/thumb/v6-m/nofp/crt0.o
 .data          0x00000000        0x0 c:/program files (x86)/embitz/2.41/share/armgcc/bin/../lib/gcc/arm-none-eabi/9.3.1/../../../../arm-none-eabi/lib/thumb/v6-m/nofp/crt0.o
 .bss           0x00000000        0x0 c:/program files (x86)/embitz/2.41/share/armgcc/bin/../lib/gcc/arm-none-eabi/9.3.1/../../../../arm-none-eabi/lib/thumb/v6-m/nofp/crt0.o
 .ARM.extab     0x00000000        0x0 c:/program files (x86)/embitz/2.41/share/armgcc/bin/../lib/gcc/arm-none-eabi/9.3.1/../../../../arm-none-eabi/lib/thumb/v6-m/nofp/crt0.o
 .ARM.exidx     0x00000000       0x10 c:/program files (x86)/embitz/2.41/share/armgcc/bin/../lib/gcc/arm-none-eabi/9.3.1/../../../../arm-none-eabi/lib/thumb/v6-m/nofp/crt0.o
 .ARM.attributes
                0x00000000       0x1b c:/program files (x86)/embitz/2.41/share/armgcc/bin/../lib/gcc/arm-none-eabi/9.3.1/../../../../arm-none-eabi/lib/thumb/v6-m/nofp/crt0.o
 .text          0x00000000        0x0 obj\debug\src\main.o
 .data          0x00000000        0x0 obj\debug\src\main.o
 .bss           0x00000000        0x0 obj\debug\src\main.o
 .text          0x00000000        0x0 obj\debug\src\max2870.o
 .data          0x00000000        0x0 obj\debug\src\max2870.o
 .bss           0x00000000        0x0 obj\debug\src\max2870.o
 .text.send_MAX2870_all
                0x00000000       0x86 obj\debug\src\max2870.o
 .text.read_MAX2870
                0x00000000      0x1d0 obj\debug\src\max2870.o
 .text.MAX2870_set_frequency
                0x00000000      0x10c obj\debug\src\max2870.o
 .text          0x00000000       0x14 obj\debug\src\startup_stm32g0b0xx.o
 .data          0x00000000        0x0 obj\debug\src\startup_stm32g0b0xx.o
 .bss           0x00000000        0x0 obj\debug\src\startup_stm32g0b0xx.o
 .text          0x00000000        0x0 obj\debug\src\system_stm32g0xx.o
 .data          0x00000000        0x0 obj\debug\src\system_stm32g0xx.o
 .bss           0x00000000        0x0 obj\debug\src\system_stm32g0xx.o
 .data.SystemCoreClock
                0x00000000        0x4 obj\debug\src\system_stm32g0xx.o
 .rodata.AHBPrescTable
                0x00000000       0x40 obj\debug\src\system_stm32g0xx.o
 .rodata.APBPrescTable
                0x00000000       0x20 obj\debug\src\system_stm32g0xx.o
 .text.SystemCoreClockUpdate
                0x00000000      0x108 obj\debug\src\system_stm32g0xx.o
 .text          0x00000000        0x0 obj\debug\src\usart.o
 .data          0x00000000        0x0 obj\debug\src\usart.o
 .bss           0x00000000        0x0 obj\debug\src\usart.o
 .text.usart_send_byte
                0x00000000       0x30 obj\debug\src\usart.o
 .text.int_to_dec_string
                0x00000000       0x9c obj\debug\src\usart.o
 .text.itoa     0x00000000       0xb0 obj\debug\src\usart.o
 .text.int_to_int_string
                0x00000000       0xa0 obj\debug\src\usart.o
 .text          0x00000000        0x0 obj\debug\src\delay.o
 .data          0x00000000        0x0 obj\debug\src\delay.o
 .bss           0x00000000        0x0 obj\debug\src\delay.o
 .text          0x00000000      0x114 c:/program files (x86)/embitz/2.41/share/armgcc/bin/../lib/gcc/arm-none-eabi/9.3.1/thumb/v6-m/nofp\libgcc.a(_udivsi3.o)
 .data          0x00000000        0x0 c:/program files (x86)/embitz/2.41/share/armgcc/bin/../lib/gcc/arm-none-eabi/9.3.1/thumb/v6-m/nofp\libgcc.a(_udivsi3.o)
 .bss           0x00000000        0x0 c:/program files (x86)/embitz/2.41/share/armgcc/bin/../lib/gcc/arm-none-eabi/9.3.1/thumb/v6-m/nofp\libgcc.a(_udivsi3.o)
 .debug_frame   0x00000000       0x20 c:/program files (x86)/embitz/2.41/share/armgcc/bin/../lib/gcc/arm-none-eabi/9.3.1/thumb/v6-m/nofp\libgcc.a(_udivsi3.o)
 .ARM.attributes
                0x00000000       0x1e c:/program files (x86)/embitz/2.41/share/armgcc/bin/../lib/gcc/arm-none-eabi/9.3.1/thumb/v6-m/nofp\libgcc.a(_udivsi3.o)
 .text          0x00000000      0x1d4 c:/program files (x86)/embitz/2.41/share/armgcc/bin/../lib/gcc/arm-none-eabi/9.3.1/thumb/v6-m/nofp\libgcc.a(_divsi3.o)
 .data          0x00000000        0x0 c:/program files (x86)/embitz/2.41/share/armgcc/bin/../lib/gcc/arm-none-eabi/9.3.1/thumb/v6-m/nofp\libgcc.a(_divsi3.o)
 .bss           0x00000000        0x0 c:/program files (x86)/embitz/2.41/share/armgcc/bin/../lib/gcc/arm-none-eabi/9.3.1/thumb/v6-m/nofp\libgcc.a(_divsi3.o)
 .debug_frame   0x00000000       0x20 c:/program files (x86)/embitz/2.41/share/armgcc/bin/../lib/gcc/arm-none-eabi/9.3.1/thumb/v6-m/nofp\libgcc.a(_divsi3.o)
 .ARM.attributes
                0x00000000       0x1e c:/program files (x86)/embitz/2.41/share/armgcc/bin/../lib/gcc/arm-none-eabi/9.3.1/thumb/v6-m/nofp\libgcc.a(_divsi3.o)
 .text          0x00000000        0x4 c:/program files (x86)/embitz/2.41/share/armgcc/bin/../lib/gcc/arm-none-eabi/9.3.1/thumb/v6-m/nofp\libgcc.a(_dvmd_tls.o)
 .data          0x00000000        0x0 c:/program files (x86)/embitz/2.41/share/armgcc/bin/../lib/gcc/arm-none-eabi/9.3.1/thumb/v6-m/nofp\libgcc.a(_dvmd_tls.o)
 .bss           0x00000000        0x0 c:/program files (x86)/embitz/2.41/share/armgcc/bin/../lib/gcc/arm-none-eabi/9.3.1/thumb/v6-m/nofp\libgcc.a(_dvmd_tls.o)
 .ARM.attributes
                0x00000000       0x1e c:/program files (x86)/embitz/2.41/share/armgcc/bin/../lib/gcc/arm-none-eabi/9.3.1/thumb/v6-m/nofp\libgcc.a(_dvmd_tls.o)
 .text          0x00000000        0x0 c:/program files (x86)/embitz/2.41/share/armgcc/bin/../lib/gcc/arm-none-eabi/9.3.1/../../../../arm-none-eabi/lib/thumb/v6-m/nofp\libg_nano.a(lib_a-exit.o)
 .data          0x00000000        0x0 c:/program files (x86)/embitz/2.41/share/armgcc/bin/../lib/gcc/arm-none-eabi/9.3.1/../../../../arm-none-eabi/lib/thumb/v6-m/nofp\libg_nano.a(lib_a-exit.o)
 .bss           0x00000000        0x0 c:/program files (x86)/embitz/2.41/share/armgcc/bin/../lib/gcc/arm-none-eabi/9.3.1/../../../../arm-none-eabi/lib/thumb/v6-m/nofp\libg_nano.a(lib_a-exit.o)
 .text.exit     0x00000000       0x2c c:/program files (x86)/embitz/2.41/share/armgcc/bin/../lib/gcc/arm-none-eabi/9.3.1/../../../../arm-none-eabi/lib/thumb/v6-m/nofp\libg_nano.a(lib_a-exit.o)
 .debug_frame   0x00000000       0x28 c:/program files (x86)/embitz/2.41/share/armgcc/bin/../lib/gcc/arm-none-eabi/9.3.1/../../../../arm-none-eabi/lib/thumb/v6-m/nofp\libg_nano.a(lib_a-exit.o)
 .ARM.attributes
                0x00000000       0x2c c:/program files (x86)/embitz/2.41/share/armgcc/bin/../lib/gcc/arm-none-eabi/9.3.1/../../../../arm-none-eabi/lib/thumb/v6-m/nofp\libg_nano.a(lib_a-exit.o)
 .text          0x00000000        0x0 c:/program files (x86)/embitz/2.41/share/armgcc/bin/../lib/gcc/arm-none-eabi/9.3.1/../../../../arm-none-eabi/lib/thumb/v6-m/nofp\libg_nano.a(lib_a-impure.o)
 .data          0x00000000        0x0 c:/program files (x86)/embitz/2.41/share/armgcc/bin/../lib/gcc/arm-none-eabi/9.3.1/../../../../arm-none-eabi/lib/thumb/v6-m/nofp\libg_nano.a(lib_a-impure.o)
 .bss           0x00000000        0x0 c:/program files (x86)/embitz/2.41/share/armgcc/bin/../lib/gcc/arm-none-eabi/9.3.1/../../../../arm-none-eabi/lib/thumb/v6-m/nofp\libg_nano.a(lib_a-impure.o)
 .data._impure_ptr
                0x00000000        0x4 c:/program files (x86)/embitz/2.41/share/armgcc/bin/../lib/gcc/arm-none-eabi/9.3.1/../../../../arm-none-eabi/lib/thumb/v6-m/nofp\libg_nano.a(lib_a-impure.o)
 .data.impure_data
                0x00000000       0x60 c:/program files (x86)/embitz/2.41/share/armgcc/bin/../lib/gcc/arm-none-eabi/9.3.1/../../../../arm-none-eabi/lib/thumb/v6-m/nofp\libg_nano.a(lib_a-impure.o)
 .rodata._global_impure_ptr
                0x00000000        0x4 c:/program files (x86)/embitz/2.41/share/armgcc/bin/../lib/gcc/arm-none-eabi/9.3.1/../../../../arm-none-eabi/lib/thumb/v6-m/nofp\libg_nano.a(lib_a-impure.o)
 .ARM.attributes
                0x00000000       0x2c c:/program files (x86)/embitz/2.41/share/armgcc/bin/../lib/gcc/arm-none-eabi/9.3.1/../../../../arm-none-eabi/lib/thumb/v6-m/nofp\libg_nano.a(lib_a-impure.o)
 .text          0x00000000        0x0 c:/program files (x86)/embitz/2.41/share/armgcc/bin/../lib/gcc/arm-none-eabi/9.3.1/../../../../arm-none-eabi/lib/thumb/v6-m/nofp\libg_nano.a(lib_a-init.o)
 .data          0x00000000        0x0 c:/program files (x86)/embitz/2.41/share/armgcc/bin/../lib/gcc/arm-none-eabi/9.3.1/../../../../arm-none-eabi/lib/thumb/v6-m/nofp\libg_nano.a(lib_a-init.o)
 .bss           0x00000000        0x0 c:/program files (x86)/embitz/2.41/share/armgcc/bin/../lib/gcc/arm-none-eabi/9.3.1/../../../../arm-none-eabi/lib/thumb/v6-m/nofp\libg_nano.a(lib_a-init.o)
 .text          0x00000000        0x0 c:/program files (x86)/embitz/2.41/share/armgcc/bin/../lib/gcc/arm-none-eabi/9.3.1/../../../../arm-none-eabi/lib/thumb/v6-m/nofp\libg_nano.a(lib_a-memset.o)
 .data          0x00000000        0x0 c:/program files (x86)/embitz/2.41/share/armgcc/bin/../lib/gcc/arm-none-eabi/9.3.1/../../../../arm-none-eabi/lib/thumb/v6-m/nofp\libg_nano.a(lib_a-memset.o)
 .bss           0x00000000        0x0 c:/program files (x86)/embitz/2.41/share/armgcc/bin/../lib/gcc/arm-none-eabi/9.3.1/../../../../arm-none-eabi/lib/thumb/v6-m/nofp\libg_nano.a(lib_a-memset.o)
 .text.memset   0x00000000       0x10 c:/program files (x86)/embitz/2.41/share/armgcc/bin/../lib/gcc/arm-none-eabi/9.3.1/../../../../arm-none-eabi/lib/thumb/v6-m/nofp\libg_nano.a(lib_a-memset.o)
 .debug_frame   0x00000000       0x20 c:/program files (x86)/embitz/2.41/share/armgcc/bin/../lib/gcc/arm-none-eabi/9.3.1/../../../../arm-none-eabi/lib/thumb/v6-m/nofp\libg_nano.a(lib_a-memset.o)
 .ARM.attributes
                0x00000000       0x2c c:/program files (x86)/embitz/2.41/share/armgcc/bin/../lib/gcc/arm-none-eabi/9.3.1/../../../../arm-none-eabi/lib/thumb/v6-m/nofp\libg_nano.a(lib_a-memset.o)
 .text          0x00000000        0x0 c:/program files (x86)/embitz/2.41/share/armgcc/bin/../lib/gcc/arm-none-eabi/9.3.1/../../../../arm-none-eabi/lib/thumb/v6-m/nofp\libnosys.a(_exit.o)
 .data          0x00000000        0x0 c:/program files (x86)/embitz/2.41/share/armgcc/bin/../lib/gcc/arm-none-eabi/9.3.1/../../../../arm-none-eabi/lib/thumb/v6-m/nofp\libnosys.a(_exit.o)
 .bss           0x00000000        0x0 c:/program files (x86)/embitz/2.41/share/armgcc/bin/../lib/gcc/arm-none-eabi/9.3.1/../../../../arm-none-eabi/lib/thumb/v6-m/nofp\libnosys.a(_exit.o)
 .text._exit    0x00000000        0x4 c:/program files (x86)/embitz/2.41/share/armgcc/bin/../lib/gcc/arm-none-eabi/9.3.1/../../../../arm-none-eabi/lib/thumb/v6-m/nofp\libnosys.a(_exit.o)
 .debug_frame   0x00000000       0x20 c:/program files (x86)/embitz/2.41/share/armgcc/bin/../lib/gcc/arm-none-eabi/9.3.1/../../../../arm-none-eabi/lib/thumb/v6-m/nofp\libnosys.a(_exit.o)
 .ARM.attributes
                0x00000000       0x2c c:/program files (x86)/embitz/2.41/share/armgcc/bin/../lib/gcc/arm-none-eabi/9.3.1/../../../../arm-none-eabi/lib/thumb/v6-m/nofp\libnosys.a(_exit.o)
 .text          0x00000000        0x0 c:/program files (x86)/embitz/2.41/share/armgcc/bin/../lib/gcc/arm-none-eabi/9.3.1/thumb/v6-m/nofp/crtend.o
 .data          0x00000000        0x0 c:/program files (x86)/embitz/2.41/share/armgcc/bin/../lib/gcc/arm-none-eabi/9.3.1/thumb/v6-m/nofp/crtend.o
 .bss           0x00000000        0x0 c:/program files (x86)/embitz/2.41/share/armgcc/bin/../lib/gcc/arm-none-eabi/9.3.1/thumb/v6-m/nofp/crtend.o
 .eh_frame      0x00000000        0x4 c:/program files (x86)/embitz/2.41/share/armgcc/bin/../lib/gcc/arm-none-eabi/9.3.1/thumb/v6-m/nofp/crtend.o
 .ARM.attributes
                0x00000000       0x2c c:/program files (x86)/embitz/2.41/share/armgcc/bin/../lib/gcc/arm-none-eabi/9.3.1/thumb/v6-m/nofp/crtend.o
 .text          0x00000000        0x0 c:/program files (x86)/embitz/2.41/share/armgcc/bin/../lib/gcc/arm-none-eabi/9.3.1/thumb/v6-m/nofp/crtn.o
 .data          0x00000000        0x0 c:/program files (x86)/embitz/2.41/share/armgcc/bin/../lib/gcc/arm-none-eabi/9.3.1/thumb/v6-m/nofp/crtn.o
 .bss           0x00000000        0x0 c:/program files (x86)/embitz/2.41/share/armgcc/bin/../lib/gcc/arm-none-eabi/9.3.1/thumb/v6-m/nofp/crtn.o

Memory Configuration

Name             Origin             Length             Attributes
FLASH            0x08000000         0x00080000         xr
RAM              0x20000000         0x00024000         xrw
*default*        0x00000000         0xffffffff

Linker script and memory map

LOAD c:/program files (x86)/embitz/2.41/share/armgcc/bin/../lib/gcc/arm-none-eabi/9.3.1/thumb/v6-m/nofp/crti.o
LOAD c:/program files (x86)/embitz/2.41/share/armgcc/bin/../lib/gcc/arm-none-eabi/9.3.1/thumb/v6-m/nofp/crtbegin.o
LOAD c:/program files (x86)/embitz/2.41/share/armgcc/bin/../lib/gcc/arm-none-eabi/9.3.1/../../../../arm-none-eabi/lib/thumb/v6-m/nofp/crt0.o
                0x00000000                __HEAP_SIZE = 0x0
                0x00000100                __STACK_SIZE = 0x100
                0x00000000                _Min_Heap_Size = __HEAP_SIZE
                0x00000100                _Min_Stack_Size = __STACK_SIZE
                0x20024000                _estack = (ORIGIN (RAM) + LENGTH (RAM))

.isr_vector     0x08000000       0xb8
                0x08000000                . = ALIGN (0x4)
 *(.isr_vector)
 .isr_vector    0x08000000       0xb8 obj\debug\src\startup_stm32g0b0xx.o
                0x08000000                g_pfnVectors
                0x080000b8                . = ALIGN (0x4)

.text           0x080000b8      0xeb8
                0x080000b8                . = ALIGN (0x4)
 *(.text)
 .text          0x080000b8       0x48 c:/program files (x86)/embitz/2.41/share/armgcc/bin/../lib/gcc/arm-none-eabi/9.3.1/thumb/v6-m/nofp/crtbegin.o
 *(.text*)
 .text.main     0x08000100       0x7c obj\debug\src\main.o
                0x08000100                main
 .text.init     0x0800017c       0xd8 obj\debug\src\main.o
                0x0800017c                init
 .text.NMI_Handler
                0x08000254        0x6 obj\debug\src\main.o
                0x08000254                NMI_Handler
 .text.HardFault_Handler
                0x0800025a        0x6 obj\debug\src\main.o
                0x0800025a                HardFault_Handler
 .text.USART1_IRQHandler
                0x08000260       0xf0 obj\debug\src\main.o
                0x08000260                USART1_IRQHandler
 .text.send_MAX2870
                0x08000350       0xe8 obj\debug\src\max2870.o
                0x08000350                send_MAX2870
 .text.MAX2870_init
                0x08000438      0x150 obj\debug\src\max2870.o
                0x08000438                MAX2870_init
 .text.Reset_Handler
                0x08000588       0x50 obj\debug\src\startup_stm32g0b0xx.o
                0x08000588                Reset_Handler
 .text.Default_Handler
                0x080005d8        0x2 obj\debug\src\startup_stm32g0b0xx.o
                0x080005d8                I2C2_3_IRQHandler
                0x080005d8                TIM1_CC_IRQHandler
                0x080005d8                TIM6_IRQHandler
                0x080005d8                SysTick_Handler
                0x080005d8                PendSV_Handler
                0x080005d8                I2C1_IRQHandler
                0x080005d8                DMA1_Ch4_7_DMA2_Ch1_5_DMAMUX1_OVR_IRQHandler
                0x080005d8                RTC_TAMP_IRQHandler
                0x080005d8                SPI1_IRQHandler
                0x080005d8                EXTI2_3_IRQHandler
                0x080005d8                ADC1_IRQHandler
                0x080005d8                TIM17_IRQHandler
                0x080005d8                TIM16_IRQHandler
                0x080005d8                EXTI4_15_IRQHandler
                0x080005d8                RCC_IRQHandler
                0x080005d8                DMA1_Channel1_IRQHandler
                0x080005d8                Default_Handler
                0x080005d8                TIM14_IRQHandler
                0x080005d8                TIM7_IRQHandler
                0x080005d8                TIM15_IRQHandler
                0x080005d8                TIM3_TIM4_IRQHandler
                0x080005d8                EXTI0_1_IRQHandler
                0x080005d8                USB_IRQHandler
                0x080005d8                SPI2_3_IRQHandler
                0x080005d8                SVC_Handler
                0x080005d8                WWDG_IRQHandler
                0x080005d8                DMA1_Channel2_3_IRQHandler
                0x080005d8                USART2_IRQHandler
                0x080005d8                FLASH_IRQHandler
                0x080005d8                TIM1_BRK_UP_TRG_COM_IRQHandler
                0x080005d8                USART3_4_5_6_IRQHandler
 .text.SystemInit
                0x080005da        0xa obj\debug\src\system_stm32g0xx.o
                0x080005da                SystemInit
 .text.__NVIC_EnableIRQ
                0x080005e4       0x34 obj\debug\src\usart.o
 .text.__NVIC_SetPriority
                0x08000618       0xdc obj\debug\src\usart.o
 .text.init_usart
                0x080006f4       0x74 obj\debug\src\usart.o
                0x080006f4                init_usart
 .text.usart_send_string
                0x08000768       0x48 obj\debug\src\usart.o
                0x08000768                usart_send_string
 .text.string_to_int
                0x080007b0       0xdc obj\debug\src\usart.o
                0x080007b0                string_to_int
 .text.register_bin_to_int
                0x0800088c       0x50 obj\debug\src\usart.o
                0x0800088c                register_bin_to_int
 .text.register_hex_to_int
                0x080008dc       0x88 obj\debug\src\usart.o
                0x080008dc                register_hex_to_int
 .text.compare_string
                0x08000964       0x4c obj\debug\src\usart.o
                0x08000964                compare_string
 .text.int_to_hex_string
                0x080009b0       0x6c obj\debug\src\usart.o
                0x080009b0                int_to_hex_string
 .text.int_to_bin_string
                0x08000a1c       0x70 obj\debug\src\usart.o
                0x08000a1c                int_to_bin_string
 .text.command_decode
                0x08000a8c      0x30c obj\debug\src\usart.o
                0x08000a8c                command_decode
 .text.timer6_init
                0x08000d98       0x34 obj\debug\src\delay.o
                0x08000d98                timer6_init
 .text.delay_ms
                0x08000dcc       0x64 obj\debug\src\delay.o
                0x08000dcc                delay_ms
 .text.timer7_init
                0x08000e30       0x30 obj\debug\src\delay.o
                0x08000e30                timer7_init
 .text.delay_us
                0x08000e60       0x9c obj\debug\src\delay.o
                0x08000e60                delay_us
 .text.init_delay
                0x08000efc       0x12 obj\debug\src\delay.o
                0x08000efc                init_delay
 *fill*         0x08000f0e        0x2 
 .text.__libc_init_array
                0x08000f10       0x48 c:/program files (x86)/embitz/2.41/share/armgcc/bin/../lib/gcc/arm-none-eabi/9.3.1/../../../../arm-none-eabi/lib/thumb/v6-m/nofp\libg_nano.a(lib_a-init.o)
                0x08000f10                __libc_init_array
 *(.glue_7)
 .glue_7        0x08000f58        0x0 linker stubs
 *(.glue_7t)
 .glue_7t       0x08000f58        0x0 linker stubs
 *(.eh_frame)
 .eh_frame      0x08000f58        0x0 c:/program files (x86)/embitz/2.41/share/armgcc/bin/../lib/gcc/arm-none-eabi/9.3.1/thumb/v6-m/nofp/crtbegin.o
 *(.init)
 .init          0x08000f58        0x4 c:/program files (x86)/embitz/2.41/share/armgcc/bin/../lib/gcc/arm-none-eabi/9.3.1/thumb/v6-m/nofp/crti.o
                0x08000f58                _init
 .init          0x08000f5c        0x8 c:/program files (x86)/embitz/2.41/share/armgcc/bin/../lib/gcc/arm-none-eabi/9.3.1/thumb/v6-m/nofp/crtn.o
 *(.fini)
 .fini          0x08000f64        0x4 c:/program files (x86)/embitz/2.41/share/armgcc/bin/../lib/gcc/arm-none-eabi/9.3.1/thumb/v6-m/nofp/crti.o
                0x08000f64                _fini
 .fini          0x08000f68        0x8 c:/program files (x86)/embitz/2.41/share/armgcc/bin/../lib/gcc/arm-none-eabi/9.3.1/thumb/v6-m/nofp/crtn.o
                0x08000f70                . = ALIGN (0x4)
                0x08000f70                _etext = .

.vfp11_veneer   0x08000f70        0x0
 .vfp11_veneer  0x08000f70        0x0 linker stubs

.v4_bx          0x08000f70        0x0
 .v4_bx         0x08000f70        0x0 linker stubs

.iplt           0x08000f70        0x0
 .iplt          0x08000f70        0x0 c:/program files (x86)/embitz/2.41/share/armgcc/bin/../lib/gcc/arm-none-eabi/9.3.1/thumb/v6-m/nofp/crtbegin.o

.rodata         0x08000f70      0x194
                0x08000f70                . = ALIGN (0x4)
 *(.rodata)
 .rodata        0x08000f70       0x33 obj\debug\src\main.o
 *fill*         0x08000fa3        0x1 
 .rodata        0x08000fa4      0x15e obj\debug\src\usart.o
 *(.rodata*)
                0x08001104                . = ALIGN (0x4)
 *fill*         0x08001102        0x2 

.rel.dyn        0x08001104        0x0
 .rel.iplt      0x08001104        0x0 c:/program files (x86)/embitz/2.41/share/armgcc/bin/../lib/gcc/arm-none-eabi/9.3.1/thumb/v6-m/nofp/crtbegin.o

.ARM.extab
 *(.ARM.extab* .gnu.linkonce.armextab.*)

.ARM            0x08001104        0x0
                0x08001104                __exidx_start = .
 *(.ARM.exidx*)
                0x08001104                __exidx_end = .

.preinit_array  0x08001104        0x0
                0x08001104                PROVIDE (__preinit_array_start = .)
 *(.preinit_array*)
                0x08001104                PROVIDE (__preinit_array_end = .)

.init_array     0x08001104        0x4
                0x08001104                PROVIDE (__init_array_start = .)
 *(SORT_BY_NAME(.init_array.*))
 *(.init_array*)
 .init_array    0x08001104        0x4 c:/program files (x86)/embitz/2.41/share/armgcc/bin/../lib/gcc/arm-none-eabi/9.3.1/thumb/v6-m/nofp/crtbegin.o
                0x08001108                PROVIDE (__init_array_end = .)

.fini_array     0x08001108        0x4
                [!provide]                PROVIDE (__fini_array_start = .)
 *(SORT_BY_NAME(.fini_array.*))
 *(.fini_array*)
 .fini_array    0x08001108        0x4 c:/program files (x86)/embitz/2.41/share/armgcc/bin/../lib/gcc/arm-none-eabi/9.3.1/thumb/v6-m/nofp/crtbegin.o
                [!provide]                PROVIDE (__fini_array_end = .)
                0x0800110c                _sidata = LOADADDR (.data)

.data           0x20000000        0x0 load address 0x0800110c
                0x20000000                . = ALIGN (0x4)
                0x20000000                _sdata = .
 *(.data)
 *(.data*)
                0x20000000                . = ALIGN (0x4)
                0x20000000                _edata = .

.igot.plt       0x20000000        0x0 load address 0x0800110c
 .igot.plt      0x20000000        0x0 c:/program files (x86)/embitz/2.41/share/armgcc/bin/../lib/gcc/arm-none-eabi/9.3.1/thumb/v6-m/nofp/crtbegin.o
                0x20000000                . = ALIGN (0x4)

.bss            0x20000000       0x70 load address 0x0800110c
                0x20000000                _sbss = .
                0x20000000                __bss_start__ = _sbss
 *(.bss)
 .bss           0x20000000       0x1c c:/program files (x86)/embitz/2.41/share/armgcc/bin/../lib/gcc/arm-none-eabi/9.3.1/thumb/v6-m/nofp/crtbegin.o
 *(.bss*)
 *(COMMON)
 COMMON         0x2000001c       0x30 obj\debug\src\main.o
                0x2000001c                buffer
                0x20000044                decode_command
                0x20000048                buff_index
 COMMON         0x2000004c       0x24 obj\debug\src\max2870.o
                0x2000004c                MAX2870_reg
                0x20000070                . = ALIGN (0x4)
                0x20000070                _ebss = .
                0x20000070                __bss_end__ = _ebss

.heap           0x20000070        0x0 load address 0x0800110c
                0x20000070                . = ALIGN (0x4)
                [!provide]                PROVIDE (end = .)
                [!provide]                PROVIDE (_end = .)
 *(.heap*)
                0x20000070                . = (. + _Min_Heap_Size)
                0x20000070                __HeapLimit = .
                0x20000070                . = ALIGN (0x4)

.ARM.attributes
                0x00000000       0x28
 *(.ARM.attributes)
 .ARM.attributes
                0x00000000       0x1e c:/program files (x86)/embitz/2.41/share/armgcc/bin/../lib/gcc/arm-none-eabi/9.3.1/thumb/v6-m/nofp/crti.o
 .ARM.attributes
                0x0000001e       0x2c c:/program files (x86)/embitz/2.41/share/armgcc/bin/../lib/gcc/arm-none-eabi/9.3.1/thumb/v6-m/nofp/crtbegin.o
 .ARM.attributes
                0x0000004a       0x2c obj\debug\src\main.o
 .ARM.attributes
                0x00000076       0x2c obj\debug\src\max2870.o
 .ARM.attributes
                0x000000a2       0x22 obj\debug\src\startup_stm32g0b0xx.o
 .ARM.attributes
                0x000000c4       0x2c obj\debug\src\system_stm32g0xx.o
 .ARM.attributes
                0x000000f0       0x2c obj\debug\src\usart.o
 .ARM.attributes
                0x0000011c       0x2c obj\debug\src\delay.o
 .ARM.attributes
                0x00000148       0x2c c:/program files (x86)/embitz/2.41/share/armgcc/bin/../lib/gcc/arm-none-eabi/9.3.1/../../../../arm-none-eabi/lib/thumb/v6-m/nofp\libg_nano.a(lib_a-init.o)
 .ARM.attributes
                0x00000174       0x1e c:/program files (x86)/embitz/2.41/share/armgcc/bin/../lib/gcc/arm-none-eabi/9.3.1/thumb/v6-m/nofp/crtn.o
                0x20023f00                __StackLimit = (_estack - _Min_Stack_Size)
                0x00000001                ASSERT ((__StackLimit >= __HeapLimit), Region RAM overflowed with stack)
LOAD obj\debug\src\main.o
LOAD obj\debug\src\max2870.o
LOAD obj\debug\src\startup_stm32g0b0xx.o
LOAD obj\debug\src\system_stm32g0xx.o
LOAD obj\debug\src\usart.o
LOAD obj\debug\src\delay.o
START GROUP
LOAD c:/program files (x86)/embitz/2.41/share/armgcc/bin/../lib/gcc/arm-none-eabi/9.3.1/thumb/v6-m/nofp\libgcc.a
LOAD c:/program files (x86)/embitz/2.41/share/armgcc/bin/../lib/gcc/arm-none-eabi/9.3.1/../../../../arm-none-eabi/lib/thumb/v6-m/nofp\libg_nano.a
LOAD c:/program files (x86)/embitz/2.41/share/armgcc/bin/../lib/gcc/arm-none-eabi/9.3.1/../../../../arm-none-eabi/lib/thumb/v6-m/nofp\libc_nano.a
END GROUP
START GROUP
LOAD c:/program files (x86)/embitz/2.41/share/armgcc/bin/../lib/gcc/arm-none-eabi/9.3.1/thumb/v6-m/nofp\libgcc.a
LOAD c:/program files (x86)/embitz/2.41/share/armgcc/bin/../lib/gcc/arm-none-eabi/9.3.1/../../../../arm-none-eabi/lib/thumb/v6-m/nofp\libc_nano.a
LOAD c:/program files (x86)/embitz/2.41/share/armgcc/bin/../lib/gcc/arm-none-eabi/9.3.1/../../../../arm-none-eabi/lib/thumb/v6-m/nofp\libnosys.a
END GROUP
START GROUP
LOAD c:/program files (x86)/embitz/2.41/share/armgcc/bin/../lib/gcc/arm-none-eabi/9.3.1/thumb/v6-m/nofp\libgcc.a
LOAD c:/program files (x86)/embitz/2.41/share/armgcc/bin/../lib/gcc/arm-none-eabi/9.3.1/../../../../arm-none-eabi/lib/thumb/v6-m/nofp\libc_nano.a
LOAD c:/program files (x86)/embitz/2.41/share/armgcc/bin/../lib/gcc/arm-none-eabi/9.3.1/../../../../arm-none-eabi/lib/thumb/v6-m/nofp\libnosys.a
END GROUP
LOAD c:/program files (x86)/embitz/2.41/share/armgcc/bin/../lib/gcc/arm-none-eabi/9.3.1/thumb/v6-m/nofp/crtend.o
LOAD c:/program files (x86)/embitz/2.41/share/armgcc/bin/../lib/gcc/arm-none-eabi/9.3.1/thumb/v6-m/nofp/crtn.o
OUTPUT(bin\Debug\first_startu.elf elf32-littlearm)
LOAD linker stubs

.debug_info     0x00000000     0x243d
 .debug_info    0x00000000      0x48f obj\debug\src\main.o
 .debug_info    0x0000048f      0x393 obj\debug\src\max2870.o
 .debug_info    0x00000822       0x22 obj\debug\src\startup_stm32g0b0xx.o
 .debug_info    0x00000844      0x2fe obj\debug\src\system_stm32g0xx.o
 .debug_info    0x00000b42     0x1499 obj\debug\src\usart.o
 .debug_info    0x00001fdb      0x462 obj\debug\src\delay.o

.debug_abbrev   0x00000000      0x89b
 .debug_abbrev  0x00000000      0x141 obj\debug\src\main.o
 .debug_abbrev  0x00000141      0x193 obj\debug\src\max2870.o
 .debug_abbrev  0x000002d4       0x12 obj\debug\src\startup_stm32g0b0xx.o
 .debug_abbrev  0x000002e6      0x113 obj\debug\src\system_stm32g0xx.o
 .debug_abbrev  0x000003f9      0x395 obj\debug\src\usart.o
 .debug_abbrev  0x0000078e      0x10d obj\debug\src\delay.o

.debug_aranges  0x00000000      0x1a0
 .debug_aranges
                0x00000000       0x40 obj\debug\src\main.o
 .debug_aranges
                0x00000040       0x40 obj\debug\src\max2870.o
 .debug_aranges
                0x00000080       0x28 obj\debug\src\startup_stm32g0b0xx.o
 .debug_aranges
                0x000000a8       0x28 obj\debug\src\system_stm32g0xx.o
 .debug_aranges
                0x000000d0       0x90 obj\debug\src\usart.o
 .debug_aranges
                0x00000160       0x40 obj\debug\src\delay.o

.debug_ranges   0x00000000      0x178
 .debug_ranges  0x00000000       0x48 obj\debug\src\main.o
 .debug_ranges  0x00000048       0x30 obj\debug\src\max2870.o
 .debug_ranges  0x00000078       0x20 obj\debug\src\startup_stm32g0b0xx.o
 .debug_ranges  0x00000098       0x18 obj\debug\src\system_stm32g0xx.o
 .debug_ranges  0x000000b0       0x98 obj\debug\src\usart.o
 .debug_ranges  0x00000148       0x30 obj\debug\src\delay.o

.debug_line     0x00000000     0x1192
 .debug_line    0x00000000      0x29b obj\debug\src\main.o
 .debug_line    0x0000029b      0x29a obj\debug\src\max2870.o
 .debug_line    0x00000535       0x7b obj\debug\src\startup_stm32g0b0xx.o
 .debug_line    0x000005b0      0x1b3 obj\debug\src\system_stm32g0xx.o
 .debug_line    0x00000763      0x7fc obj\debug\src\usart.o
 .debug_line    0x00000f5f      0x233 obj\debug\src\delay.o

.debug_str      0x00000000      0xc2d
 .debug_str     0x00000000      0x2e1 obj\debug\src\main.o
                                0x332 (size before relaxing)
 .debug_str     0x000002e1       0xba obj\debug\src\max2870.o
                                0x2b7 (size before relaxing)
 .debug_str     0x0000039b       0x28 obj\debug\src\startup_stm32g0b0xx.o
                                 0x81 (size before relaxing)
 .debug_str     0x000003c3       0x5a obj\debug\src\system_stm32g0xx.o
                                0x2cc (size before relaxing)
 .debug_str     0x0000041d      0x774 obj\debug\src\usart.o
                                0xa78 (size before relaxing)
 .debug_str     0x00000b91       0x9c obj\debug\src\delay.o
                                0x30e (size before relaxing)

.comment        0x00000000       0x4c
 .comment       0x00000000       0x4c obj\debug\src\main.o
                                 0x4d (size before relaxing)
 .comment       0x0000004c       0x4d obj\debug\src\max2870.o
 .comment       0x0000004c       0x4d obj\debug\src\system_stm32g0xx.o
 .comment       0x0000004c       0x4d obj\debug\src\usart.o
 .comment       0x0000004c       0x4d obj\debug\src\delay.o

.debug_frame    0x00000000      0x460
 .debug_frame   0x00000000       0xa0 obj\debug\src\main.o
 .debug_frame   0x000000a0       0xb8 obj\debug\src\max2870.o
 .debug_frame   0x00000158       0x4c obj\debug\src\system_stm32g0xx.o
 .debug_frame   0x000001a4      0x1ec obj\debug\src\usart.o
 .debug_frame   0x00000390       0xa4 obj\debug\src\delay.o
 .debug_frame   0x00000434       0x2c c:/program files (x86)/embitz/2.41/share/armgcc/bin/../lib/gcc/arm-none-eabi/9.3.1/../../../../arm-none-eabi/lib/thumb/v6-m/nofp\libg_nano.a(lib_a-init.o)
