Archive member included to satisfy reference by file (symbol)

c:/program files (x86)/embitz/2.60/share/armgcc/bin/../lib/gcc/arm-none-eabi/9.3.1/../../../../arm-none-eabi/lib/thumb/v7e-m/nofp\libg_nano.a(lib_a-exit.o)
                              c:/program files (x86)/embitz/2.60/share/armgcc/bin/../lib/gcc/arm-none-eabi/9.3.1/../../../../arm-none-eabi/lib/thumb/v7e-m/nofp/crt0.o (exit)
c:/program files (x86)/embitz/2.60/share/armgcc/bin/../lib/gcc/arm-none-eabi/9.3.1/../../../../arm-none-eabi/lib/thumb/v7e-m/nofp\libg_nano.a(lib_a-impure.o)
                              c:/program files (x86)/embitz/2.60/share/armgcc/bin/../lib/gcc/arm-none-eabi/9.3.1/../../../../arm-none-eabi/lib/thumb/v7e-m/nofp\libg_nano.a(lib_a-exit.o) (_global_impure_ptr)
c:/program files (x86)/embitz/2.60/share/armgcc/bin/../lib/gcc/arm-none-eabi/9.3.1/../../../../arm-none-eabi/lib/thumb/v7e-m/nofp\libg_nano.a(lib_a-init.o)
                              c:/program files (x86)/embitz/2.60/share/armgcc/bin/../lib/gcc/arm-none-eabi/9.3.1/../../../../arm-none-eabi/lib/thumb/v7e-m/nofp/crt0.o (__libc_init_array)
c:/program files (x86)/embitz/2.60/share/armgcc/bin/../lib/gcc/arm-none-eabi/9.3.1/../../../../arm-none-eabi/lib/thumb/v7e-m/nofp\libg_nano.a(lib_a-memset.o)
                              c:/program files (x86)/embitz/2.60/share/armgcc/bin/../lib/gcc/arm-none-eabi/9.3.1/../../../../arm-none-eabi/lib/thumb/v7e-m/nofp/crt0.o (memset)
c:/program files (x86)/embitz/2.60/share/armgcc/bin/../lib/gcc/arm-none-eabi/9.3.1/../../../../arm-none-eabi/lib/thumb/v7e-m/nofp\libnosys.a(_exit.o)
                              c:/program files (x86)/embitz/2.60/share/armgcc/bin/../lib/gcc/arm-none-eabi/9.3.1/../../../../arm-none-eabi/lib/thumb/v7e-m/nofp\libg_nano.a(lib_a-exit.o) (_exit)

Allocating common symbols
Common symbol       size              file

MAX2871_reg         0x24              obj\debug\src\max2870.o
buffer              0x14              obj\debug\src\main.o

Discarded input sections

 .text          0x00000000        0x0 c:/program files (x86)/embitz/2.60/share/armgcc/bin/../lib/gcc/arm-none-eabi/9.3.1/thumb/v7e-m/nofp/crti.o
 .data          0x00000000        0x0 c:/program files (x86)/embitz/2.60/share/armgcc/bin/../lib/gcc/arm-none-eabi/9.3.1/thumb/v7e-m/nofp/crti.o
 .bss           0x00000000        0x0 c:/program files (x86)/embitz/2.60/share/armgcc/bin/../lib/gcc/arm-none-eabi/9.3.1/thumb/v7e-m/nofp/crti.o
 .data          0x00000000        0x4 c:/program files (x86)/embitz/2.60/share/armgcc/bin/../lib/gcc/arm-none-eabi/9.3.1/thumb/v7e-m/nofp/crtbegin.o
 .text          0x00000000       0x7c c:/program files (x86)/embitz/2.60/share/armgcc/bin/../lib/gcc/arm-none-eabi/9.3.1/../../../../arm-none-eabi/lib/thumb/v7e-m/nofp/crt0.o
 .data          0x00000000        0x0 c:/program files (x86)/embitz/2.60/share/armgcc/bin/../lib/gcc/arm-none-eabi/9.3.1/../../../../arm-none-eabi/lib/thumb/v7e-m/nofp/crt0.o
 .bss           0x00000000        0x0 c:/program files (x86)/embitz/2.60/share/armgcc/bin/../lib/gcc/arm-none-eabi/9.3.1/../../../../arm-none-eabi/lib/thumb/v7e-m/nofp/crt0.o
 .ARM.extab     0x00000000        0x0 c:/program files (x86)/embitz/2.60/share/armgcc/bin/../lib/gcc/arm-none-eabi/9.3.1/../../../../arm-none-eabi/lib/thumb/v7e-m/nofp/crt0.o
 .ARM.exidx     0x00000000       0x10 c:/program files (x86)/embitz/2.60/share/armgcc/bin/../lib/gcc/arm-none-eabi/9.3.1/../../../../arm-none-eabi/lib/thumb/v7e-m/nofp/crt0.o
 .ARM.attributes
                0x00000000       0x1c c:/program files (x86)/embitz/2.60/share/armgcc/bin/../lib/gcc/arm-none-eabi/9.3.1/../../../../arm-none-eabi/lib/thumb/v7e-m/nofp/crt0.o
 .text          0x00000000       0x14 obj\debug\src\startup_stm32g441xx.o
 .data          0x00000000        0x0 obj\debug\src\startup_stm32g441xx.o
 .bss           0x00000000        0x0 obj\debug\src\startup_stm32g441xx.o
 .data          0x00000000        0x0 obj\debug\src\max2870.o
 .bss           0x00000000        0x0 obj\debug\src\max2870.o
 .data          0x00000000        0x0 obj\debug\src\main.o
 .bss           0x00000000        0x0 obj\debug\src\system_stm32g4xx.o
 .data          0x00000000        0x0 obj\debug\src\usart.o
 .bss           0x00000000        0x0 obj\debug\src\usart.o
 .data          0x00000000        0x0 obj\debug\src\delay.o
 .bss           0x00000000        0x0 obj\debug\src\delay.o
 .text          0x00000000        0x0 c:/program files (x86)/embitz/2.60/share/armgcc/bin/../lib/gcc/arm-none-eabi/9.3.1/../../../../arm-none-eabi/lib/thumb/v7e-m/nofp\libg_nano.a(lib_a-exit.o)
 .data          0x00000000        0x0 c:/program files (x86)/embitz/2.60/share/armgcc/bin/../lib/gcc/arm-none-eabi/9.3.1/../../../../arm-none-eabi/lib/thumb/v7e-m/nofp\libg_nano.a(lib_a-exit.o)
 .bss           0x00000000        0x0 c:/program files (x86)/embitz/2.60/share/armgcc/bin/../lib/gcc/arm-none-eabi/9.3.1/../../../../arm-none-eabi/lib/thumb/v7e-m/nofp\libg_nano.a(lib_a-exit.o)
 .text.exit     0x00000000       0x28 c:/program files (x86)/embitz/2.60/share/armgcc/bin/../lib/gcc/arm-none-eabi/9.3.1/../../../../arm-none-eabi/lib/thumb/v7e-m/nofp\libg_nano.a(lib_a-exit.o)
 .debug_frame   0x00000000       0x28 c:/program files (x86)/embitz/2.60/share/armgcc/bin/../lib/gcc/arm-none-eabi/9.3.1/../../../../arm-none-eabi/lib/thumb/v7e-m/nofp\libg_nano.a(lib_a-exit.o)
 .ARM.attributes
                0x00000000       0x2e c:/program files (x86)/embitz/2.60/share/armgcc/bin/../lib/gcc/arm-none-eabi/9.3.1/../../../../arm-none-eabi/lib/thumb/v7e-m/nofp\libg_nano.a(lib_a-exit.o)
 .text          0x00000000        0x0 c:/program files (x86)/embitz/2.60/share/armgcc/bin/../lib/gcc/arm-none-eabi/9.3.1/../../../../arm-none-eabi/lib/thumb/v7e-m/nofp\libg_nano.a(lib_a-impure.o)
 .data          0x00000000        0x0 c:/program files (x86)/embitz/2.60/share/armgcc/bin/../lib/gcc/arm-none-eabi/9.3.1/../../../../arm-none-eabi/lib/thumb/v7e-m/nofp\libg_nano.a(lib_a-impure.o)
 .bss           0x00000000        0x0 c:/program files (x86)/embitz/2.60/share/armgcc/bin/../lib/gcc/arm-none-eabi/9.3.1/../../../../arm-none-eabi/lib/thumb/v7e-m/nofp\libg_nano.a(lib_a-impure.o)
 .data._impure_ptr
                0x00000000        0x4 c:/program files (x86)/embitz/2.60/share/armgcc/bin/../lib/gcc/arm-none-eabi/9.3.1/../../../../arm-none-eabi/lib/thumb/v7e-m/nofp\libg_nano.a(lib_a-impure.o)
 .data.impure_data
                0x00000000       0x60 c:/program files (x86)/embitz/2.60/share/armgcc/bin/../lib/gcc/arm-none-eabi/9.3.1/../../../../arm-none-eabi/lib/thumb/v7e-m/nofp\libg_nano.a(lib_a-impure.o)
 .rodata._global_impure_ptr
                0x00000000        0x4 c:/program files (x86)/embitz/2.60/share/armgcc/bin/../lib/gcc/arm-none-eabi/9.3.1/../../../../arm-none-eabi/lib/thumb/v7e-m/nofp\libg_nano.a(lib_a-impure.o)
 .ARM.attributes
                0x00000000       0x2e c:/program files (x86)/embitz/2.60/share/armgcc/bin/../lib/gcc/arm-none-eabi/9.3.1/../../../../arm-none-eabi/lib/thumb/v7e-m/nofp\libg_nano.a(lib_a-impure.o)
 .text          0x00000000        0x0 c:/program files (x86)/embitz/2.60/share/armgcc/bin/../lib/gcc/arm-none-eabi/9.3.1/../../../../arm-none-eabi/lib/thumb/v7e-m/nofp\libg_nano.a(lib_a-init.o)
 .data          0x00000000        0x0 c:/program files (x86)/embitz/2.60/share/armgcc/bin/../lib/gcc/arm-none-eabi/9.3.1/../../../../arm-none-eabi/lib/thumb/v7e-m/nofp\libg_nano.a(lib_a-init.o)
 .bss           0x00000000        0x0 c:/program files (x86)/embitz/2.60/share/armgcc/bin/../lib/gcc/arm-none-eabi/9.3.1/../../../../arm-none-eabi/lib/thumb/v7e-m/nofp\libg_nano.a(lib_a-init.o)
 .text.__libc_init_array
                0x00000000       0x48 c:/program files (x86)/embitz/2.60/share/armgcc/bin/../lib/gcc/arm-none-eabi/9.3.1/../../../../arm-none-eabi/lib/thumb/v7e-m/nofp\libg_nano.a(lib_a-init.o)
 .debug_frame   0x00000000       0x2c c:/program files (x86)/embitz/2.60/share/armgcc/bin/../lib/gcc/arm-none-eabi/9.3.1/../../../../arm-none-eabi/lib/thumb/v7e-m/nofp\libg_nano.a(lib_a-init.o)
 .ARM.attributes
                0x00000000       0x2e c:/program files (x86)/embitz/2.60/share/armgcc/bin/../lib/gcc/arm-none-eabi/9.3.1/../../../../arm-none-eabi/lib/thumb/v7e-m/nofp\libg_nano.a(lib_a-init.o)
 .text          0x00000000        0x0 c:/program files (x86)/embitz/2.60/share/armgcc/bin/../lib/gcc/arm-none-eabi/9.3.1/../../../../arm-none-eabi/lib/thumb/v7e-m/nofp\libg_nano.a(lib_a-memset.o)
 .data          0x00000000        0x0 c:/program files (x86)/embitz/2.60/share/armgcc/bin/../lib/gcc/arm-none-eabi/9.3.1/../../../../arm-none-eabi/lib/thumb/v7e-m/nofp\libg_nano.a(lib_a-memset.o)
 .bss           0x00000000        0x0 c:/program files (x86)/embitz/2.60/share/armgcc/bin/../lib/gcc/arm-none-eabi/9.3.1/../../../../arm-none-eabi/lib/thumb/v7e-m/nofp\libg_nano.a(lib_a-memset.o)
 .text.memset   0x00000000       0x10 c:/program files (x86)/embitz/2.60/share/armgcc/bin/../lib/gcc/arm-none-eabi/9.3.1/../../../../arm-none-eabi/lib/thumb/v7e-m/nofp\libg_nano.a(lib_a-memset.o)
 .debug_frame   0x00000000       0x20 c:/program files (x86)/embitz/2.60/share/armgcc/bin/../lib/gcc/arm-none-eabi/9.3.1/../../../../arm-none-eabi/lib/thumb/v7e-m/nofp\libg_nano.a(lib_a-memset.o)
 .ARM.attributes
                0x00000000       0x2e c:/program files (x86)/embitz/2.60/share/armgcc/bin/../lib/gcc/arm-none-eabi/9.3.1/../../../../arm-none-eabi/lib/thumb/v7e-m/nofp\libg_nano.a(lib_a-memset.o)
 .text          0x00000000        0x0 c:/program files (x86)/embitz/2.60/share/armgcc/bin/../lib/gcc/arm-none-eabi/9.3.1/../../../../arm-none-eabi/lib/thumb/v7e-m/nofp\libnosys.a(_exit.o)
 .data          0x00000000        0x0 c:/program files (x86)/embitz/2.60/share/armgcc/bin/../lib/gcc/arm-none-eabi/9.3.1/../../../../arm-none-eabi/lib/thumb/v7e-m/nofp\libnosys.a(_exit.o)
 .bss           0x00000000        0x0 c:/program files (x86)/embitz/2.60/share/armgcc/bin/../lib/gcc/arm-none-eabi/9.3.1/../../../../arm-none-eabi/lib/thumb/v7e-m/nofp\libnosys.a(_exit.o)
 .text._exit    0x00000000        0x4 c:/program files (x86)/embitz/2.60/share/armgcc/bin/../lib/gcc/arm-none-eabi/9.3.1/../../../../arm-none-eabi/lib/thumb/v7e-m/nofp\libnosys.a(_exit.o)
 .debug_frame   0x00000000       0x20 c:/program files (x86)/embitz/2.60/share/armgcc/bin/../lib/gcc/arm-none-eabi/9.3.1/../../../../arm-none-eabi/lib/thumb/v7e-m/nofp\libnosys.a(_exit.o)
 .ARM.attributes
                0x00000000       0x2e c:/program files (x86)/embitz/2.60/share/armgcc/bin/../lib/gcc/arm-none-eabi/9.3.1/../../../../arm-none-eabi/lib/thumb/v7e-m/nofp\libnosys.a(_exit.o)
 .text          0x00000000        0x0 c:/program files (x86)/embitz/2.60/share/armgcc/bin/../lib/gcc/arm-none-eabi/9.3.1/thumb/v7e-m/nofp/crtend.o
 .data          0x00000000        0x0 c:/program files (x86)/embitz/2.60/share/armgcc/bin/../lib/gcc/arm-none-eabi/9.3.1/thumb/v7e-m/nofp/crtend.o
 .bss           0x00000000        0x0 c:/program files (x86)/embitz/2.60/share/armgcc/bin/../lib/gcc/arm-none-eabi/9.3.1/thumb/v7e-m/nofp/crtend.o
 .eh_frame      0x00000000        0x4 c:/program files (x86)/embitz/2.60/share/armgcc/bin/../lib/gcc/arm-none-eabi/9.3.1/thumb/v7e-m/nofp/crtend.o
 .ARM.attributes
                0x00000000       0x2e c:/program files (x86)/embitz/2.60/share/armgcc/bin/../lib/gcc/arm-none-eabi/9.3.1/thumb/v7e-m/nofp/crtend.o
 .text          0x00000000        0x0 c:/program files (x86)/embitz/2.60/share/armgcc/bin/../lib/gcc/arm-none-eabi/9.3.1/thumb/v7e-m/nofp/crtn.o
 .data          0x00000000        0x0 c:/program files (x86)/embitz/2.60/share/armgcc/bin/../lib/gcc/arm-none-eabi/9.3.1/thumb/v7e-m/nofp/crtn.o
 .bss           0x00000000        0x0 c:/program files (x86)/embitz/2.60/share/armgcc/bin/../lib/gcc/arm-none-eabi/9.3.1/thumb/v7e-m/nofp/crtn.o

Memory Configuration

Name             Origin             Length             Attributes
FLASH            0x08000000         0x00020000         xr
RAM              0x20000000         0x00008000         xrw
*default*        0x00000000         0xffffffff

Linker script and memory map

LOAD c:/program files (x86)/embitz/2.60/share/armgcc/bin/../lib/gcc/arm-none-eabi/9.3.1/thumb/v7e-m/nofp/crti.o
LOAD c:/program files (x86)/embitz/2.60/share/armgcc/bin/../lib/gcc/arm-none-eabi/9.3.1/thumb/v7e-m/nofp/crtbegin.o
LOAD c:/program files (x86)/embitz/2.60/share/armgcc/bin/../lib/gcc/arm-none-eabi/9.3.1/../../../../arm-none-eabi/lib/thumb/v7e-m/nofp/crt0.o
                0x00000000                __HEAP_SIZE = 0x0
                0x00000100                __STACK_SIZE = 0x100
                0x00000000                _Min_Heap_Size = __HEAP_SIZE
                0x00000100                _Min_Stack_Size = __STACK_SIZE
                0x20008000                _estack = (ORIGIN (RAM) + LENGTH (RAM))

.isr_vector     0x08000000      0x1d8
                0x08000000                . = ALIGN (0x4)
 *(.isr_vector)
 .isr_vector    0x08000000      0x1d8 obj\debug\src\startup_stm32g441xx.o
                0x08000000                g_pfnVectors
                0x080001d8                . = ALIGN (0x4)

.text           0x080001d8     0x1100
                0x080001d8                . = ALIGN (0x4)
 *(.text)
 .text          0x080001d8       0x40 c:/program files (x86)/embitz/2.60/share/armgcc/bin/../lib/gcc/arm-none-eabi/9.3.1/thumb/v7e-m/nofp/crtbegin.o
 .text          0x08000218      0x55c obj\debug\src\max2870.o
                0x08000218                send_MAX2871
                0x080002f0                send_MAX2871_all
                0x0800035e                MAX2871_init
                0x080004ac                read_MAX2871
                0x0800065c                MAX2871_set_frequency
 .text          0x08000774      0x324 obj\debug\src\main.o
                0x08000774                main
                0x08000830                init
                0x080009c0                NMI_Handler
                0x080009c6                HardFault_Handler
                0x080009cc                BusFault_Handler
                0x080009d2                UsageFault_Handler
                0x080009d8                USART1_IRQHandler
 .text          0x08000a98       0xe0 obj\debug\src\system_stm32g4xx.o
                0x08000a98                SystemInit
                0x08000aa4                SystemCoreClockUpdate
 .text          0x08000b78      0x5c8 obj\debug\src\usart.o
                0x08000c04                init_usart
                0x08000c74                usart_send_string
                0x08000cc0                usart_send_byte
                0x08000cf0                int_to_dec_string
                0x08000da4                int_to_hex_string
                0x08000e14                string_to_int
                0x08000f0c                int_to_bin_string
                0x08000f84                register_bin_to_int
                0x08000fd6                register_hex_to_int
                0x0800105c                compare_string
                0x080010aa                command_decode
 .text          0x08001140      0x130 obj\debug\src\delay.o
                0x08001140                timer6_init
                0x08001174                delay_ms
                0x080011d0                timer7_init
                0x08001204                delay_us
                0x08001260                init_delay
 *(.text*)
 .text.Reset_Handler
                0x08001270       0x4c obj\debug\src\startup_stm32g441xx.o
                0x08001270                Reset_Handler
 .text.Default_Handler
                0x080012bc        0x2 obj\debug\src\startup_stm32g441xx.o
                0x080012bc                RTC_Alarm_IRQHandler
                0x080012bc                EXTI2_IRQHandler
                0x080012bc                TIM8_TRG_COM_IRQHandler
                0x080012bc                TIM8_CC_IRQHandler
                0x080012bc                DebugMon_Handler
                0x080012bc                TIM1_CC_IRQHandler
                0x080012bc                USB_HP_IRQHandler
                0x080012bc                CORDIC_IRQHandler
                0x080012bc                SysTick_Handler
                0x080012bc                PendSV_Handler
                0x080012bc                EXTI3_IRQHandler
                0x080012bc                I2C3_ER_IRQHandler
                0x080012bc                EXTI0_IRQHandler
                0x080012bc                I2C2_EV_IRQHandler
                0x080012bc                FPU_IRQHandler
                0x080012bc                FDCAN1_IT1_IRQHandler
                0x080012bc                TIM1_UP_TIM16_IRQHandler
                0x080012bc                ADC1_2_IRQHandler
                0x080012bc                SPI1_IRQHandler
                0x080012bc                TIM6_DAC_IRQHandler
                0x080012bc                TIM8_UP_IRQHandler
                0x080012bc                DMA2_Channel2_IRQHandler
                0x080012bc                DMA1_Channel4_IRQHandler
                0x080012bc                USART3_IRQHandler
                0x080012bc                TIM4_IRQHandler
                0x080012bc                DMA2_Channel1_IRQHandler
                0x080012bc                I2C1_EV_IRQHandler
                0x080012bc                DMA1_Channel6_IRQHandler
                0x080012bc                UART4_IRQHandler
                0x080012bc                DMA2_Channel4_IRQHandler
                0x080012bc                TIM3_IRQHandler
                0x080012bc                RCC_IRQHandler
                0x080012bc                DMA1_Channel1_IRQHandler
                0x080012bc                Default_Handler
                0x080012bc                RTC_TAMP_LSECSS_IRQHandler
                0x080012bc                FMAC_IRQHandler
                0x080012bc                EXTI15_10_IRQHandler
                0x080012bc                TIM7_IRQHandler
                0x080012bc                UCPD1_IRQHandler
                0x080012bc                I2C3_EV_IRQHandler
                0x080012bc                EXTI9_5_IRQHandler
                0x080012bc                RTC_WKUP_IRQHandler
                0x080012bc                PVD_PVM_IRQHandler
                0x080012bc                SPI2_IRQHandler
                0x080012bc                MemManage_Handler
                0x080012bc                SVC_Handler
                0x080012bc                DMA2_Channel5_IRQHandler
                0x080012bc                CRS_IRQHandler
                0x080012bc                DMA1_Channel5_IRQHandler
                0x080012bc                USB_LP_IRQHandler
                0x080012bc                EXTI4_IRQHandler
                0x080012bc                RNG_IRQHandler
                0x080012bc                TIM1_TRG_COM_TIM17_IRQHandler
                0x080012bc                DMA1_Channel3_IRQHandler
                0x080012bc                WWDG_IRQHandler
                0x080012bc                LPUART1_IRQHandler
                0x080012bc                DMA2_Channel6_IRQHandler
                0x080012bc                FDCAN1_IT0_IRQHandler
                0x080012bc                TIM2_IRQHandler
                0x080012bc                COMP1_2_3_IRQHandler
                0x080012bc                EXTI1_IRQHandler
                0x080012bc                AES_IRQHandler
                0x080012bc                USART2_IRQHandler
                0x080012bc                I2C2_ER_IRQHandler
                0x080012bc                DMA1_Channel2_IRQHandler
                0x080012bc                TIM8_BRK_IRQHandler
                0x080012bc                FLASH_IRQHandler
                0x080012bc                SPI3_IRQHandler
                0x080012bc                I2C1_ER_IRQHandler
                0x080012bc                LPTIM1_IRQHandler
                0x080012bc                DMAMUX_OVR_IRQHandler
                0x080012bc                USBWakeUp_IRQHandler
                0x080012bc                SAI1_IRQHandler
                0x080012bc                DMA2_Channel3_IRQHandler
                0x080012bc                COMP4_IRQHandler
                0x080012bc                TIM1_BRK_TIM15_IRQHandler
 *(.glue_7)
 .glue_7        0x080012be        0x0 linker stubs
 *(.glue_7t)
 .glue_7t       0x080012be        0x0 linker stubs
 *(.eh_frame)
 *fill*         0x080012be        0x2 
 .eh_frame      0x080012c0        0x0 c:/program files (x86)/embitz/2.60/share/armgcc/bin/../lib/gcc/arm-none-eabi/9.3.1/thumb/v7e-m/nofp/crtbegin.o
 *(.init)
 .init          0x080012c0        0x4 c:/program files (x86)/embitz/2.60/share/armgcc/bin/../lib/gcc/arm-none-eabi/9.3.1/thumb/v7e-m/nofp/crti.o
                0x080012c0                _init
 .init          0x080012c4        0x8 c:/program files (x86)/embitz/2.60/share/armgcc/bin/../lib/gcc/arm-none-eabi/9.3.1/thumb/v7e-m/nofp/crtn.o
 *(.fini)
 .fini          0x080012cc        0x4 c:/program files (x86)/embitz/2.60/share/armgcc/bin/../lib/gcc/arm-none-eabi/9.3.1/thumb/v7e-m/nofp/crti.o
                0x080012cc                _fini
 .fini          0x080012d0        0x8 c:/program files (x86)/embitz/2.60/share/armgcc/bin/../lib/gcc/arm-none-eabi/9.3.1/thumb/v7e-m/nofp/crtn.o
                0x080012d8                . = ALIGN (0x4)
                0x080012d8                _etext = .

.vfp11_veneer   0x080012d8        0x0
 .vfp11_veneer  0x080012d8        0x0 linker stubs

.v4_bx          0x080012d8        0x0
 .v4_bx         0x080012d8        0x0 linker stubs

.iplt           0x080012d8        0x0
 .iplt          0x080012d8        0x0 c:/program files (x86)/embitz/2.60/share/armgcc/bin/../lib/gcc/arm-none-eabi/9.3.1/thumb/v7e-m/nofp/crtbegin.o

.rodata         0x080012d8      0x1a4
                0x080012d8                . = ALIGN (0x4)
 *(.rodata)
 .rodata        0x080012d8       0xf8 obj\debug\src\main.o
 .rodata        0x080013d0       0x18 obj\debug\src\system_stm32g4xx.o
                0x080013d0                AHBPrescTable
                0x080013e0                APBPrescTable
 .rodata        0x080013e8       0x92 obj\debug\src\usart.o
 *(.rodata*)
                0x0800147c                . = ALIGN (0x4)
 *fill*         0x0800147a        0x2 

.rel.dyn        0x0800147c        0x0
 .rel.iplt      0x0800147c        0x0 c:/program files (x86)/embitz/2.60/share/armgcc/bin/../lib/gcc/arm-none-eabi/9.3.1/thumb/v7e-m/nofp/crtbegin.o

.ARM.extab
 *(.ARM.extab* .gnu.linkonce.armextab.*)

.ARM            0x0800147c        0x0
                0x0800147c                __exidx_start = .
 *(.ARM.exidx*)
                0x0800147c                __exidx_end = .

.preinit_array  0x0800147c        0x0
                0x0800147c                PROVIDE (__preinit_array_start = .)
 *(.preinit_array*)
                0x0800147c                PROVIDE (__preinit_array_end = .)

.init_array     0x0800147c        0x4
                0x0800147c                PROVIDE (__init_array_start = .)
 *(SORT_BY_NAME(.init_array.*))
 *(.init_array*)
 .init_array    0x0800147c        0x4 c:/program files (x86)/embitz/2.60/share/armgcc/bin/../lib/gcc/arm-none-eabi/9.3.1/thumb/v7e-m/nofp/crtbegin.o
                0x08001480                PROVIDE (__init_array_end = .)

.fini_array     0x08001480        0x4
                [!provide]                PROVIDE (__fini_array_start = .)
 *(SORT_BY_NAME(.fini_array.*))
 *(.fini_array*)
 .fini_array    0x08001480        0x4 c:/program files (x86)/embitz/2.60/share/armgcc/bin/../lib/gcc/arm-none-eabi/9.3.1/thumb/v7e-m/nofp/crtbegin.o
                [!provide]                PROVIDE (__fini_array_end = .)
                0x08001484                _sidata = LOADADDR (.data)

.data           0x20000000        0x4 load address 0x08001484
                0x20000000                . = ALIGN (0x4)
                0x20000000                _sdata = .
 *(.data)
 .data          0x20000000        0x4 obj\debug\src\system_stm32g4xx.o
                0x20000000                SystemCoreClock
 *(.data*)
                0x20000004                . = ALIGN (0x4)
                0x20000004                _edata = .

.igot.plt       0x20000004        0x0 load address 0x08001488
 .igot.plt      0x20000004        0x0 c:/program files (x86)/embitz/2.60/share/armgcc/bin/../lib/gcc/arm-none-eabi/9.3.1/thumb/v7e-m/nofp/crtbegin.o
                0x20000004                . = ALIGN (0x4)

.bss            0x20000004       0x5c load address 0x08001488
                0x20000004                _sbss = .
                0x20000004                __bss_start__ = _sbss
 *(.bss)
 .bss           0x20000004       0x1c c:/program files (x86)/embitz/2.60/share/armgcc/bin/../lib/gcc/arm-none-eabi/9.3.1/thumb/v7e-m/nofp/crtbegin.o
 .bss           0x20000020        0x8 obj\debug\src\main.o
                0x20000020                buff_index
                0x20000024                decode_command
 *(.bss*)
 *(COMMON)
 COMMON         0x20000028       0x24 obj\debug\src\max2870.o
                0x20000028                MAX2871_reg
 COMMON         0x2000004c       0x14 obj\debug\src\main.o
                0x2000004c                buffer
                0x20000060                . = ALIGN (0x4)
                0x20000060                _ebss = .
                0x20000060                __bss_end__ = _ebss

.heap           0x20000060        0x0 load address 0x08001488
                0x20000060                . = ALIGN (0x4)
                [!provide]                PROVIDE (end = .)
                [!provide]                PROVIDE (_end = .)
 *(.heap*)
                0x20000060                . = (. + _Min_Heap_Size)
                0x20000060                __HeapLimit = .
                0x20000060                . = ALIGN (0x4)

.ARM.attributes
                0x00000000       0x2a
 *(.ARM.attributes)
 .ARM.attributes
                0x00000000       0x1e c:/program files (x86)/embitz/2.60/share/armgcc/bin/../lib/gcc/arm-none-eabi/9.3.1/thumb/v7e-m/nofp/crti.o
 .ARM.attributes
                0x0000001e       0x2e c:/program files (x86)/embitz/2.60/share/armgcc/bin/../lib/gcc/arm-none-eabi/9.3.1/thumb/v7e-m/nofp/crtbegin.o
 .ARM.attributes
                0x0000004c       0x21 obj\debug\src\startup_stm32g441xx.o
 .ARM.attributes
                0x0000006d       0x2e obj\debug\src\max2870.o
 .ARM.attributes
                0x0000009b       0x2e obj\debug\src\main.o
 .ARM.attributes
                0x000000c9       0x2e obj\debug\src\system_stm32g4xx.o
 .ARM.attributes
                0x000000f7       0x2e obj\debug\src\usart.o
 .ARM.attributes
                0x00000125       0x2e obj\debug\src\delay.o
 .ARM.attributes
                0x00000153       0x1e c:/program files (x86)/embitz/2.60/share/armgcc/bin/../lib/gcc/arm-none-eabi/9.3.1/thumb/v7e-m/nofp/crtn.o
                0x20007f00                __StackLimit = (_estack - _Min_Stack_Size)
                0x00000001                ASSERT ((__StackLimit >= __HeapLimit), Region RAM overflowed with stack)
LOAD obj\debug\src\startup_stm32g441xx.o
LOAD obj\debug\src\max2870.o
LOAD obj\debug\src\main.o
LOAD obj\debug\src\system_stm32g4xx.o
LOAD obj\debug\src\usart.o
LOAD obj\debug\src\delay.o
START GROUP
LOAD c:/program files (x86)/embitz/2.60/share/armgcc/bin/../lib/gcc/arm-none-eabi/9.3.1/thumb/v7e-m/nofp\libgcc.a
LOAD c:/program files (x86)/embitz/2.60/share/armgcc/bin/../lib/gcc/arm-none-eabi/9.3.1/../../../../arm-none-eabi/lib/thumb/v7e-m/nofp\libg_nano.a
LOAD c:/program files (x86)/embitz/2.60/share/armgcc/bin/../lib/gcc/arm-none-eabi/9.3.1/../../../../arm-none-eabi/lib/thumb/v7e-m/nofp\libc_nano.a
END GROUP
START GROUP
LOAD c:/program files (x86)/embitz/2.60/share/armgcc/bin/../lib/gcc/arm-none-eabi/9.3.1/thumb/v7e-m/nofp\libgcc.a
LOAD c:/program files (x86)/embitz/2.60/share/armgcc/bin/../lib/gcc/arm-none-eabi/9.3.1/../../../../arm-none-eabi/lib/thumb/v7e-m/nofp\libc_nano.a
LOAD c:/program files (x86)/embitz/2.60/share/armgcc/bin/../lib/gcc/arm-none-eabi/9.3.1/../../../../arm-none-eabi/lib/thumb/v7e-m/nofp\libnosys.a
END GROUP
START GROUP
LOAD c:/program files (x86)/embitz/2.60/share/armgcc/bin/../lib/gcc/arm-none-eabi/9.3.1/thumb/v7e-m/nofp\libgcc.a
LOAD c:/program files (x86)/embitz/2.60/share/armgcc/bin/../lib/gcc/arm-none-eabi/9.3.1/../../../../arm-none-eabi/lib/thumb/v7e-m/nofp\libc_nano.a
LOAD c:/program files (x86)/embitz/2.60/share/armgcc/bin/../lib/gcc/arm-none-eabi/9.3.1/../../../../arm-none-eabi/lib/thumb/v7e-m/nofp\libnosys.a
END GROUP
LOAD c:/program files (x86)/embitz/2.60/share/armgcc/bin/../lib/gcc/arm-none-eabi/9.3.1/thumb/v7e-m/nofp/crtend.o
LOAD c:/program files (x86)/embitz/2.60/share/armgcc/bin/../lib/gcc/arm-none-eabi/9.3.1/thumb/v7e-m/nofp/crtn.o
OUTPUT(bin\Debug\basic_startup.elf elf32-littlearm)
LOAD linker stubs

.debug_line     0x00000000      0xecf
 .debug_line    0x00000000       0x7a obj\debug\src\startup_stm32g441xx.o
 .debug_line    0x0000007a      0x27e obj\debug\src\max2870.o
 .debug_line    0x000002f8      0x2ed obj\debug\src\main.o
 .debug_line    0x000005e5      0x1ae obj\debug\src\system_stm32g4xx.o
 .debug_line    0x00000793      0x555 obj\debug\src\usart.o
 .debug_line    0x00000ce8      0x1e7 obj\debug\src\delay.o

.debug_info     0x00000000     0x2bd9
 .debug_info    0x00000000       0x22 obj\debug\src\startup_stm32g441xx.o
 .debug_info    0x00000022      0x3d5 obj\debug\src\max2870.o
 .debug_info    0x000003f7      0x837 obj\debug\src\main.o
 .debug_info    0x00000c2e      0x403 obj\debug\src\system_stm32g4xx.o
 .debug_info    0x00001031     0x15f6 obj\debug\src\usart.o
 .debug_info    0x00002627      0x5b2 obj\debug\src\delay.o

.debug_abbrev   0x00000000      0x8ab
 .debug_abbrev  0x00000000       0x12 obj\debug\src\startup_stm32g441xx.o
 .debug_abbrev  0x00000012      0x1a6 obj\debug\src\max2870.o
 .debug_abbrev  0x000001b8      0x154 obj\debug\src\main.o
 .debug_abbrev  0x0000030c      0x126 obj\debug\src\system_stm32g4xx.o
 .debug_abbrev  0x00000432      0x328 obj\debug\src\usart.o
 .debug_abbrev  0x0000075a      0x151 obj\debug\src\delay.o

.debug_aranges  0x00000000       0xc8
 .debug_aranges
                0x00000000       0x28 obj\debug\src\startup_stm32g441xx.o
 .debug_aranges
                0x00000028       0x20 obj\debug\src\max2870.o
 .debug_aranges
                0x00000048       0x20 obj\debug\src\main.o
 .debug_aranges
                0x00000068       0x20 obj\debug\src\system_stm32g4xx.o
 .debug_aranges
                0x00000088       0x20 obj\debug\src\usart.o
 .debug_aranges
                0x000000a8       0x20 obj\debug\src\delay.o

.debug_str      0x00000000     0x1031
 .debug_str     0x00000000       0x95 obj\debug\src\startup_stm32g441xx.o
 .debug_str     0x00000095      0x221 obj\debug\src\max2870.o
                                0x2ea (size before relaxing)
 .debug_str     0x000002b6      0x2a6 obj\debug\src\main.o
                                0x4e0 (size before relaxing)
 .debug_str     0x0000055c       0x53 obj\debug\src\system_stm32g4xx.o
                                0x394 (size before relaxing)
 .debug_str     0x000005af      0x9e1 obj\debug\src\usart.o
                                0xd8c (size before relaxing)
 .debug_str     0x00000f90       0xa1 obj\debug\src\delay.o
                                0x3e2 (size before relaxing)

.debug_ranges   0x00000000       0x38
 .debug_ranges  0x00000000       0x20 obj\debug\src\startup_stm32g441xx.o
 .debug_ranges  0x00000020       0x18 obj\debug\src\main.o

.comment        0x00000000       0x4c
 .comment       0x00000000       0x4c obj\debug\src\max2870.o
                                 0x4d (size before relaxing)
 .comment       0x0000004c       0x4d obj\debug\src\main.o
 .comment       0x0000004c       0x4d obj\debug\src\system_stm32g4xx.o
 .comment       0x0000004c       0x4d obj\debug\src\usart.o
 .comment       0x0000004c       0x4d obj\debug\src\delay.o

.debug_frame    0x00000000      0x4c8
 .debug_frame   0x00000000       0xd0 obj\debug\src\max2870.o
 .debug_frame   0x000000d0       0xd4 obj\debug\src\main.o
 .debug_frame   0x000001a4       0x58 obj\debug\src\system_stm32g4xx.o
 .debug_frame   0x000001fc      0x210 obj\debug\src\usart.o
 .debug_frame   0x0000040c       0xbc obj\debug\src\delay.o
