Archive member included to satisfy reference by file (symbol)

c:/program files (x86)/embitz/2.30/share/armgcc/bin/../lib/gcc/arm-none-eabi/9.3.1/thumb/v6-m/nofp\libgcc.a(_udivsi3.o)
                              obj\debug\src\system_stm32g0xx.o (__aeabi_uidiv)
c:/program files (x86)/embitz/2.30/share/armgcc/bin/../lib/gcc/arm-none-eabi/9.3.1/thumb/v6-m/nofp\libgcc.a(_divsi3.o)
                              obj\debug\src\usart.o (__aeabi_idiv)
c:/program files (x86)/embitz/2.30/share/armgcc/bin/../lib/gcc/arm-none-eabi/9.3.1/thumb/v6-m/nofp\libgcc.a(_dvmd_tls.o)
                              c:/program files (x86)/embitz/2.30/share/armgcc/bin/../lib/gcc/arm-none-eabi/9.3.1/thumb/v6-m/nofp\libgcc.a(_udivsi3.o) (__aeabi_idiv0)
c:/program files (x86)/embitz/2.30/share/armgcc/bin/../lib/gcc/arm-none-eabi/9.3.1/../../../../arm-none-eabi/lib/thumb/v6-m/nofp\libg_nano.a(lib_a-exit.o)
                              c:/program files (x86)/embitz/2.30/share/armgcc/bin/../lib/gcc/arm-none-eabi/9.3.1/../../../../arm-none-eabi/lib/thumb/v6-m/nofp/crt0.o (exit)
c:/program files (x86)/embitz/2.30/share/armgcc/bin/../lib/gcc/arm-none-eabi/9.3.1/../../../../arm-none-eabi/lib/thumb/v6-m/nofp\libg_nano.a(lib_a-impure.o)
                              c:/program files (x86)/embitz/2.30/share/armgcc/bin/../lib/gcc/arm-none-eabi/9.3.1/../../../../arm-none-eabi/lib/thumb/v6-m/nofp\libg_nano.a(lib_a-exit.o) (_global_impure_ptr)
c:/program files (x86)/embitz/2.30/share/armgcc/bin/../lib/gcc/arm-none-eabi/9.3.1/../../../../arm-none-eabi/lib/thumb/v6-m/nofp\libg_nano.a(lib_a-init.o)
                              c:/program files (x86)/embitz/2.30/share/armgcc/bin/../lib/gcc/arm-none-eabi/9.3.1/../../../../arm-none-eabi/lib/thumb/v6-m/nofp/crt0.o (__libc_init_array)
c:/program files (x86)/embitz/2.30/share/armgcc/bin/../lib/gcc/arm-none-eabi/9.3.1/../../../../arm-none-eabi/lib/thumb/v6-m/nofp\libg_nano.a(lib_a-memset.o)
                              c:/program files (x86)/embitz/2.30/share/armgcc/bin/../lib/gcc/arm-none-eabi/9.3.1/../../../../arm-none-eabi/lib/thumb/v6-m/nofp/crt0.o (memset)
c:/program files (x86)/embitz/2.30/share/armgcc/bin/../lib/gcc/arm-none-eabi/9.3.1/../../../../arm-none-eabi/lib/thumb/v6-m/nofp\libnosys.a(_exit.o)
                              c:/program files (x86)/embitz/2.30/share/armgcc/bin/../lib/gcc/arm-none-eabi/9.3.1/../../../../arm-none-eabi/lib/thumb/v6-m/nofp\libg_nano.a(lib_a-exit.o) (_exit)

Allocating common symbols
Common symbol       size              file

buffer              0x28              obj\debug\src\main.o
decode_command      0x4               obj\debug\src\main.o
buff_index          0x4               obj\debug\src\main.o

Discarded input sections

 .text          0x00000000        0x0 c:/program files (x86)/embitz/2.30/share/armgcc/bin/../lib/gcc/arm-none-eabi/9.3.1/thumb/v6-m/nofp/crti.o
 .data          0x00000000        0x0 c:/program files (x86)/embitz/2.30/share/armgcc/bin/../lib/gcc/arm-none-eabi/9.3.1/thumb/v6-m/nofp/crti.o
 .bss           0x00000000        0x0 c:/program files (x86)/embitz/2.30/share/armgcc/bin/../lib/gcc/arm-none-eabi/9.3.1/thumb/v6-m/nofp/crti.o
 .data          0x00000000        0x4 c:/program files (x86)/embitz/2.30/share/armgcc/bin/../lib/gcc/arm-none-eabi/9.3.1/thumb/v6-m/nofp/crtbegin.o
 .text          0x00000000       0x80 c:/program files (x86)/embitz/2.30/share/armgcc/bin/../lib/gcc/arm-none-eabi/9.3.1/../../../../arm-none-eabi/lib/thumb/v6-m/nofp/crt0.o
 .data          0x00000000        0x0 c:/program files (x86)/embitz/2.30/share/armgcc/bin/../lib/gcc/arm-none-eabi/9.3.1/../../../../arm-none-eabi/lib/thumb/v6-m/nofp/crt0.o
 .bss           0x00000000        0x0 c:/program files (x86)/embitz/2.30/share/armgcc/bin/../lib/gcc/arm-none-eabi/9.3.1/../../../../arm-none-eabi/lib/thumb/v6-m/nofp/crt0.o
 .ARM.extab     0x00000000        0x0 c:/program files (x86)/embitz/2.30/share/armgcc/bin/../lib/gcc/arm-none-eabi/9.3.1/../../../../arm-none-eabi/lib/thumb/v6-m/nofp/crt0.o
 .ARM.exidx     0x00000000       0x10 c:/program files (x86)/embitz/2.30/share/armgcc/bin/../lib/gcc/arm-none-eabi/9.3.1/../../../../arm-none-eabi/lib/thumb/v6-m/nofp/crt0.o
 .ARM.attributes
                0x00000000       0x1b c:/program files (x86)/embitz/2.30/share/armgcc/bin/../lib/gcc/arm-none-eabi/9.3.1/../../../../arm-none-eabi/lib/thumb/v6-m/nofp/crt0.o
 .text          0x00000000        0x0 obj\debug\src\main.o
 .data          0x00000000        0x0 obj\debug\src\main.o
 .bss           0x00000000        0x0 obj\debug\src\main.o
 .text          0x00000000       0x14 obj\debug\src\startup_stm32g0b0xx.o
 .data          0x00000000        0x0 obj\debug\src\startup_stm32g0b0xx.o
 .bss           0x00000000        0x0 obj\debug\src\startup_stm32g0b0xx.o
 .text          0x00000000        0x0 obj\debug\src\stuw81300.o
 .data          0x00000000        0x0 obj\debug\src\stuw81300.o
 .bss           0x00000000        0x0 obj\debug\src\stuw81300.o
 .text          0x00000000        0x0 obj\debug\src\system_stm32g0xx.o
 .data          0x00000000        0x0 obj\debug\src\system_stm32g0xx.o
 .bss           0x00000000        0x0 obj\debug\src\system_stm32g0xx.o
 .data.SystemCoreClock
                0x00000000        0x4 obj\debug\src\system_stm32g0xx.o
 .rodata.AHBPrescTable
                0x00000000       0x40 obj\debug\src\system_stm32g0xx.o
 .rodata.APBPrescTable
                0x00000000       0x20 obj\debug\src\system_stm32g0xx.o
 .text.SystemCoreClockUpdate
                0x00000000      0x108 obj\debug\src\system_stm32g0xx.o
 .text          0x00000000        0x0 obj\debug\src\usart.o
 .data          0x00000000        0x0 obj\debug\src\usart.o
 .bss           0x00000000        0x0 obj\debug\src\usart.o
 .text.usart_send_byte
                0x00000000       0x30 obj\debug\src\usart.o
 .text.int_to_dec_string
                0x00000000       0x9c obj\debug\src\usart.o
 .text.itoa     0x00000000       0xb0 obj\debug\src\usart.o
 .text.int_to_int_string
                0x00000000       0xa0 obj\debug\src\usart.o
 .text          0x00000000        0x0 obj\debug\src\delay.o
 .data          0x00000000        0x0 obj\debug\src\delay.o
 .bss           0x00000000        0x0 obj\debug\src\delay.o
 .text          0x00000000      0x114 c:/program files (x86)/embitz/2.30/share/armgcc/bin/../lib/gcc/arm-none-eabi/9.3.1/thumb/v6-m/nofp\libgcc.a(_udivsi3.o)
 .data          0x00000000        0x0 c:/program files (x86)/embitz/2.30/share/armgcc/bin/../lib/gcc/arm-none-eabi/9.3.1/thumb/v6-m/nofp\libgcc.a(_udivsi3.o)
 .bss           0x00000000        0x0 c:/program files (x86)/embitz/2.30/share/armgcc/bin/../lib/gcc/arm-none-eabi/9.3.1/thumb/v6-m/nofp\libgcc.a(_udivsi3.o)
 .debug_frame   0x00000000       0x20 c:/program files (x86)/embitz/2.30/share/armgcc/bin/../lib/gcc/arm-none-eabi/9.3.1/thumb/v6-m/nofp\libgcc.a(_udivsi3.o)
 .ARM.attributes
                0x00000000       0x1e c:/program files (x86)/embitz/2.30/share/armgcc/bin/../lib/gcc/arm-none-eabi/9.3.1/thumb/v6-m/nofp\libgcc.a(_udivsi3.o)
 .text          0x00000000      0x1d4 c:/program files (x86)/embitz/2.30/share/armgcc/bin/../lib/gcc/arm-none-eabi/9.3.1/thumb/v6-m/nofp\libgcc.a(_divsi3.o)
 .data          0x00000000        0x0 c:/program files (x86)/embitz/2.30/share/armgcc/bin/../lib/gcc/arm-none-eabi/9.3.1/thumb/v6-m/nofp\libgcc.a(_divsi3.o)
 .bss           0x00000000        0x0 c:/program files (x86)/embitz/2.30/share/armgcc/bin/../lib/gcc/arm-none-eabi/9.3.1/thumb/v6-m/nofp\libgcc.a(_divsi3.o)
 .debug_frame   0x00000000       0x20 c:/program files (x86)/embitz/2.30/share/armgcc/bin/../lib/gcc/arm-none-eabi/9.3.1/thumb/v6-m/nofp\libgcc.a(_divsi3.o)
 .ARM.attributes
                0x00000000       0x1e c:/program files (x86)/embitz/2.30/share/armgcc/bin/../lib/gcc/arm-none-eabi/9.3.1/thumb/v6-m/nofp\libgcc.a(_divsi3.o)
 .text          0x00000000        0x4 c:/program files (x86)/embitz/2.30/share/armgcc/bin/../lib/gcc/arm-none-eabi/9.3.1/thumb/v6-m/nofp\libgcc.a(_dvmd_tls.o)
 .data          0x00000000        0x0 c:/program files (x86)/embitz/2.30/share/armgcc/bin/../lib/gcc/arm-none-eabi/9.3.1/thumb/v6-m/nofp\libgcc.a(_dvmd_tls.o)
 .bss           0x00000000        0x0 c:/program files (x86)/embitz/2.30/share/armgcc/bin/../lib/gcc/arm-none-eabi/9.3.1/thumb/v6-m/nofp\libgcc.a(_dvmd_tls.o)
 .ARM.attributes
                0x00000000       0x1e c:/program files (x86)/embitz/2.30/share/armgcc/bin/../lib/gcc/arm-none-eabi/9.3.1/thumb/v6-m/nofp\libgcc.a(_dvmd_tls.o)
 .text          0x00000000        0x0 c:/program files (x86)/embitz/2.30/share/armgcc/bin/../lib/gcc/arm-none-eabi/9.3.1/../../../../arm-none-eabi/lib/thumb/v6-m/nofp\libg_nano.a(lib_a-exit.o)
 .data          0x00000000        0x0 c:/program files (x86)/embitz/2.30/share/armgcc/bin/../lib/gcc/arm-none-eabi/9.3.1/../../../../arm-none-eabi/lib/thumb/v6-m/nofp\libg_nano.a(lib_a-exit.o)
 .bss           0x00000000        0x0 c:/program files (x86)/embitz/2.30/share/armgcc/bin/../lib/gcc/arm-none-eabi/9.3.1/../../../../arm-none-eabi/lib/thumb/v6-m/nofp\libg_nano.a(lib_a-exit.o)
 .text.exit     0x00000000       0x2c c:/program files (x86)/embitz/2.30/share/armgcc/bin/../lib/gcc/arm-none-eabi/9.3.1/../../../../arm-none-eabi/lib/thumb/v6-m/nofp\libg_nano.a(lib_a-exit.o)
 .debug_frame   0x00000000       0x28 c:/program files (x86)/embitz/2.30/share/armgcc/bin/../lib/gcc/arm-none-eabi/9.3.1/../../../../arm-none-eabi/lib/thumb/v6-m/nofp\libg_nano.a(lib_a-exit.o)
 .ARM.attributes
                0x00000000       0x2c c:/program files (x86)/embitz/2.30/share/armgcc/bin/../lib/gcc/arm-none-eabi/9.3.1/../../../../arm-none-eabi/lib/thumb/v6-m/nofp\libg_nano.a(lib_a-exit.o)
 .text          0x00000000        0x0 c:/program files (x86)/embitz/2.30/share/armgcc/bin/../lib/gcc/arm-none-eabi/9.3.1/../../../../arm-none-eabi/lib/thumb/v6-m/nofp\libg_nano.a(lib_a-impure.o)
 .data          0x00000000        0x0 c:/program files (x86)/embitz/2.30/share/armgcc/bin/../lib/gcc/arm-none-eabi/9.3.1/../../../../arm-none-eabi/lib/thumb/v6-m/nofp\libg_nano.a(lib_a-impure.o)
 .bss           0x00000000        0x0 c:/program files (x86)/embitz/2.30/share/armgcc/bin/../lib/gcc/arm-none-eabi/9.3.1/../../../../arm-none-eabi/lib/thumb/v6-m/nofp\libg_nano.a(lib_a-impure.o)
 .data._impure_ptr
                0x00000000        0x4 c:/program files (x86)/embitz/2.30/share/armgcc/bin/../lib/gcc/arm-none-eabi/9.3.1/../../../../arm-none-eabi/lib/thumb/v6-m/nofp\libg_nano.a(lib_a-impure.o)
 .data.impure_data
                0x00000000       0x60 c:/program files (x86)/embitz/2.30/share/armgcc/bin/../lib/gcc/arm-none-eabi/9.3.1/../../../../arm-none-eabi/lib/thumb/v6-m/nofp\libg_nano.a(lib_a-impure.o)
 .rodata._global_impure_ptr
                0x00000000        0x4 c:/program files (x86)/embitz/2.30/share/armgcc/bin/../lib/gcc/arm-none-eabi/9.3.1/../../../../arm-none-eabi/lib/thumb/v6-m/nofp\libg_nano.a(lib_a-impure.o)
 .ARM.attributes
                0x00000000       0x2c c:/program files (x86)/embitz/2.30/share/armgcc/bin/../lib/gcc/arm-none-eabi/9.3.1/../../../../arm-none-eabi/lib/thumb/v6-m/nofp\libg_nano.a(lib_a-impure.o)
 .text          0x00000000        0x0 c:/program files (x86)/embitz/2.30/share/armgcc/bin/../lib/gcc/arm-none-eabi/9.3.1/../../../../arm-none-eabi/lib/thumb/v6-m/nofp\libg_nano.a(lib_a-init.o)
 .data          0x00000000        0x0 c:/program files (x86)/embitz/2.30/share/armgcc/bin/../lib/gcc/arm-none-eabi/9.3.1/../../../../arm-none-eabi/lib/thumb/v6-m/nofp\libg_nano.a(lib_a-init.o)
 .bss           0x00000000        0x0 c:/program files (x86)/embitz/2.30/share/armgcc/bin/../lib/gcc/arm-none-eabi/9.3.1/../../../../arm-none-eabi/lib/thumb/v6-m/nofp\libg_nano.a(lib_a-init.o)
 .text          0x00000000        0x0 c:/program files (x86)/embitz/2.30/share/armgcc/bin/../lib/gcc/arm-none-eabi/9.3.1/../../../../arm-none-eabi/lib/thumb/v6-m/nofp\libg_nano.a(lib_a-memset.o)
 .data          0x00000000        0x0 c:/program files (x86)/embitz/2.30/share/armgcc/bin/../lib/gcc/arm-none-eabi/9.3.1/../../../../arm-none-eabi/lib/thumb/v6-m/nofp\libg_nano.a(lib_a-memset.o)
 .bss           0x00000000        0x0 c:/program files (x86)/embitz/2.30/share/armgcc/bin/../lib/gcc/arm-none-eabi/9.3.1/../../../../arm-none-eabi/lib/thumb/v6-m/nofp\libg_nano.a(lib_a-memset.o)
 .text.memset   0x00000000       0x10 c:/program files (x86)/embitz/2.30/share/armgcc/bin/../lib/gcc/arm-none-eabi/9.3.1/../../../../arm-none-eabi/lib/thumb/v6-m/nofp\libg_nano.a(lib_a-memset.o)
 .debug_frame   0x00000000       0x20 c:/program files (x86)/embitz/2.30/share/armgcc/bin/../lib/gcc/arm-none-eabi/9.3.1/../../../../arm-none-eabi/lib/thumb/v6-m/nofp\libg_nano.a(lib_a-memset.o)
 .ARM.attributes
                0x00000000       0x2c c:/program files (x86)/embitz/2.30/share/armgcc/bin/../lib/gcc/arm-none-eabi/9.3.1/../../../../arm-none-eabi/lib/thumb/v6-m/nofp\libg_nano.a(lib_a-memset.o)
 .text          0x00000000        0x0 c:/program files (x86)/embitz/2.30/share/armgcc/bin/../lib/gcc/arm-none-eabi/9.3.1/../../../../arm-none-eabi/lib/thumb/v6-m/nofp\libnosys.a(_exit.o)
 .data          0x00000000        0x0 c:/program files (x86)/embitz/2.30/share/armgcc/bin/../lib/gcc/arm-none-eabi/9.3.1/../../../../arm-none-eabi/lib/thumb/v6-m/nofp\libnosys.a(_exit.o)
 .bss           0x00000000        0x0 c:/program files (x86)/embitz/2.30/share/armgcc/bin/../lib/gcc/arm-none-eabi/9.3.1/../../../../arm-none-eabi/lib/thumb/v6-m/nofp\libnosys.a(_exit.o)
 .text._exit    0x00000000        0x4 c:/program files (x86)/embitz/2.30/share/armgcc/bin/../lib/gcc/arm-none-eabi/9.3.1/../../../../arm-none-eabi/lib/thumb/v6-m/nofp\libnosys.a(_exit.o)
 .debug_frame   0x00000000       0x20 c:/program files (x86)/embitz/2.30/share/armgcc/bin/../lib/gcc/arm-none-eabi/9.3.1/../../../../arm-none-eabi/lib/thumb/v6-m/nofp\libnosys.a(_exit.o)
 .ARM.attributes
                0x00000000       0x2c c:/program files (x86)/embitz/2.30/share/armgcc/bin/../lib/gcc/arm-none-eabi/9.3.1/../../../../arm-none-eabi/lib/thumb/v6-m/nofp\libnosys.a(_exit.o)
 .text          0x00000000        0x0 c:/program files (x86)/embitz/2.30/share/armgcc/bin/../lib/gcc/arm-none-eabi/9.3.1/thumb/v6-m/nofp/crtend.o
 .data          0x00000000        0x0 c:/program files (x86)/embitz/2.30/share/armgcc/bin/../lib/gcc/arm-none-eabi/9.3.1/thumb/v6-m/nofp/crtend.o
 .bss           0x00000000        0x0 c:/program files (x86)/embitz/2.30/share/armgcc/bin/../lib/gcc/arm-none-eabi/9.3.1/thumb/v6-m/nofp/crtend.o
 .eh_frame      0x00000000        0x4 c:/program files (x86)/embitz/2.30/share/armgcc/bin/../lib/gcc/arm-none-eabi/9.3.1/thumb/v6-m/nofp/crtend.o
 .ARM.attributes
                0x00000000       0x2c c:/program files (x86)/embitz/2.30/share/armgcc/bin/../lib/gcc/arm-none-eabi/9.3.1/thumb/v6-m/nofp/crtend.o
 .text          0x00000000        0x0 c:/program files (x86)/embitz/2.30/share/armgcc/bin/../lib/gcc/arm-none-eabi/9.3.1/thumb/v6-m/nofp/crtn.o
 .data          0x00000000        0x0 c:/program files (x86)/embitz/2.30/share/armgcc/bin/../lib/gcc/arm-none-eabi/9.3.1/thumb/v6-m/nofp/crtn.o
 .bss           0x00000000        0x0 c:/program files (x86)/embitz/2.30/share/armgcc/bin/../lib/gcc/arm-none-eabi/9.3.1/thumb/v6-m/nofp/crtn.o

Memory Configuration

Name             Origin             Length             Attributes
FLASH            0x08000000         0x00080000         xr
RAM              0x20000000         0x00024000         xrw
*default*        0x00000000         0xffffffff

Linker script and memory map

LOAD c:/program files (x86)/embitz/2.30/share/armgcc/bin/../lib/gcc/arm-none-eabi/9.3.1/thumb/v6-m/nofp/crti.o
LOAD c:/program files (x86)/embitz/2.30/share/armgcc/bin/../lib/gcc/arm-none-eabi/9.3.1/thumb/v6-m/nofp/crtbegin.o
LOAD c:/program files (x86)/embitz/2.30/share/armgcc/bin/../lib/gcc/arm-none-eabi/9.3.1/../../../../arm-none-eabi/lib/thumb/v6-m/nofp/crt0.o
                0x00000000                __HEAP_SIZE = 0x0
                0x00000100                __STACK_SIZE = 0x100
                0x00000000                _Min_Heap_Size = __HEAP_SIZE
                0x00000100                _Min_Stack_Size = __STACK_SIZE
                0x20024000                _estack = (ORIGIN (RAM) + LENGTH (RAM))

.isr_vector     0x08000000       0xb8
                0x08000000                . = ALIGN (0x4)
 *(.isr_vector)
 .isr_vector    0x08000000       0xb8 obj\debug\src\startup_stm32g0b0xx.o
                0x08000000                g_pfnVectors
                0x080000b8                . = ALIGN (0x4)

.text           0x080000b8      0xf14
                0x080000b8                . = ALIGN (0x4)
 *(.text)
 .text          0x080000b8       0x48 c:/program files (x86)/embitz/2.30/share/armgcc/bin/../lib/gcc/arm-none-eabi/9.3.1/thumb/v6-m/nofp/crtbegin.o
 *(.text*)
 .text.main     0x08000100       0x94 obj\debug\src\main.o
                0x08000100                main
 .text.init     0x08000194       0xe8 obj\debug\src\main.o
                0x08000194                init
 .text.NMI_Handler
                0x0800027c        0x6 obj\debug\src\main.o
                0x0800027c                NMI_Handler
 .text.HardFault_Handler
                0x08000282        0x6 obj\debug\src\main.o
                0x08000282                HardFault_Handler
 .text.USART1_IRQHandler
                0x08000288       0xf0 obj\debug\src\main.o
                0x08000288                USART1_IRQHandler
 .text.Reset_Handler
                0x08000378       0x50 obj\debug\src\startup_stm32g0b0xx.o
                0x08000378                Reset_Handler
 .text.Default_Handler
                0x080003c8        0x2 obj\debug\src\startup_stm32g0b0xx.o
                0x080003c8                I2C2_3_IRQHandler
                0x080003c8                TIM1_CC_IRQHandler
                0x080003c8                TIM6_IRQHandler
                0x080003c8                SysTick_Handler
                0x080003c8                PendSV_Handler
                0x080003c8                I2C1_IRQHandler
                0x080003c8                DMA1_Ch4_7_DMA2_Ch1_5_DMAMUX1_OVR_IRQHandler
                0x080003c8                RTC_TAMP_IRQHandler
                0x080003c8                SPI1_IRQHandler
                0x080003c8                EXTI2_3_IRQHandler
                0x080003c8                ADC1_IRQHandler
                0x080003c8                TIM17_IRQHandler
                0x080003c8                TIM16_IRQHandler
                0x080003c8                EXTI4_15_IRQHandler
                0x080003c8                RCC_IRQHandler
                0x080003c8                DMA1_Channel1_IRQHandler
                0x080003c8                Default_Handler
                0x080003c8                TIM14_IRQHandler
                0x080003c8                TIM7_IRQHandler
                0x080003c8                TIM15_IRQHandler
                0x080003c8                TIM3_TIM4_IRQHandler
                0x080003c8                EXTI0_1_IRQHandler
                0x080003c8                USB_IRQHandler
                0x080003c8                SPI2_3_IRQHandler
                0x080003c8                SVC_Handler
                0x080003c8                WWDG_IRQHandler
                0x080003c8                DMA1_Channel2_3_IRQHandler
                0x080003c8                USART2_IRQHandler
                0x080003c8                FLASH_IRQHandler
                0x080003c8                TIM1_BRK_UP_TRG_COM_IRQHandler
                0x080003c8                USART3_4_5_6_IRQHandler
 *fill*         0x080003ca        0x2 
 .text.send_STUW81300
                0x080003cc       0xd8 obj\debug\src\stuw81300.o
                0x080003cc                send_STUW81300
 .text.read_STUW81300
                0x080004a4       0xe0 obj\debug\src\stuw81300.o
                0x080004a4                read_STUW81300
 .text.init_STUW81300
                0x08000584       0x38 obj\debug\src\stuw81300.o
                0x08000584                init_STUW81300
 .text.startup_STUW81300
                0x080005bc       0x74 obj\debug\src\stuw81300.o
                0x080005bc                startup_STUW81300
 .text.test_STUW81300
                0x08000630       0x24 obj\debug\src\stuw81300.o
                0x08000630                test_STUW81300
 .text.SystemInit
                0x08000654        0xa obj\debug\src\system_stm32g0xx.o
                0x08000654                SystemInit
 *fill*         0x0800065e        0x2 
 .text.__NVIC_EnableIRQ
                0x08000660       0x34 obj\debug\src\usart.o
 .text.__NVIC_SetPriority
                0x08000694       0xdc obj\debug\src\usart.o
 .text.init_usart
                0x08000770       0x74 obj\debug\src\usart.o
                0x08000770                init_usart
 .text.usart_send_string
                0x080007e4       0x48 obj\debug\src\usart.o
                0x080007e4                usart_send_string
 .text.string_to_int
                0x0800082c       0xdc obj\debug\src\usart.o
                0x0800082c                string_to_int
 .text.register_bin_to_int
                0x08000908       0x50 obj\debug\src\usart.o
                0x08000908                register_bin_to_int
 .text.register_hex_to_int
                0x08000958       0x88 obj\debug\src\usart.o
                0x08000958                register_hex_to_int
 .text.compare_string
                0x080009e0       0x4c obj\debug\src\usart.o
                0x080009e0                compare_string
 .text.int_to_hex_string
                0x08000a2c       0x6c obj\debug\src\usart.o
                0x08000a2c                int_to_hex_string
 .text.int_to_bin_string
                0x08000a98       0x70 obj\debug\src\usart.o
                0x08000a98                int_to_bin_string
 .text.command_decode
                0x08000b08      0x2ec obj\debug\src\usart.o
                0x08000b08                command_decode
 .text.timer6_init
                0x08000df4       0x34 obj\debug\src\delay.o
                0x08000df4                timer6_init
 .text.delay_ms
                0x08000e28       0x64 obj\debug\src\delay.o
                0x08000e28                delay_ms
 .text.timer7_init
                0x08000e8c       0x30 obj\debug\src\delay.o
                0x08000e8c                timer7_init
 .text.delay_us
                0x08000ebc       0x9c obj\debug\src\delay.o
                0x08000ebc                delay_us
 .text.init_delay
                0x08000f58       0x12 obj\debug\src\delay.o
                0x08000f58                init_delay
 *fill*         0x08000f6a        0x2 
 .text.__libc_init_array
                0x08000f6c       0x48 c:/program files (x86)/embitz/2.30/share/armgcc/bin/../lib/gcc/arm-none-eabi/9.3.1/../../../../arm-none-eabi/lib/thumb/v6-m/nofp\libg_nano.a(lib_a-init.o)
                0x08000f6c                __libc_init_array
 *(.glue_7)
 .glue_7        0x08000fb4        0x0 linker stubs
 *(.glue_7t)
 .glue_7t       0x08000fb4        0x0 linker stubs
 *(.eh_frame)
 .eh_frame      0x08000fb4        0x0 c:/program files (x86)/embitz/2.30/share/armgcc/bin/../lib/gcc/arm-none-eabi/9.3.1/thumb/v6-m/nofp/crtbegin.o
 *(.init)
 .init          0x08000fb4        0x4 c:/program files (x86)/embitz/2.30/share/armgcc/bin/../lib/gcc/arm-none-eabi/9.3.1/thumb/v6-m/nofp/crti.o
                0x08000fb4                _init
 .init          0x08000fb8        0x8 c:/program files (x86)/embitz/2.30/share/armgcc/bin/../lib/gcc/arm-none-eabi/9.3.1/thumb/v6-m/nofp/crtn.o
 *(.fini)
 .fini          0x08000fc0        0x4 c:/program files (x86)/embitz/2.30/share/armgcc/bin/../lib/gcc/arm-none-eabi/9.3.1/thumb/v6-m/nofp/crti.o
                0x08000fc0                _fini
 .fini          0x08000fc4        0x8 c:/program files (x86)/embitz/2.30/share/armgcc/bin/../lib/gcc/arm-none-eabi/9.3.1/thumb/v6-m/nofp/crtn.o
                0x08000fcc                . = ALIGN (0x4)
                0x08000fcc                _etext = .

.vfp11_veneer   0x08000fcc        0x0
 .vfp11_veneer  0x08000fcc        0x0 linker stubs

.v4_bx          0x08000fcc        0x0
 .v4_bx         0x08000fcc        0x0 linker stubs

.iplt           0x08000fcc        0x0
 .iplt          0x08000fcc        0x0 c:/program files (x86)/embitz/2.30/share/armgcc/bin/../lib/gcc/arm-none-eabi/9.3.1/thumb/v6-m/nofp/crtbegin.o

.rodata         0x08000fcc      0x190
                0x08000fcc                . = ALIGN (0x4)
 *(.rodata)
 .rodata        0x08000fcc       0x33 obj\debug\src\main.o
 *fill*         0x08000fff        0x1 
 .rodata        0x08001000      0x15a obj\debug\src\usart.o
 *(.rodata*)
                0x0800115c                . = ALIGN (0x4)
 *fill*         0x0800115a        0x2 

.rel.dyn        0x0800115c        0x0
 .rel.iplt      0x0800115c        0x0 c:/program files (x86)/embitz/2.30/share/armgcc/bin/../lib/gcc/arm-none-eabi/9.3.1/thumb/v6-m/nofp/crtbegin.o

.ARM.extab
 *(.ARM.extab* .gnu.linkonce.armextab.*)

.ARM            0x0800115c        0x0
                0x0800115c                __exidx_start = .
 *(.ARM.exidx*)
                0x0800115c                __exidx_end = .

.preinit_array  0x0800115c        0x0
                0x0800115c                PROVIDE (__preinit_array_start = .)
 *(.preinit_array*)
                0x0800115c                PROVIDE (__preinit_array_end = .)

.init_array     0x0800115c        0x4
                0x0800115c                PROVIDE (__init_array_start = .)
 *(SORT_BY_NAME(.init_array.*))
 *(.init_array*)
 .init_array    0x0800115c        0x4 c:/program files (x86)/embitz/2.30/share/armgcc/bin/../lib/gcc/arm-none-eabi/9.3.1/thumb/v6-m/nofp/crtbegin.o
                0x08001160                PROVIDE (__init_array_end = .)

.fini_array     0x08001160        0x4
                [!provide]                PROVIDE (__fini_array_start = .)
 *(SORT_BY_NAME(.fini_array.*))
 *(.fini_array*)
 .fini_array    0x08001160        0x4 c:/program files (x86)/embitz/2.30/share/armgcc/bin/../lib/gcc/arm-none-eabi/9.3.1/thumb/v6-m/nofp/crtbegin.o
                [!provide]                PROVIDE (__fini_array_end = .)
                0x08001164                _sidata = LOADADDR (.data)

.data           0x20000000        0x0 load address 0x08001164
                0x20000000                . = ALIGN (0x4)
                0x20000000                _sdata = .
 *(.data)
 *(.data*)
                0x20000000                . = ALIGN (0x4)
                0x20000000                _edata = .

.igot.plt       0x20000000        0x0 load address 0x08001164
 .igot.plt      0x20000000        0x0 c:/program files (x86)/embitz/2.30/share/armgcc/bin/../lib/gcc/arm-none-eabi/9.3.1/thumb/v6-m/nofp/crtbegin.o
                0x20000000                . = ALIGN (0x4)

.bss            0x20000000       0x4c load address 0x08001164
                0x20000000                _sbss = .
                0x20000000                __bss_start__ = _sbss
 *(.bss)
 .bss           0x20000000       0x1c c:/program files (x86)/embitz/2.30/share/armgcc/bin/../lib/gcc/arm-none-eabi/9.3.1/thumb/v6-m/nofp/crtbegin.o
 *(.bss*)
 *(COMMON)
 COMMON         0x2000001c       0x30 obj\debug\src\main.o
                0x2000001c                buffer
                0x20000044                decode_command
                0x20000048                buff_index
                0x2000004c                . = ALIGN (0x4)
                0x2000004c                _ebss = .
                0x2000004c                __bss_end__ = _ebss

.heap           0x2000004c        0x0 load address 0x08001164
                0x2000004c                . = ALIGN (0x4)
                [!provide]                PROVIDE (end = .)
                [!provide]                PROVIDE (_end = .)
 *(.heap*)
                0x2000004c                . = (. + _Min_Heap_Size)
                0x2000004c                __HeapLimit = .
                0x2000004c                . = ALIGN (0x4)

.ARM.attributes
                0x00000000       0x28
 *(.ARM.attributes)
 .ARM.attributes
                0x00000000       0x1e c:/program files (x86)/embitz/2.30/share/armgcc/bin/../lib/gcc/arm-none-eabi/9.3.1/thumb/v6-m/nofp/crti.o
 .ARM.attributes
                0x0000001e       0x2c c:/program files (x86)/embitz/2.30/share/armgcc/bin/../lib/gcc/arm-none-eabi/9.3.1/thumb/v6-m/nofp/crtbegin.o
 .ARM.attributes
                0x0000004a       0x2c obj\debug\src\main.o
 .ARM.attributes
                0x00000076       0x22 obj\debug\src\startup_stm32g0b0xx.o
 .ARM.attributes
                0x00000098       0x2c obj\debug\src\stuw81300.o
 .ARM.attributes
                0x000000c4       0x2c obj\debug\src\system_stm32g0xx.o
 .ARM.attributes
                0x000000f0       0x2c obj\debug\src\usart.o
 .ARM.attributes
                0x0000011c       0x2c obj\debug\src\delay.o
 .ARM.attributes
                0x00000148       0x2c c:/program files (x86)/embitz/2.30/share/armgcc/bin/../lib/gcc/arm-none-eabi/9.3.1/../../../../arm-none-eabi/lib/thumb/v6-m/nofp\libg_nano.a(lib_a-init.o)
 .ARM.attributes
                0x00000174       0x1e c:/program files (x86)/embitz/2.30/share/armgcc/bin/../lib/gcc/arm-none-eabi/9.3.1/thumb/v6-m/nofp/crtn.o
                0x20023f00                __StackLimit = (_estack - _Min_Stack_Size)
                0x00000001                ASSERT ((__StackLimit >= __HeapLimit), Region RAM overflowed with stack)
LOAD obj\debug\src\main.o
LOAD obj\debug\src\startup_stm32g0b0xx.o
LOAD obj\debug\src\stuw81300.o
LOAD obj\debug\src\system_stm32g0xx.o
LOAD obj\debug\src\usart.o
LOAD obj\debug\src\delay.o
START GROUP
LOAD c:/program files (x86)/embitz/2.30/share/armgcc/bin/../lib/gcc/arm-none-eabi/9.3.1/thumb/v6-m/nofp\libgcc.a
LOAD c:/program files (x86)/embitz/2.30/share/armgcc/bin/../lib/gcc/arm-none-eabi/9.3.1/../../../../arm-none-eabi/lib/thumb/v6-m/nofp\libg_nano.a
LOAD c:/program files (x86)/embitz/2.30/share/armgcc/bin/../lib/gcc/arm-none-eabi/9.3.1/../../../../arm-none-eabi/lib/thumb/v6-m/nofp\libc_nano.a
END GROUP
START GROUP
LOAD c:/program files (x86)/embitz/2.30/share/armgcc/bin/../lib/gcc/arm-none-eabi/9.3.1/thumb/v6-m/nofp\libgcc.a
LOAD c:/program files (x86)/embitz/2.30/share/armgcc/bin/../lib/gcc/arm-none-eabi/9.3.1/../../../../arm-none-eabi/lib/thumb/v6-m/nofp\libc_nano.a
LOAD c:/program files (x86)/embitz/2.30/share/armgcc/bin/../lib/gcc/arm-none-eabi/9.3.1/../../../../arm-none-eabi/lib/thumb/v6-m/nofp\libnosys.a
END GROUP
START GROUP
LOAD c:/program files (x86)/embitz/2.30/share/armgcc/bin/../lib/gcc/arm-none-eabi/9.3.1/thumb/v6-m/nofp\libgcc.a
LOAD c:/program files (x86)/embitz/2.30/share/armgcc/bin/../lib/gcc/arm-none-eabi/9.3.1/../../../../arm-none-eabi/lib/thumb/v6-m/nofp\libc_nano.a
LOAD c:/program files (x86)/embitz/2.30/share/armgcc/bin/../lib/gcc/arm-none-eabi/9.3.1/../../../../arm-none-eabi/lib/thumb/v6-m/nofp\libnosys.a
END GROUP
LOAD c:/program files (x86)/embitz/2.30/share/armgcc/bin/../lib/gcc/arm-none-eabi/9.3.1/thumb/v6-m/nofp/crtend.o
LOAD c:/program files (x86)/embitz/2.30/share/armgcc/bin/../lib/gcc/arm-none-eabi/9.3.1/thumb/v6-m/nofp/crtn.o
OUTPUT(bin\Debug\first_startu.elf elf32-littlearm)
LOAD linker stubs

.debug_info     0x00000000     0x22f5
 .debug_info    0x00000000      0x48f obj\debug\src\main.o
 .debug_info    0x0000048f       0x22 obj\debug\src\startup_stm32g0b0xx.o
 .debug_info    0x000004b1      0x272 obj\debug\src\stuw81300.o
 .debug_info    0x00000723      0x2fe obj\debug\src\system_stm32g0xx.o
 .debug_info    0x00000a21     0x1472 obj\debug\src\usart.o
 .debug_info    0x00001e93      0x462 obj\debug\src\delay.o

.debug_abbrev   0x00000000      0x7f5
 .debug_abbrev  0x00000000      0x141 obj\debug\src\main.o
 .debug_abbrev  0x00000141       0x12 obj\debug\src\startup_stm32g0b0xx.o
 .debug_abbrev  0x00000153      0x13a obj\debug\src\stuw81300.o
 .debug_abbrev  0x0000028d      0x113 obj\debug\src\system_stm32g0xx.o
 .debug_abbrev  0x000003a0      0x348 obj\debug\src\usart.o
 .debug_abbrev  0x000006e8      0x10d obj\debug\src\delay.o

.debug_aranges  0x00000000      0x1a0
 .debug_aranges
                0x00000000       0x40 obj\debug\src\main.o
 .debug_aranges
                0x00000040       0x28 obj\debug\src\startup_stm32g0b0xx.o
 .debug_aranges
                0x00000068       0x40 obj\debug\src\stuw81300.o
 .debug_aranges
                0x000000a8       0x28 obj\debug\src\system_stm32g0xx.o
 .debug_aranges
                0x000000d0       0x90 obj\debug\src\usart.o
 .debug_aranges
                0x00000160       0x40 obj\debug\src\delay.o

.debug_ranges   0x00000000      0x178
 .debug_ranges  0x00000000       0x48 obj\debug\src\main.o
 .debug_ranges  0x00000048       0x20 obj\debug\src\startup_stm32g0b0xx.o
 .debug_ranges  0x00000068       0x30 obj\debug\src\stuw81300.o
 .debug_ranges  0x00000098       0x18 obj\debug\src\system_stm32g0xx.o
 .debug_ranges  0x000000b0       0x98 obj\debug\src\usart.o
 .debug_ranges  0x00000148       0x30 obj\debug\src\delay.o

.debug_line     0x00000000     0x1112
 .debug_line    0x00000000      0x2a1 obj\debug\src\main.o
 .debug_line    0x000002a1       0x7b obj\debug\src\startup_stm32g0b0xx.o
 .debug_line    0x0000031c      0x232 obj\debug\src\stuw81300.o
 .debug_line    0x0000054e      0x1b3 obj\debug\src\system_stm32g0xx.o
 .debug_line    0x00000701      0x7de obj\debug\src\usart.o
 .debug_line    0x00000edf      0x233 obj\debug\src\delay.o

.debug_str      0x00000000      0xbee
 .debug_str     0x00000000      0x2f0 obj\debug\src\main.o
                                0x341 (size before relaxing)
 .debug_str     0x000002f0       0x28 obj\debug\src\startup_stm32g0b0xx.o
                                 0x90 (size before relaxing)
 .debug_str     0x00000318       0x6c obj\debug\src\stuw81300.o
                                0x26e (size before relaxing)
 .debug_str     0x00000384       0x5a obj\debug\src\system_stm32g0xx.o
                                0x2db (size before relaxing)
 .debug_str     0x000003de      0x774 obj\debug\src\usart.o
                                0xa87 (size before relaxing)
 .debug_str     0x00000b52       0x9c obj\debug\src\delay.o
                                0x31d (size before relaxing)

.comment        0x00000000       0x4c
 .comment       0x00000000       0x4c obj\debug\src\main.o
                                 0x4d (size before relaxing)
 .comment       0x0000004c       0x4d obj\debug\src\stuw81300.o
 .comment       0x0000004c       0x4d obj\debug\src\system_stm32g0xx.o
 .comment       0x0000004c       0x4d obj\debug\src\usart.o
 .comment       0x0000004c       0x4d obj\debug\src\delay.o

.debug_frame    0x00000000      0x44c
 .debug_frame   0x00000000       0xa0 obj\debug\src\main.o
 .debug_frame   0x000000a0       0xa4 obj\debug\src\stuw81300.o
 .debug_frame   0x00000144       0x4c obj\debug\src\system_stm32g0xx.o
 .debug_frame   0x00000190      0x1ec obj\debug\src\usart.o
 .debug_frame   0x0000037c       0xa4 obj\debug\src\delay.o
 .debug_frame   0x00000420       0x2c c:/program files (x86)/embitz/2.30/share/armgcc/bin/../lib/gcc/arm-none-eabi/9.3.1/../../../../arm-none-eabi/lib/thumb/v6-m/nofp\libg_nano.a(lib_a-init.o)
