Archive member included to satisfy reference by file (symbol)

c:/program files (x86)/embitz/2.30/share/armgcc/bin/../lib/gcc/arm-none-eabi/9.3.1/thumb/v6-m/nofp\libgcc.a(_udivsi3.o)
                              obj\debug\src\system_stm32f0xx.o (__aeabi_uidiv)
c:/program files (x86)/embitz/2.30/share/armgcc/bin/../lib/gcc/arm-none-eabi/9.3.1/thumb/v6-m/nofp\libgcc.a(_divsi3.o)
                              obj\debug\src\usart.o (__aeabi_idiv)
c:/program files (x86)/embitz/2.30/share/armgcc/bin/../lib/gcc/arm-none-eabi/9.3.1/thumb/v6-m/nofp\libgcc.a(_dvmd_tls.o)
                              c:/program files (x86)/embitz/2.30/share/armgcc/bin/../lib/gcc/arm-none-eabi/9.3.1/thumb/v6-m/nofp\libgcc.a(_udivsi3.o) (__aeabi_idiv0)
c:/program files (x86)/embitz/2.30/share/armgcc/bin/../lib/gcc/arm-none-eabi/9.3.1/../../../../arm-none-eabi/lib/thumb/v6-m/nofp\libg_nano.a(lib_a-exit.o)
                              c:/program files (x86)/embitz/2.30/share/armgcc/bin/../lib/gcc/arm-none-eabi/9.3.1/../../../../arm-none-eabi/lib/thumb/v6-m/nofp/crt0.o (exit)
c:/program files (x86)/embitz/2.30/share/armgcc/bin/../lib/gcc/arm-none-eabi/9.3.1/../../../../arm-none-eabi/lib/thumb/v6-m/nofp\libg_nano.a(lib_a-impure.o)
                              c:/program files (x86)/embitz/2.30/share/armgcc/bin/../lib/gcc/arm-none-eabi/9.3.1/../../../../arm-none-eabi/lib/thumb/v6-m/nofp\libg_nano.a(lib_a-exit.o) (_global_impure_ptr)
c:/program files (x86)/embitz/2.30/share/armgcc/bin/../lib/gcc/arm-none-eabi/9.3.1/../../../../arm-none-eabi/lib/thumb/v6-m/nofp\libg_nano.a(lib_a-init.o)
                              c:/program files (x86)/embitz/2.30/share/armgcc/bin/../lib/gcc/arm-none-eabi/9.3.1/../../../../arm-none-eabi/lib/thumb/v6-m/nofp/crt0.o (__libc_init_array)
c:/program files (x86)/embitz/2.30/share/armgcc/bin/../lib/gcc/arm-none-eabi/9.3.1/../../../../arm-none-eabi/lib/thumb/v6-m/nofp\libg_nano.a(lib_a-memset.o)
                              c:/program files (x86)/embitz/2.30/share/armgcc/bin/../lib/gcc/arm-none-eabi/9.3.1/../../../../arm-none-eabi/lib/thumb/v6-m/nofp/crt0.o (memset)
c:/program files (x86)/embitz/2.30/share/armgcc/bin/../lib/gcc/arm-none-eabi/9.3.1/../../../../arm-none-eabi/lib/thumb/v6-m/nofp\libnosys.a(_exit.o)
                              c:/program files (x86)/embitz/2.30/share/armgcc/bin/../lib/gcc/arm-none-eabi/9.3.1/../../../../arm-none-eabi/lib/thumb/v6-m/nofp\libg_nano.a(lib_a-exit.o) (_exit)

Allocating common symbols
Common symbol       size              file

buffer              0x14              obj\debug\src\main.o

Discarded input sections

 .text          0x00000000        0x0 c:/program files (x86)/embitz/2.30/share/armgcc/bin/../lib/gcc/arm-none-eabi/9.3.1/thumb/v6-m/nofp/crti.o
 .data          0x00000000        0x0 c:/program files (x86)/embitz/2.30/share/armgcc/bin/../lib/gcc/arm-none-eabi/9.3.1/thumb/v6-m/nofp/crti.o
 .bss           0x00000000        0x0 c:/program files (x86)/embitz/2.30/share/armgcc/bin/../lib/gcc/arm-none-eabi/9.3.1/thumb/v6-m/nofp/crti.o
 .data          0x00000000        0x4 c:/program files (x86)/embitz/2.30/share/armgcc/bin/../lib/gcc/arm-none-eabi/9.3.1/thumb/v6-m/nofp/crtbegin.o
 .data          0x00000000        0x0 c:/program files (x86)/embitz/2.30/share/armgcc/bin/../lib/gcc/arm-none-eabi/9.3.1/../../../../arm-none-eabi/lib/thumb/v6-m/nofp/crt0.o
 .bss           0x00000000        0x0 c:/program files (x86)/embitz/2.30/share/armgcc/bin/../lib/gcc/arm-none-eabi/9.3.1/../../../../arm-none-eabi/lib/thumb/v6-m/nofp/crt0.o
 .ARM.extab     0x00000000        0x0 c:/program files (x86)/embitz/2.30/share/armgcc/bin/../lib/gcc/arm-none-eabi/9.3.1/../../../../arm-none-eabi/lib/thumb/v6-m/nofp/crt0.o
 .text          0x00000000        0x0 obj\debug\src\delay.o
 .data          0x00000000        0x0 obj\debug\src\delay.o
 .bss           0x00000000        0x0 obj\debug\src\delay.o
 .text          0x00000000        0x0 obj\debug\src\main.o
 .data          0x00000000        0x0 obj\debug\src\main.o
 .bss           0x00000000        0x0 obj\debug\src\main.o
 .data          0x00000000        0x0 obj\debug\src\startup_stm32f0xx.o
 .bss           0x00000000        0x0 obj\debug\src\startup_stm32f0xx.o
 .text          0x00000000        0x0 obj\debug\src\system_stm32f0xx.o
 .data          0x00000000        0x0 obj\debug\src\system_stm32f0xx.o
 .bss           0x00000000        0x0 obj\debug\src\system_stm32f0xx.o
 .data.SystemCoreClock
                0x00000000        0x4 obj\debug\src\system_stm32f0xx.o
 .data.AHBPrescTable
                0x00000000       0x10 obj\debug\src\system_stm32f0xx.o
 .text.SystemCoreClockUpdate
                0x00000000       0xf0 obj\debug\src\system_stm32f0xx.o
 .text          0x00000000        0x0 obj\debug\src\usart.o
 .data          0x00000000        0x0 obj\debug\src\usart.o
 .bss           0x00000000        0x0 obj\debug\src\usart.o
 .text.usart_send_byte
                0x00000000       0x30 obj\debug\src\usart.o
 .text.int_to_dec_string
                0x00000000       0x9c obj\debug\src\usart.o
 .text          0x00000000        0x0 obj\debug\src\attenuator.o
 .data          0x00000000        0x0 obj\debug\src\attenuator.o
 .bss           0x00000000        0x0 obj\debug\src\attenuator.o
 .text          0x00000000      0x114 c:/program files (x86)/embitz/2.30/share/armgcc/bin/../lib/gcc/arm-none-eabi/9.3.1/thumb/v6-m/nofp\libgcc.a(_udivsi3.o)
 .data          0x00000000        0x0 c:/program files (x86)/embitz/2.30/share/armgcc/bin/../lib/gcc/arm-none-eabi/9.3.1/thumb/v6-m/nofp\libgcc.a(_udivsi3.o)
 .bss           0x00000000        0x0 c:/program files (x86)/embitz/2.30/share/armgcc/bin/../lib/gcc/arm-none-eabi/9.3.1/thumb/v6-m/nofp\libgcc.a(_udivsi3.o)
 .debug_frame   0x00000000       0x20 c:/program files (x86)/embitz/2.30/share/armgcc/bin/../lib/gcc/arm-none-eabi/9.3.1/thumb/v6-m/nofp\libgcc.a(_udivsi3.o)
 .ARM.attributes
                0x00000000       0x1e c:/program files (x86)/embitz/2.30/share/armgcc/bin/../lib/gcc/arm-none-eabi/9.3.1/thumb/v6-m/nofp\libgcc.a(_udivsi3.o)
 .text          0x00000000      0x1d4 c:/program files (x86)/embitz/2.30/share/armgcc/bin/../lib/gcc/arm-none-eabi/9.3.1/thumb/v6-m/nofp\libgcc.a(_divsi3.o)
 .data          0x00000000        0x0 c:/program files (x86)/embitz/2.30/share/armgcc/bin/../lib/gcc/arm-none-eabi/9.3.1/thumb/v6-m/nofp\libgcc.a(_divsi3.o)
 .bss           0x00000000        0x0 c:/program files (x86)/embitz/2.30/share/armgcc/bin/../lib/gcc/arm-none-eabi/9.3.1/thumb/v6-m/nofp\libgcc.a(_divsi3.o)
 .debug_frame   0x00000000       0x20 c:/program files (x86)/embitz/2.30/share/armgcc/bin/../lib/gcc/arm-none-eabi/9.3.1/thumb/v6-m/nofp\libgcc.a(_divsi3.o)
 .ARM.attributes
                0x00000000       0x1e c:/program files (x86)/embitz/2.30/share/armgcc/bin/../lib/gcc/arm-none-eabi/9.3.1/thumb/v6-m/nofp\libgcc.a(_divsi3.o)
 .text          0x00000000        0x4 c:/program files (x86)/embitz/2.30/share/armgcc/bin/../lib/gcc/arm-none-eabi/9.3.1/thumb/v6-m/nofp\libgcc.a(_dvmd_tls.o)
 .data          0x00000000        0x0 c:/program files (x86)/embitz/2.30/share/armgcc/bin/../lib/gcc/arm-none-eabi/9.3.1/thumb/v6-m/nofp\libgcc.a(_dvmd_tls.o)
 .bss           0x00000000        0x0 c:/program files (x86)/embitz/2.30/share/armgcc/bin/../lib/gcc/arm-none-eabi/9.3.1/thumb/v6-m/nofp\libgcc.a(_dvmd_tls.o)
 .ARM.attributes
                0x00000000       0x1e c:/program files (x86)/embitz/2.30/share/armgcc/bin/../lib/gcc/arm-none-eabi/9.3.1/thumb/v6-m/nofp\libgcc.a(_dvmd_tls.o)
 .text          0x00000000        0x0 c:/program files (x86)/embitz/2.30/share/armgcc/bin/../lib/gcc/arm-none-eabi/9.3.1/../../../../arm-none-eabi/lib/thumb/v6-m/nofp\libg_nano.a(lib_a-exit.o)
 .data          0x00000000        0x0 c:/program files (x86)/embitz/2.30/share/armgcc/bin/../lib/gcc/arm-none-eabi/9.3.1/../../../../arm-none-eabi/lib/thumb/v6-m/nofp\libg_nano.a(lib_a-exit.o)
 .bss           0x00000000        0x0 c:/program files (x86)/embitz/2.30/share/armgcc/bin/../lib/gcc/arm-none-eabi/9.3.1/../../../../arm-none-eabi/lib/thumb/v6-m/nofp\libg_nano.a(lib_a-exit.o)
 .text          0x00000000        0x0 c:/program files (x86)/embitz/2.30/share/armgcc/bin/../lib/gcc/arm-none-eabi/9.3.1/../../../../arm-none-eabi/lib/thumb/v6-m/nofp\libg_nano.a(lib_a-impure.o)
 .data          0x00000000        0x0 c:/program files (x86)/embitz/2.30/share/armgcc/bin/../lib/gcc/arm-none-eabi/9.3.1/../../../../arm-none-eabi/lib/thumb/v6-m/nofp\libg_nano.a(lib_a-impure.o)
 .bss           0x00000000        0x0 c:/program files (x86)/embitz/2.30/share/armgcc/bin/../lib/gcc/arm-none-eabi/9.3.1/../../../../arm-none-eabi/lib/thumb/v6-m/nofp\libg_nano.a(lib_a-impure.o)
 .data._impure_ptr
                0x00000000        0x4 c:/program files (x86)/embitz/2.30/share/armgcc/bin/../lib/gcc/arm-none-eabi/9.3.1/../../../../arm-none-eabi/lib/thumb/v6-m/nofp\libg_nano.a(lib_a-impure.o)
 .text          0x00000000        0x0 c:/program files (x86)/embitz/2.30/share/armgcc/bin/../lib/gcc/arm-none-eabi/9.3.1/../../../../arm-none-eabi/lib/thumb/v6-m/nofp\libg_nano.a(lib_a-init.o)
 .data          0x00000000        0x0 c:/program files (x86)/embitz/2.30/share/armgcc/bin/../lib/gcc/arm-none-eabi/9.3.1/../../../../arm-none-eabi/lib/thumb/v6-m/nofp\libg_nano.a(lib_a-init.o)
 .bss           0x00000000        0x0 c:/program files (x86)/embitz/2.30/share/armgcc/bin/../lib/gcc/arm-none-eabi/9.3.1/../../../../arm-none-eabi/lib/thumb/v6-m/nofp\libg_nano.a(lib_a-init.o)
 .text          0x00000000        0x0 c:/program files (x86)/embitz/2.30/share/armgcc/bin/../lib/gcc/arm-none-eabi/9.3.1/../../../../arm-none-eabi/lib/thumb/v6-m/nofp\libg_nano.a(lib_a-memset.o)
 .data          0x00000000        0x0 c:/program files (x86)/embitz/2.30/share/armgcc/bin/../lib/gcc/arm-none-eabi/9.3.1/../../../../arm-none-eabi/lib/thumb/v6-m/nofp\libg_nano.a(lib_a-memset.o)
 .bss           0x00000000        0x0 c:/program files (x86)/embitz/2.30/share/armgcc/bin/../lib/gcc/arm-none-eabi/9.3.1/../../../../arm-none-eabi/lib/thumb/v6-m/nofp\libg_nano.a(lib_a-memset.o)
 .text          0x00000000        0x0 c:/program files (x86)/embitz/2.30/share/armgcc/bin/../lib/gcc/arm-none-eabi/9.3.1/../../../../arm-none-eabi/lib/thumb/v6-m/nofp\libnosys.a(_exit.o)
 .data          0x00000000        0x0 c:/program files (x86)/embitz/2.30/share/armgcc/bin/../lib/gcc/arm-none-eabi/9.3.1/../../../../arm-none-eabi/lib/thumb/v6-m/nofp\libnosys.a(_exit.o)
 .bss           0x00000000        0x0 c:/program files (x86)/embitz/2.30/share/armgcc/bin/../lib/gcc/arm-none-eabi/9.3.1/../../../../arm-none-eabi/lib/thumb/v6-m/nofp\libnosys.a(_exit.o)
 .text          0x00000000        0x0 c:/program files (x86)/embitz/2.30/share/armgcc/bin/../lib/gcc/arm-none-eabi/9.3.1/thumb/v6-m/nofp/crtend.o
 .data          0x00000000        0x0 c:/program files (x86)/embitz/2.30/share/armgcc/bin/../lib/gcc/arm-none-eabi/9.3.1/thumb/v6-m/nofp/crtend.o
 .bss           0x00000000        0x0 c:/program files (x86)/embitz/2.30/share/armgcc/bin/../lib/gcc/arm-none-eabi/9.3.1/thumb/v6-m/nofp/crtend.o
 .text          0x00000000        0x0 c:/program files (x86)/embitz/2.30/share/armgcc/bin/../lib/gcc/arm-none-eabi/9.3.1/thumb/v6-m/nofp/crtn.o
 .data          0x00000000        0x0 c:/program files (x86)/embitz/2.30/share/armgcc/bin/../lib/gcc/arm-none-eabi/9.3.1/thumb/v6-m/nofp/crtn.o
 .bss           0x00000000        0x0 c:/program files (x86)/embitz/2.30/share/armgcc/bin/../lib/gcc/arm-none-eabi/9.3.1/thumb/v6-m/nofp/crtn.o

Memory Configuration

Name             Origin             Length             Attributes
ROM              0x08000000         0x00007c00         xr
RAM              0x20000000         0x00001000         xrw
MEM              0x08007c00         0x00000400         xr
*default*        0x00000000         0xffffffff

Linker script and memory map

LOAD c:/program files (x86)/embitz/2.30/share/armgcc/bin/../lib/gcc/arm-none-eabi/9.3.1/thumb/v6-m/nofp/crti.o
LOAD c:/program files (x86)/embitz/2.30/share/armgcc/bin/../lib/gcc/arm-none-eabi/9.3.1/thumb/v6-m/nofp/crtbegin.o
LOAD c:/program files (x86)/embitz/2.30/share/armgcc/bin/../lib/gcc/arm-none-eabi/9.3.1/../../../../arm-none-eabi/lib/thumb/v6-m/nofp/crt0.o
                0x00000000                __HEAP_SIZE = 0x0
                0x00000100                __STACK_SIZE = 0x100

.mem            0x08007c00        0x0
                0x08007c00                . = ALIGN (0x4)
 *(.mem)
                0x08007c00                . = ALIGN (0x4)

.text           0x08000000      0xd68
 *(.isr_vector)
 .isr_vector    0x08000000       0xc4 obj\debug\src\startup_stm32f0xx.o
                0x08000000                __isr_vector
 *(.text*)
 .text          0x080000c4       0x48 c:/program files (x86)/embitz/2.30/share/armgcc/bin/../lib/gcc/arm-none-eabi/9.3.1/thumb/v6-m/nofp/crtbegin.o
 .text          0x0800010c       0x80 c:/program files (x86)/embitz/2.30/share/armgcc/bin/../lib/gcc/arm-none-eabi/9.3.1/../../../../arm-none-eabi/lib/thumb/v6-m/nofp/crt0.o
                0x0800010c                _stack_init
                0x08000118                _start
                0x08000118                _mainCRTStartup
 .text.timer14_init
                0x0800018c       0x38 obj\debug\src\delay.o
                0x0800018c                timer14_init
 .text.delay_ms
                0x080001c4       0x64 obj\debug\src\delay.o
                0x080001c4                delay_ms
 .text.timer16_init
                0x08000228       0x34 obj\debug\src\delay.o
                0x08000228                timer16_init
 .text.delay_us
                0x0800025c       0xd4 obj\debug\src\delay.o
                0x0800025c                delay_us
 .text.main     0x08000330       0x50 obj\debug\src\main.o
                0x08000330                main
 .text.init     0x08000380      0x104 obj\debug\src\main.o
                0x08000380                init
 .text.HardFault_Handler
                0x08000484        0x6 obj\debug\src\main.o
                0x08000484                HardFault_Handler
 *fill*         0x0800048a        0x2 
 .text.USART1_IRQHandler
                0x0800048c       0xdc obj\debug\src\main.o
                0x0800048c                USART1_IRQHandler
 .text          0x08000568       0xa0 obj\debug\src\startup_stm32f0xx.o
                0x08000568                Reset_Handler
                0x080005b2                NMI_Handler
                0x080005b6                SVC_Handler
                0x080005b8                PendSV_Handler
                0x080005ba                SysTick_Handler
                0x080005bc                Default_Handler
                0x080005be                WWDG_IRQHandler
                0x080005c0                PVD_IRQHandler
                0x080005c2                RTC_IRQHandler
                0x080005c4                FLASH_IRQHandler
                0x080005c6                RCC_IRQHandler
                0x080005c8                EXTI0_1_IRQHandler
                0x080005ca                EXTI2_3_IRQHandler
                0x080005cc                EXTI4_15_IRQHandler
                0x080005ce                TS_IRQHandler
                0x080005d0                DMA1_Channel1_IRQHandler
                0x080005d2                DMA1_Channel2_3_IRQHandler
                0x080005d4                DMA1_Channel4_5_IRQHandler
                0x080005d6                ADC1_COMP_IRQHandler
                0x080005d8                TIM1_BRK_UP_TRG_COM_IRQHandler
                0x080005da                TIM1_CC_IRQHandler
                0x080005dc                TIM2_IRQHandler
                0x080005de                TIM3_IRQHandler
                0x080005e0                TIM6_DAC_IRQHandler
                0x080005e2                TIM7_IRQHandler
                0x080005e4                TIM14_IRQHandler
                0x080005e6                TIM15_IRQHandler
                0x080005e8                TIM16_IRQHandler
                0x080005ea                TIM17_IRQHandler
                0x080005ec                I2C1_IRQHandler
                0x080005ee                I2C2_IRQHandler
                0x080005f0                SPI1_IRQHandler
                0x080005f2                SPI2_IRQHandler
                0x080005f6                USART2_IRQHandler
                0x080005f8                USART3_4_IRQHandler
                0x080005fa                CEC_IRQHandler
                0x080005fc                USB_IRQHandler
                0x080005fe                BootRAM
 .text.SystemInit
                0x08000608       0x8c obj\debug\src\system_stm32f0xx.o
                0x08000608                SystemInit
 .text.SetSysClock
                0x08000694       0x8c obj\debug\src\system_stm32f0xx.o
 .text.NVIC_EnableIRQ
                0x08000720       0x2c obj\debug\src\usart.o
 .text.NVIC_SetPriority
                0x0800074c       0xdc obj\debug\src\usart.o
 .text.usart_init
                0x08000828       0x80 obj\debug\src\usart.o
                0x08000828                usart_init
 .text.usart_send_string
                0x080008a8       0x48 obj\debug\src\usart.o
                0x080008a8                usart_send_string
 .text.string_to_int
                0x080008f0       0xcc obj\debug\src\usart.o
                0x080008f0                string_to_int
 .text.compare_string
                0x080009bc       0x4c obj\debug\src\usart.o
                0x080009bc                compare_string
 .text.command_decode
                0x08000a08       0xb4 obj\debug\src\usart.o
                0x08000a08                command_decode
 .text.attenuator_send
                0x08000abc       0xc8 obj\debug\src\attenuator.o
                0x08000abc                attenuator_send
 .text.attenuator_init
                0x08000b84       0x46 obj\debug\src\attenuator.o
                0x08000b84                attenuator_init
 *fill*         0x08000bca        0x2 
 .text.exit     0x08000bcc       0x2c c:/program files (x86)/embitz/2.30/share/armgcc/bin/../lib/gcc/arm-none-eabi/9.3.1/../../../../arm-none-eabi/lib/thumb/v6-m/nofp\libg_nano.a(lib_a-exit.o)
                0x08000bcc                exit
 .text.__libc_init_array
                0x08000bf8       0x48 c:/program files (x86)/embitz/2.30/share/armgcc/bin/../lib/gcc/arm-none-eabi/9.3.1/../../../../arm-none-eabi/lib/thumb/v6-m/nofp\libg_nano.a(lib_a-init.o)
                0x08000bf8                __libc_init_array
 .text.memset   0x08000c40       0x10 c:/program files (x86)/embitz/2.30/share/armgcc/bin/../lib/gcc/arm-none-eabi/9.3.1/../../../../arm-none-eabi/lib/thumb/v6-m/nofp\libg_nano.a(lib_a-memset.o)
                0x08000c40                memset
 .text._exit    0x08000c50        0x4 c:/program files (x86)/embitz/2.30/share/armgcc/bin/../lib/gcc/arm-none-eabi/9.3.1/../../../../arm-none-eabi/lib/thumb/v6-m/nofp\libnosys.a(_exit.o)
                0x08000c50                _exit
 *(.init)
 .init          0x08000c54        0x4 c:/program files (x86)/embitz/2.30/share/armgcc/bin/../lib/gcc/arm-none-eabi/9.3.1/thumb/v6-m/nofp/crti.o
                0x08000c54                _init
 .init          0x08000c58        0x8 c:/program files (x86)/embitz/2.30/share/armgcc/bin/../lib/gcc/arm-none-eabi/9.3.1/thumb/v6-m/nofp/crtn.o
 *(.fini)
 .fini          0x08000c60        0x4 c:/program files (x86)/embitz/2.30/share/armgcc/bin/../lib/gcc/arm-none-eabi/9.3.1/thumb/v6-m/nofp/crti.o
                0x08000c60                _fini
 .fini          0x08000c64        0x8 c:/program files (x86)/embitz/2.30/share/armgcc/bin/../lib/gcc/arm-none-eabi/9.3.1/thumb/v6-m/nofp/crtn.o
 *crtbegin.o(.ctors)
 *crtbegin?.o(.ctors)
 *(EXCLUDE_FILE(*crtend.o *crtend?.o) .ctors)
 *(SORT_BY_NAME(.ctors.*))
 *(.ctors)
 *crtbegin.o(.dtors)
 *crtbegin?.o(.dtors)
 *(EXCLUDE_FILE(*crtend.o *crtend?.o) .dtors)
 *(SORT_BY_NAME(.dtors.*))
 *(.dtors)
 *(.rodata*)
 .rodata        0x08000c6c       0x14 obj\debug\src\main.o
 .rodata        0x08000c80       0xde obj\debug\src\usart.o
 *fill*         0x08000d5e        0x2 
 .rodata._global_impure_ptr
                0x08000d60        0x4 c:/program files (x86)/embitz/2.30/share/armgcc/bin/../lib/gcc/arm-none-eabi/9.3.1/../../../../arm-none-eabi/lib/thumb/v6-m/nofp\libg_nano.a(lib_a-impure.o)
                0x08000d60                _global_impure_ptr
 *(.eh_frame*)
 .eh_frame      0x08000d64        0x0 c:/program files (x86)/embitz/2.30/share/armgcc/bin/../lib/gcc/arm-none-eabi/9.3.1/thumb/v6-m/nofp/crtbegin.o
 .eh_frame      0x08000d64        0x4 c:/program files (x86)/embitz/2.30/share/armgcc/bin/../lib/gcc/arm-none-eabi/9.3.1/thumb/v6-m/nofp/crtend.o

.glue_7         0x08000d68        0x0
 .glue_7        0x08000d68        0x0 linker stubs

.glue_7t        0x08000d68        0x0
 .glue_7t       0x08000d68        0x0 linker stubs

.vfp11_veneer   0x08000d68        0x0
 .vfp11_veneer  0x08000d68        0x0 linker stubs

.v4_bx          0x08000d68        0x0
 .v4_bx         0x08000d68        0x0 linker stubs

.iplt           0x08000d68        0x0
 .iplt          0x08000d68        0x0 c:/program files (x86)/embitz/2.30/share/armgcc/bin/../lib/gcc/arm-none-eabi/9.3.1/thumb/v6-m/nofp/crtbegin.o

.ARM.extab
 *(.ARM.extab* .gnu.linkonce.armextab.*)
                0x08000d68                __exidx_start = .

.ARM.exidx      0x08000d68        0x8
 *(.ARM.exidx* .gnu.linkonce.armexidx.*)
 .ARM.exidx     0x08000d68        0x8 c:/program files (x86)/embitz/2.30/share/armgcc/bin/../lib/gcc/arm-none-eabi/9.3.1/../../../../arm-none-eabi/lib/thumb/v6-m/nofp/crt0.o
                                 0x10 (size before relaxing)
                0x08000d70                __exidx_end = .
                0x08000d70                __etext = .

.rel.dyn        0x08000d70        0x0
 .rel.iplt      0x08000d70        0x0 c:/program files (x86)/embitz/2.30/share/armgcc/bin/../lib/gcc/arm-none-eabi/9.3.1/thumb/v6-m/nofp/crtbegin.o

.data           0x20000000       0x68 load address 0x08000d70
                0x20000000                __data_start__ = .
 *(vtable)
 *(.data*)
 .data.impure_data
                0x20000000       0x60 c:/program files (x86)/embitz/2.30/share/armgcc/bin/../lib/gcc/arm-none-eabi/9.3.1/../../../../arm-none-eabi/lib/thumb/v6-m/nofp\libg_nano.a(lib_a-impure.o)
                0x20000060                . = ALIGN (0x4)
                0x20000060                PROVIDE (__preinit_array_start = .)
 *(.preinit_array)
                0x20000060                PROVIDE (__preinit_array_end = .)
                0x20000060                . = ALIGN (0x4)
                0x20000060                PROVIDE (__init_array_start = .)
 *(SORT_BY_NAME(.init_array.*))
 *(.init_array)
 .init_array    0x20000060        0x4 c:/program files (x86)/embitz/2.30/share/armgcc/bin/../lib/gcc/arm-none-eabi/9.3.1/thumb/v6-m/nofp/crtbegin.o
                0x20000064                PROVIDE (__init_array_end = .)
                0x20000064                . = ALIGN (0x4)
                [!provide]                PROVIDE (__fini_array_start = .)
 *(SORT_BY_NAME(.fini_array.*))
 *(.fini_array)
 .fini_array    0x20000064        0x4 c:/program files (x86)/embitz/2.30/share/armgcc/bin/../lib/gcc/arm-none-eabi/9.3.1/thumb/v6-m/nofp/crtbegin.o
                [!provide]                PROVIDE (__fini_array_end = .)
                0x20000068                . = ALIGN (0x4)
                0x20000068                __data_end__ = .

.igot.plt       0x20000068        0x0 load address 0x08000dd8
 .igot.plt      0x20000068        0x0 c:/program files (x86)/embitz/2.30/share/armgcc/bin/../lib/gcc/arm-none-eabi/9.3.1/thumb/v6-m/nofp/crtbegin.o

.bss            0x20000068       0x38 load address 0x08000dd8
                0x20000068                __bss_start__ = .
 *(.bss*)
 .bss           0x20000068       0x1c c:/program files (x86)/embitz/2.30/share/armgcc/bin/../lib/gcc/arm-none-eabi/9.3.1/thumb/v6-m/nofp/crtbegin.o
 .bss.buff_index
                0x20000084        0x4 obj\debug\src\main.o
                0x20000084                buff_index
 .bss.decode_command
                0x20000088        0x4 obj\debug\src\main.o
                0x20000088                decode_command
 *(COMMON)
 COMMON         0x2000008c       0x14 obj\debug\src\main.o
                0x2000008c                buffer
                0x200000a0                __bss_end__ = .

.heap           0x200000a0        0x0
                0x200000a0                __end__ = .
                0x200000a0                end = __end__
 *(.heap*)
 .heap          0x200000a0        0x0 obj\debug\src\startup_stm32f0xx.o
                0x200000a0                __HeapLimit = .

.stack_dummy    0x200000a0      0x100
 *(.stack)
 .stack         0x200000a0      0x100 obj\debug\src\startup_stm32f0xx.o
                0x20001000                __StackTop = (ORIGIN (RAM) + LENGTH (RAM))
                0x20000f00                __StackLimit = (__StackTop - SIZEOF (.stack_dummy))
                0x20001000                PROVIDE (__stack = __StackTop)
                0x00000001                ASSERT ((__StackLimit >= __HeapLimit), region RAM overflowed with stack)
LOAD obj\debug\src\delay.o
LOAD obj\debug\src\main.o
LOAD obj\debug\src\startup_stm32f0xx.o
LOAD obj\debug\src\system_stm32f0xx.o
LOAD obj\debug\src\usart.o
LOAD obj\debug\src\attenuator.o
START GROUP
LOAD c:/program files (x86)/embitz/2.30/share/armgcc/bin/../lib/gcc/arm-none-eabi/9.3.1/thumb/v6-m/nofp\libgcc.a
LOAD c:/program files (x86)/embitz/2.30/share/armgcc/bin/../lib/gcc/arm-none-eabi/9.3.1/../../../../arm-none-eabi/lib/thumb/v6-m/nofp\libg_nano.a
LOAD c:/program files (x86)/embitz/2.30/share/armgcc/bin/../lib/gcc/arm-none-eabi/9.3.1/../../../../arm-none-eabi/lib/thumb/v6-m/nofp\libc_nano.a
END GROUP
START GROUP
LOAD c:/program files (x86)/embitz/2.30/share/armgcc/bin/../lib/gcc/arm-none-eabi/9.3.1/thumb/v6-m/nofp\libgcc.a
LOAD c:/program files (x86)/embitz/2.30/share/armgcc/bin/../lib/gcc/arm-none-eabi/9.3.1/../../../../arm-none-eabi/lib/thumb/v6-m/nofp\libc_nano.a
LOAD c:/program files (x86)/embitz/2.30/share/armgcc/bin/../lib/gcc/arm-none-eabi/9.3.1/../../../../arm-none-eabi/lib/thumb/v6-m/nofp\libnosys.a
END GROUP
START GROUP
LOAD c:/program files (x86)/embitz/2.30/share/armgcc/bin/../lib/gcc/arm-none-eabi/9.3.1/thumb/v6-m/nofp\libgcc.a
LOAD c:/program files (x86)/embitz/2.30/share/armgcc/bin/../lib/gcc/arm-none-eabi/9.3.1/../../../../arm-none-eabi/lib/thumb/v6-m/nofp\libc_nano.a
LOAD c:/program files (x86)/embitz/2.30/share/armgcc/bin/../lib/gcc/arm-none-eabi/9.3.1/../../../../arm-none-eabi/lib/thumb/v6-m/nofp\libnosys.a
END GROUP
LOAD c:/program files (x86)/embitz/2.30/share/armgcc/bin/../lib/gcc/arm-none-eabi/9.3.1/thumb/v6-m/nofp/crtend.o
LOAD c:/program files (x86)/embitz/2.30/share/armgcc/bin/../lib/gcc/arm-none-eabi/9.3.1/thumb/v6-m/nofp/crtn.o
OUTPUT(bin\Debug\EBitz2_IZVOR_6_GHZ_STM32F030K6.elf elf32-littlearm)
LOAD linker stubs

.ARM.attributes
                0x00000000       0x28
 .ARM.attributes
                0x00000000       0x1e c:/program files (x86)/embitz/2.30/share/armgcc/bin/../lib/gcc/arm-none-eabi/9.3.1/thumb/v6-m/nofp/crti.o
 .ARM.attributes
                0x0000001e       0x2c c:/program files (x86)/embitz/2.30/share/armgcc/bin/../lib/gcc/arm-none-eabi/9.3.1/thumb/v6-m/nofp/crtbegin.o
 .ARM.attributes
                0x0000004a       0x1b c:/program files (x86)/embitz/2.30/share/armgcc/bin/../lib/gcc/arm-none-eabi/9.3.1/../../../../arm-none-eabi/lib/thumb/v6-m/nofp/crt0.o
 .ARM.attributes
                0x00000065       0x2c obj\debug\src\delay.o
 .ARM.attributes
                0x00000091       0x2c obj\debug\src\main.o
 .ARM.attributes
                0x000000bd       0x1b obj\debug\src\startup_stm32f0xx.o
 .ARM.attributes
                0x000000d8       0x2c obj\debug\src\system_stm32f0xx.o
 .ARM.attributes
                0x00000104       0x2c obj\debug\src\usart.o
 .ARM.attributes
                0x00000130       0x2c obj\debug\src\attenuator.o
 .ARM.attributes
                0x0000015c       0x2c c:/program files (x86)/embitz/2.30/share/armgcc/bin/../lib/gcc/arm-none-eabi/9.3.1/../../../../arm-none-eabi/lib/thumb/v6-m/nofp\libg_nano.a(lib_a-exit.o)
 .ARM.attributes
                0x00000188       0x2c c:/program files (x86)/embitz/2.30/share/armgcc/bin/../lib/gcc/arm-none-eabi/9.3.1/../../../../arm-none-eabi/lib/thumb/v6-m/nofp\libg_nano.a(lib_a-impure.o)
 .ARM.attributes
                0x000001b4       0x2c c:/program files (x86)/embitz/2.30/share/armgcc/bin/../lib/gcc/arm-none-eabi/9.3.1/../../../../arm-none-eabi/lib/thumb/v6-m/nofp\libg_nano.a(lib_a-init.o)
 .ARM.attributes
                0x000001e0       0x2c c:/program files (x86)/embitz/2.30/share/armgcc/bin/../lib/gcc/arm-none-eabi/9.3.1/../../../../arm-none-eabi/lib/thumb/v6-m/nofp\libg_nano.a(lib_a-memset.o)
 .ARM.attributes
                0x0000020c       0x2c c:/program files (x86)/embitz/2.30/share/armgcc/bin/../lib/gcc/arm-none-eabi/9.3.1/../../../../arm-none-eabi/lib/thumb/v6-m/nofp\libnosys.a(_exit.o)
 .ARM.attributes
                0x00000238       0x2c c:/program files (x86)/embitz/2.30/share/armgcc/bin/../lib/gcc/arm-none-eabi/9.3.1/thumb/v6-m/nofp/crtend.o
 .ARM.attributes
                0x00000264       0x1e c:/program files (x86)/embitz/2.30/share/armgcc/bin/../lib/gcc/arm-none-eabi/9.3.1/thumb/v6-m/nofp/crtn.o

.comment        0x00000000       0x4c
 .comment       0x00000000       0x4c obj\debug\src\delay.o
                                 0x4d (size before relaxing)
 .comment       0x0000004c       0x4d obj\debug\src\main.o
 .comment       0x0000004c       0x4d obj\debug\src\system_stm32f0xx.o
 .comment       0x0000004c       0x4d obj\debug\src\usart.o
 .comment       0x0000004c       0x4d obj\debug\src\attenuator.o

.debug_info     0x00000000     0x2584
 .debug_info    0x00000000      0x4e4 obj\debug\src\delay.o
 .debug_info    0x000004e4      0xc6e obj\debug\src\main.o
 .debug_info    0x00001152       0x26 obj\debug\src\startup_stm32f0xx.o
 .debug_info    0x00001178      0x2d1 obj\debug\src\system_stm32f0xx.o
 .debug_info    0x00001449      0xfb3 obj\debug\src\usart.o
 .debug_info    0x000023fc      0x188 obj\debug\src\attenuator.o

.debug_abbrev   0x00000000      0x8fa
 .debug_abbrev  0x00000000       0xfc obj\debug\src\delay.o
 .debug_abbrev  0x000000fc      0x24a obj\debug\src\main.o
 .debug_abbrev  0x00000346       0x14 obj\debug\src\startup_stm32f0xx.o
 .debug_abbrev  0x0000035a      0x16f obj\debug\src\system_stm32f0xx.o
 .debug_abbrev  0x000004c9      0x314 obj\debug\src\usart.o
 .debug_abbrev  0x000007dd      0x11d obj\debug\src\attenuator.o

.debug_aranges  0x00000000      0x148
 .debug_aranges
                0x00000000       0x38 obj\debug\src\delay.o
 .debug_aranges
                0x00000038       0x38 obj\debug\src\main.o
 .debug_aranges
                0x00000070       0x20 obj\debug\src\startup_stm32f0xx.o
 .debug_aranges
                0x00000090       0x30 obj\debug\src\system_stm32f0xx.o
 .debug_aranges
                0x000000c0       0x60 obj\debug\src\usart.o
 .debug_aranges
                0x00000120       0x28 obj\debug\src\attenuator.o

.debug_ranges   0x00000000       0xf0
 .debug_ranges  0x00000000       0x28 obj\debug\src\delay.o
 .debug_ranges  0x00000028       0x40 obj\debug\src\main.o
 .debug_ranges  0x00000068       0x20 obj\debug\src\system_stm32f0xx.o
 .debug_ranges  0x00000088       0x50 obj\debug\src\usart.o
 .debug_ranges  0x000000d8       0x18 obj\debug\src\attenuator.o

.debug_line     0x00000000      0xf58
 .debug_line    0x00000000      0x2c8 obj\debug\src\delay.o
 .debug_line    0x000002c8      0x380 obj\debug\src\main.o
 .debug_line    0x00000648       0x99 obj\debug\src\startup_stm32f0xx.o
 .debug_line    0x000006e1      0x22b obj\debug\src\system_stm32f0xx.o
 .debug_line    0x0000090c      0x4c4 obj\debug\src\usart.o
 .debug_line    0x00000dd0      0x188 obj\debug\src\attenuator.o

.debug_str      0x00000000      0xa53
 .debug_str     0x00000000      0x24f obj\debug\src\delay.o
                                0x28c (size before relaxing)
 .debug_str     0x0000024f      0x491 obj\debug\src\main.o
                                0x6d1 (size before relaxing)
 .debug_str     0x000006e0       0x26 obj\debug\src\startup_stm32f0xx.o
                                 0x95 (size before relaxing)
 .debug_str     0x00000706       0x9f obj\debug\src\system_stm32f0xx.o
                                0x2b5 (size before relaxing)
 .debug_str     0x000007a5      0x27d obj\debug\src\usart.o
                                0x8de (size before relaxing)
 .debug_str     0x00000a22       0x31 obj\debug\src\attenuator.o
                                0x21e (size before relaxing)

.debug_frame    0x00000000      0x380
 .debug_frame   0x00000000       0x88 obj\debug\src\delay.o
 .debug_frame   0x00000088       0x84 obj\debug\src\main.o
 .debug_frame   0x0000010c       0x68 obj\debug\src\system_stm32f0xx.o
 .debug_frame   0x00000174      0x12c obj\debug\src\usart.o
 .debug_frame   0x000002a0       0x4c obj\debug\src\attenuator.o
 .debug_frame   0x000002ec       0x28 c:/program files (x86)/embitz/2.30/share/armgcc/bin/../lib/gcc/arm-none-eabi/9.3.1/../../../../arm-none-eabi/lib/thumb/v6-m/nofp\libg_nano.a(lib_a-exit.o)
 .debug_frame   0x00000314       0x2c c:/program files (x86)/embitz/2.30/share/armgcc/bin/../lib/gcc/arm-none-eabi/9.3.1/../../../../arm-none-eabi/lib/thumb/v6-m/nofp\libg_nano.a(lib_a-init.o)
 .debug_frame   0x00000340       0x20 c:/program files (x86)/embitz/2.30/share/armgcc/bin/../lib/gcc/arm-none-eabi/9.3.1/../../../../arm-none-eabi/lib/thumb/v6-m/nofp\libg_nano.a(lib_a-memset.o)
 .debug_frame   0x00000360       0x20 c:/program files (x86)/embitz/2.30/share/armgcc/bin/../lib/gcc/arm-none-eabi/9.3.1/../../../../arm-none-eabi/lib/thumb/v6-m/nofp\libnosys.a(_exit.o)
